Archive member included to satisfy reference by file (symbol)

C:\Users\Christopher\Documents\GitHub\Nucleo_IMU/mbed/TARGET_NUCLEO_L152RE/TOOLCHAIN_GCC_ARM\libmbed.a(analogin_api.o)
                              ..\obj\main.o (analogin_init)
C:\Users\Christopher\Documents\GitHub\Nucleo_IMU/mbed/TARGET_NUCLEO_L152RE/TOOLCHAIN_GCC_ARM\libmbed.a(gpio_irq_api.o)
                              ..\obj\cc3000_spi.o (gpio_irq_set)
C:\Users\Christopher\Documents\GitHub\Nucleo_IMU/mbed/TARGET_NUCLEO_L152RE/TOOLCHAIN_GCC_ARM\libmbed.a(pinmap.o)
                              C:\Users\Christopher\Documents\GitHub\Nucleo_IMU/mbed/TARGET_NUCLEO_L152RE/TOOLCHAIN_GCC_ARM\libmbed.a(gpio_irq_api.o) (Set_GPIO_Clock)
C:\Users\Christopher\Documents\GitHub\Nucleo_IMU/mbed/TARGET_NUCLEO_L152RE/TOOLCHAIN_GCC_ARM\libmbed.a(serial_api.o)
                              C:\Users\Christopher\Documents\GitHub\Nucleo_IMU/mbed/TARGET_NUCLEO_L152RE/TOOLCHAIN_GCC_ARM/retarget.o (serial_init)
C:\Users\Christopher\Documents\GitHub\Nucleo_IMU/mbed/TARGET_NUCLEO_L152RE/TOOLCHAIN_GCC_ARM\libmbed.a(FileSystemLike.o)
                              ..\obj\FATFileSystem.o (mbed::FileSystemLike::FileSystemLike(char const*))
C:\Users\Christopher\Documents\GitHub\Nucleo_IMU/mbed/TARGET_NUCLEO_L152RE/TOOLCHAIN_GCC_ARM\libmbed.a(FilePath.o)
                              C:\Users\Christopher\Documents\GitHub\Nucleo_IMU/mbed/TARGET_NUCLEO_L152RE/TOOLCHAIN_GCC_ARM/retarget.o (mbed::FilePath::FilePath(char const*))
C:\Users\Christopher\Documents\GitHub\Nucleo_IMU/mbed/TARGET_NUCLEO_L152RE/TOOLCHAIN_GCC_ARM\libmbed.a(InterruptIn.o)
                              ..\obj\cc3000_spi.o (mbed::InterruptIn::~InterruptIn())
C:\Users\Christopher\Documents\GitHub\Nucleo_IMU/mbed/TARGET_NUCLEO_L152RE/TOOLCHAIN_GCC_ARM\libmbed.a(SPI.o)
                              ..\obj\SDFileSystem.o (mbed::SPI::SPI(PinName, PinName, PinName, PinName))
C:\Users\Christopher\Documents\GitHub\Nucleo_IMU/mbed/TARGET_NUCLEO_L152RE/TOOLCHAIN_GCC_ARM\libmbed.a(Serial.o)
                              ..\obj\main.o (mbed::Serial::Serial(PinName, PinName, char const*))
C:\Users\Christopher\Documents\GitHub\Nucleo_IMU/mbed/TARGET_NUCLEO_L152RE/TOOLCHAIN_GCC_ARM\libmbed.a(SerialBase.o)
                              C:\Users\Christopher\Documents\GitHub\Nucleo_IMU/mbed/TARGET_NUCLEO_L152RE/TOOLCHAIN_GCC_ARM\libmbed.a(Serial.o) (mbed::SerialBase::SerialBase(PinName, PinName))
C:\Users\Christopher\Documents\GitHub\Nucleo_IMU/mbed/TARGET_NUCLEO_L152RE/TOOLCHAIN_GCC_ARM\libmbed.a(Stream.o)
                              C:\Users\Christopher\Documents\GitHub\Nucleo_IMU/mbed/TARGET_NUCLEO_L152RE/TOOLCHAIN_GCC_ARM\libmbed.a(Serial.o) (mbed::Stream::close())
C:\Users\Christopher\Documents\GitHub\Nucleo_IMU/mbed/TARGET_NUCLEO_L152RE/TOOLCHAIN_GCC_ARM\libmbed.a(Ticker.o)
                              ..\obj\main.o (mbed::Ticker::detach())
C:\Users\Christopher\Documents\GitHub\Nucleo_IMU/mbed/TARGET_NUCLEO_L152RE/TOOLCHAIN_GCC_ARM\libmbed.a(assert.o)
                              ..\obj\cc3000_spi.o (mbed_assert_internal)
C:\Users\Christopher\Documents\GitHub\Nucleo_IMU/mbed/TARGET_NUCLEO_L152RE/TOOLCHAIN_GCC_ARM\libmbed.a(Timer.o)
                              ..\obj\SDFileSystem.o (mbed::Timer::Timer())
C:\Users\Christopher\Documents\GitHub\Nucleo_IMU/mbed/TARGET_NUCLEO_L152RE/TOOLCHAIN_GCC_ARM\libmbed.a(TimerEvent.o)
                              ..\obj\main.o (mbed::TimerEvent::TimerEvent())
C:\Users\Christopher\Documents\GitHub\Nucleo_IMU/mbed/TARGET_NUCLEO_L152RE/TOOLCHAIN_GCC_ARM\libmbed.a(gpio.o)
                              C:\Users\Christopher\Documents\GitHub\Nucleo_IMU/mbed/TARGET_NUCLEO_L152RE/TOOLCHAIN_GCC_ARM\libmbed.a(InterruptIn.o) (gpio_init_in)
C:\Users\Christopher\Documents\GitHub\Nucleo_IMU/mbed/TARGET_NUCLEO_L152RE/TOOLCHAIN_GCC_ARM\libmbed.a(error.o)
                              C:\Users\Christopher\Documents\GitHub\Nucleo_IMU/mbed/TARGET_NUCLEO_L152RE/TOOLCHAIN_GCC_ARM/retarget.o (error)
C:\Users\Christopher\Documents\GitHub\Nucleo_IMU/mbed/TARGET_NUCLEO_L152RE/TOOLCHAIN_GCC_ARM\libmbed.a(pinmap_common.o)
                              C:\Users\Christopher\Documents\GitHub\Nucleo_IMU/mbed/TARGET_NUCLEO_L152RE/TOOLCHAIN_GCC_ARM\libmbed.a(analogin_api.o) (pinmap_pinout)
C:\Users\Christopher\Documents\GitHub\Nucleo_IMU/mbed/TARGET_NUCLEO_L152RE/TOOLCHAIN_GCC_ARM\libmbed.a(rtc_time.o)
                              ..\obj\FATFileSystem.o (time)
C:\Users\Christopher\Documents\GitHub\Nucleo_IMU/mbed/TARGET_NUCLEO_L152RE/TOOLCHAIN_GCC_ARM\libmbed.a(us_ticker_api.o)
                              C:\Users\Christopher\Documents\GitHub\Nucleo_IMU/mbed/TARGET_NUCLEO_L152RE/TOOLCHAIN_GCC_ARM\libmbed.a(Timer.o) (get_us_ticker_data)
C:\Users\Christopher\Documents\GitHub\Nucleo_IMU/mbed/TARGET_NUCLEO_L152RE/TOOLCHAIN_GCC_ARM\libmbed.a(ticker_api.o)
[...]
Memory Configuration

Name             Origin             Length             Attributes
FLASH            0x08000000         0x00080000         xr
RAM              0x2000013c         0x00013ec4         xrw
*default*        0x00000000         0xffffffff

Linker script and memory map

LOAD c:/program files (x86)/gnu tools arm embedded/5.3 2016q1/bin/../lib/gcc/arm-none-eabi/5.3.1/armv7-m/crti.o
LOAD c:/program files (x86)/gnu tools arm embedded/5.3 2016q1/bin/../lib/gcc/arm-none-eabi/5.3.1/armv7-m/crtbegin.o
LOAD c:/program files (x86)/gnu tools arm embedded/5.3 2016q1/bin/../lib/gcc/arm-none-eabi/5.3.1/../../../../arm-none-eabi/lib/armv7-m/crt0.o
LOAD C:\Users\Christopher\Documents\GitHub\Nucleo_IMU/mbed/TARGET_NUCLEO_L152RE/TOOLCHAIN_GCC_ARM/stm32l1xx_hal_flash_ramfunc.o
LOAD C:\Users\Christopher\Documents\GitHub\Nucleo_IMU/mbed/TARGET_NUCLEO_L152RE/TOOLCHAIN_GCC_ARM/board.o
LOAD C:\Users\Christopher\Documents\GitHub\Nucleo_IMU/mbed/TARGET_NUCLEO_L152RE/TOOLCHAIN_GCC_ARM/cmsis_nvic.o
LOAD C:\Users\Christopher\Documents\GitHub\Nucleo_IMU/mbed/TARGET_NUCLEO_L152RE/TOOLCHAIN_GCC_ARM/hal_tick.o
LOAD C:\Users\Christopher\Documents\GitHub\Nucleo_IMU/mbed/TARGET_NUCLEO_L152RE/TOOLCHAIN_GCC_ARM/mbed_overrides.o
LOAD C:\Users\Christopher\Documents\GitHub\Nucleo_IMU/mbed/TARGET_NUCLEO_L152RE/TOOLCHAIN_GCC_ARM/retarget.o
LOAD C:\Users\Christopher\Documents\GitHub\Nucleo_IMU/mbed/TARGET_NUCLEO_L152RE/TOOLCHAIN_GCC_ARM/startup_stm32l152xe.o
LOAD C:\Users\Christopher\Documents\GitHub\Nucleo_IMU/mbed/TARGET_NUCLEO_L152RE/TOOLCHAIN_GCC_ARM/stm32l1xx_hal.o
LOAD C:\Users\Christopher\Documents\GitHub\Nucleo_IMU/mbed/TARGET_NUCLEO_L152RE/TOOLCHAIN_GCC_ARM/stm32l1xx_hal_adc.o
LOAD C:\Users\Christopher\Documents\GitHub\Nucleo_IMU/mbed/TARGET_NUCLEO_L152RE/TOOLCHAIN_GCC_ARM/stm32l1xx_hal_adc_ex.o
LOAD C:\Users\Christopher\Documents\GitHub\Nucleo_IMU/mbed/TARGET_NUCLEO_L152RE/TOOLCHAIN_GCC_ARM/stm32l1xx_hal_comp.o
LOAD C:\Users\Christopher\Documents\GitHub\Nucleo_IMU/mbed/TARGET_NUCLEO_L152RE/TOOLCHAIN_GCC_ARM/stm32l1xx_hal_cortex.o
LOAD C:\Users\Christopher\Documents\GitHub\Nucleo_IMU/mbed/TARGET_NUCLEO_L152RE/TOOLCHAIN_GCC_ARM/stm32l1xx_hal_crc.o
LOAD C:\Users\Christopher\Documents\GitHub\Nucleo_IMU/mbed/TARGET_NUCLEO_L152RE/TOOLCHAIN_GCC_ARM/stm32l1xx_hal_cryp.o
LOAD C:\Users\Christopher\Documents\GitHub\Nucleo_IMU/mbed/TARGET_NUCLEO_L152RE/TOOLCHAIN_GCC_ARM/stm32l1xx_hal_cryp_ex.o
LOAD C:\Users\Christopher\Documents\GitHub\Nucleo_IMU/mbed/TARGET_NUCLEO_L152RE/TOOLCHAIN_GCC_ARM/stm32l1xx_hal_dac.o
LOAD C:\Users\Christopher\Documents\GitHub\Nucleo_IMU/mbed/TARGET_NUCLEO_L152RE/TOOLCHAIN_GCC_ARM/stm32l1xx_hal_dac_ex.o
LOAD C:\Users\Christopher\Documents\GitHub\Nucleo_IMU/mbed/TARGET_NUCLEO_L152RE/TOOLCHAIN_GCC_ARM/stm32l1xx_hal_dma.o
LOAD C:\Users\Christopher\Documents\GitHub\Nucleo_IMU/mbed/TARGET_NUCLEO_L152RE/TOOLCHAIN_GCC_ARM/stm32l1xx_hal_flash.o
LOAD C:\Users\Christopher\Documents\GitHub\Nucleo_IMU/mbed/TARGET_NUCLEO_L152RE/TOOLCHAIN_GCC_ARM/stm32l1xx_hal_flash_ex.o
LOAD C:\Users\Christopher\Documents\GitHub\Nucleo_IMU/mbed/TARGET_NUCLEO_L152RE/TOOLCHAIN_GCC_ARM/stm32l1xx_hal_smartcard.o
LOAD C:\Users\Christopher\Documents\GitHub\Nucleo_IMU/mbed/TARGET_NUCLEO_L152RE/TOOLCHAIN_GCC_ARM/stm32l1xx_hal_gpio.o
LOAD C:\Users\Christopher\Documents\GitHub\Nucleo_IMU/mbed/TARGET_NUCLEO_L152RE/TOOLCHAIN_GCC_ARM/stm32l1xx_hal_i2c.o
LOAD C:\Users\Christopher\Documents\GitHub\Nucleo_IMU/mbed/TARGET_NUCLEO_L152RE/TOOLCHAIN_GCC_ARM/stm32l1xx_hal_i2s.o
LOAD C:\Users\Christopher\Documents\GitHub\Nucleo_IMU/mbed/TARGET_NUCLEO_L152RE/TOOLCHAIN_GCC_ARM/stm32l1xx_hal_irda.o
LOAD C:\Users\Christopher\Documents\GitHub\Nucleo_IMU/mbed/TARGET_NUCLEO_L152RE/TOOLCHAIN_GCC_ARM/stm32l1xx_hal_iwdg.o
LOAD C:\Users\Christopher\Documents\GitHub\Nucleo_IMU/mbed/TARGET_NUCLEO_L152RE/TOOLCHAIN_GCC_ARM/stm32l1xx_hal_lcd.o
LOAD C:\Users\Christopher\Documents\GitHub\Nucleo_IMU/mbed/TARGET_NUCLEO_L152RE/TOOLCHAIN_GCC_ARM/stm32l1xx_hal_nor.o
LOAD C:\Users\Christopher\Documents\GitHub\Nucleo_IMU/mbed/TARGET_NUCLEO_L152RE/TOOLCHAIN_GCC_ARM/stm32l1xx_hal_opamp.o
LOAD C:\Users\Christopher\Documents\GitHub\Nucleo_IMU/mbed/TARGET_NUCLEO_L152RE/TOOLCHAIN_GCC_ARM/stm32l1xx_hal_opamp_ex.o
LOAD C:\Users\Christopher\Documents\GitHub\Nucleo_IMU/mbed/TARGET_NUCLEO_L152RE/TOOLCHAIN_GCC_ARM/stm32l1xx_hal_pcd.o
LOAD C:\Users\Christopher\Documents\GitHub\Nucleo_IMU/mbed/TARGET_NUCLEO_L152RE/TOOLCHAIN_GCC_ARM/stm32l1xx_hal_pcd_ex.o
LOAD C:\Users\Christopher\Documents\GitHub\Nucleo_IMU/mbed/TARGET_NUCLEO_L152RE/TOOLCHAIN_GCC_ARM/stm32l1xx_hal_pwr.o
LOAD C:\Users\Christopher\Documents\GitHub\Nucleo_IMU/mbed/TARGET_NUCLEO_L152RE/TOOLCHAIN_GCC_ARM/stm32l1xx_hal_pwr_ex.o
LOAD C:\Users\Christopher\Documents\GitHub\Nucleo_IMU/mbed/TARGET_NUCLEO_L152RE/TOOLCHAIN_GCC_ARM/stm32l1xx_hal_rcc.o
LOAD C:\Users\Christopher\Documents\GitHub\Nucleo_IMU/mbed/TARGET_NUCLEO_L152RE/TOOLCHAIN_GCC_ARM/stm32l1xx_hal_rcc_ex.o
LOAD C:\Users\Christopher\Documents\GitHub\Nucleo_IMU/mbed/TARGET_NUCLEO_L152RE/TOOLCHAIN_GCC_ARM/stm32l1xx_hal_rtc.o
LOAD C:\Users\Christopher\Documents\GitHub\Nucleo_IMU/mbed/TARGET_NUCLEO_L152RE/TOOLCHAIN_GCC_ARM/stm32l1xx_hal_rtc_ex.o
LOAD C:\Users\Christopher\Documents\GitHub\Nucleo_IMU/mbed/TARGET_NUCLEO_L152RE/TOOLCHAIN_GCC_ARM/stm32l1xx_hal_sd.o
LOAD C:\Users\Christopher\Documents\GitHub\Nucleo_IMU/mbed/TARGET_NUCLEO_L152RE/TOOLCHAIN_GCC_ARM/stm32l1xx_hal_spi.o
LOAD C:\Users\Christopher\Documents\GitHub\Nucleo_IMU/mbed/TARGET_NUCLEO_L152RE/TOOLCHAIN_GCC_ARM/stm32l1xx_hal_spi_ex.o
LOAD C:\Users\Christopher\Documents\GitHub\Nucleo_IMU/mbed/TARGET_NUCLEO_L152RE/TOOLCHAIN_GCC_ARM/stm32l1xx_hal_sram.o
LOAD C:\Users\Christopher\Documents\GitHub\Nucleo_IMU/mbed/TARGET_NUCLEO_L152RE/TOOLCHAIN_GCC_ARM/stm32l1xx_hal_tim.o
LOAD C:\Users\Christopher\Documents\GitHub\Nucleo_IMU/mbed/TARGET_NUCLEO_L152RE/TOOLCHAIN_GCC_ARM/stm32l1xx_hal_tim_ex.o
LOAD C:\Users\Christopher\Documents\GitHub\Nucleo_IMU/mbed/TARGET_NUCLEO_L152RE/TOOLCHAIN_GCC_ARM/stm32l1xx_hal_uart.o
LOAD C:\Users\Christopher\Documents\GitHub\Nucleo_IMU/mbed/TARGET_NUCLEO_L152RE/TOOLCHAIN_GCC_ARM/stm32l1xx_hal_usart.o
LOAD C:\Users\Christopher\Documents\GitHub\Nucleo_IMU/mbed/TARGET_NUCLEO_L152RE/TOOLCHAIN_GCC_ARM/stm32l1xx_hal_wwdg.o
LOAD C:\Users\Christopher\Documents\GitHub\Nucleo_IMU/mbed/TARGET_NUCLEO_L152RE/TOOLCHAIN_GCC_ARM/stm32l1xx_ll_fsmc.o
LOAD C:\Users\Christopher\Documents\GitHub\Nucleo_IMU/mbed/TARGET_NUCLEO_L152RE/TOOLCHAIN_GCC_ARM/stm32l1xx_ll_sdmmc.o
LOAD C:\Users\Christopher\Documents\GitHub\Nucleo_IMU/mbed/TARGET_NUCLEO_L152RE/TOOLCHAIN_GCC_ARM/system_stm32l1xx.o

.text           0x08000000     0xcc0c
 *(.isr_vector)
 .isr_vector    0x08000000      0x13c C:\Users\Christopher\Documents\GitHub\Nucleo_IMU/mbed/TARGET_NUCLEO_L152RE/TOOLCHAIN_GCC_ARM/startup_stm32l152xe.o
                0x08000000                g_pfnVectors
 *(.text*)
 .text          0x0800013c       0x5c c:/program files (x86)/gnu tools arm embedded/5.3 2016q1/bin/../lib/gcc/arm-none-eabi/5.3.1/armv7-m/crtbegin.o
 .text          0x08000198       0x74 c:/program files (x86)/gnu tools arm embedded/5.3 2016q1/bin/../lib/gcc/arm-none-eabi/5.3.1/../../../../arm-none-eabi/lib/armv7-m/crt0.o
                0x08000198                _start
                0x08000198                _mainCRTStartup
 .text.mbed_die
                0x0800020c       0x14 C:\Users\Christopher\Documents\GitHub\Nucleo_IMU/mbed/TARGET_NUCLEO_L152RE/TOOLCHAIN_GCC_ARM/board.o
                0x0800020c                mbed_die
 .text.NVIC_SetVector
                0x08000220       0x48 C:\Users\Christopher\Documents\GitHub\Nucleo_IMU/mbed/TARGET_NUCLEO_L152RE/TOOLCHAIN_GCC_ARM/cmsis_nvic.o
                0x08000220                NVIC_SetVector
 .text.timer_irq_handler
                0x08000268       0x48 C:\Users\Christopher\Documents\GitHub\Nucleo_IMU/mbed/TARGET_NUCLEO_L152RE/TOOLCHAIN_GCC_ARM/hal_tick.o
                0x08000268                timer_irq_handler
 .text.HAL_InitTick
                0x080002b0       0xa4 C:\Users\Christopher\Documents\GitHub\Nucleo_IMU/mbed/TARGET_NUCLEO_L152RE/TOOLCHAIN_GCC_ARM/hal_tick.o
                0x080002b0                HAL_InitTick
 .text.mbed_sdk_init
                0x08000354        0x4 C:\Users\Christopher\Documents\GitHub\Nucleo_IMU/mbed/TARGET_NUCLEO_L152RE/TOOLCHAIN_GCC_ARM/mbed_overrides.o
                0x08000354                mbed_sdk_init
 .text._ZN4mbed10FileHandle4flenEv
                0x08000358       0x34 C:\Users\Christopher\Documents\GitHub\Nucleo_IMU/mbed/TARGET_NUCLEO_L152RE/TOOLCHAIN_GCC_ARM/retarget.o
                0x08000358                mbed::FileHandle::flen()
 .text._ZN4mbed14FileSystemLike6removeEPKc
                0x0800038c        0x8 C:\Users\Christopher\Documents\GitHub\Nucleo_IMU/mbed/TARGET_NUCLEO_L152RE/TOOLCHAIN_GCC_ARM/retarget.o
                0x0800038c                mbed::FileSystemLike::remove(char const*)
 .text._ZN4mbed14FileSystemLike6renameEPKcS2_
                0x08000394        0x8 C:\Users\Christopher\Documents\GitHub\Nucleo_IMU/mbed/TARGET_NUCLEO_L152RE/TOOLCHAIN_GCC_ARM/retarget.o
                0x08000394                mbed::FileSystemLike::rename(char const*, char const*)
 .text._ZN4mbed14FileSystemLike7opendirEPKc
                0x0800039c        0x4 C:\Users\Christopher\Documents\GitHub\Nucleo_IMU/mbed/TARGET_NUCLEO_L152RE/TOOLCHAIN_GCC_ARM/retarget.o
                0x0800039c                mbed::FileSystemLike::opendir(char const*)
 .text._ZN4mbed14FileSystemLike5mkdirEPKcj
                0x080003a0        0x8 C:\Users\Christopher\Documents\GitHub\Nucleo_IMU/mbed/TARGET_NUCLEO_L152RE/TOOLCHAIN_GCC_ARM/retarget.o
                0x080003a0                mbed::FileSystemLike::mkdir(char const*, unsigned int)
 .text._ZL11init_serialv.part.0
                0x080003a8       0x10 C:\Users\Christopher\Documents\GitHub\Nucleo_IMU/mbed/TARGET_NUCLEO_L152RE/TOOLCHAIN_GCC_ARM/retarget.o
 .text._ZN4mbed10FileHandleD2Ev
                0x080003b8       0x2c C:\Users\Christopher\Documents\GitHub\Nucleo_IMU/mbed/TARGET_NUCLEO_L152RE/TOOLCHAIN_GCC_ARM/retarget.o
                0x080003b8                mbed::FileHandle::~FileHandle()
                0x080003b8                mbed::FileHandle::~FileHandle()
 .text._open    0x080003e4       0xfc C:\Users\Christopher\Documents\GitHub\Nucleo_IMU/mbed/TARGET_NUCLEO_L152RE/TOOLCHAIN_GCC_ARM/retarget.o
                0x080003e4                _open
 .text._close   0x080004e0       0x28 C:\Users\Christopher\Documents\GitHub\Nucleo_IMU/mbed/TARGET_NUCLEO_L152RE/TOOLCHAIN_GCC_ARM/retarget.o
                0x080004e0                _close
 .text._write   0x08000508       0x4c C:\Users\Christopher\Documents\GitHub\Nucleo_IMU/mbed/TARGET_NUCLEO_L152RE/TOOLCHAIN_GCC_ARM/retarget.o
                0x08000508                _write
 .text._read    0x08000554       0x44 C:\Users\Christopher\Documents\GitHub\Nucleo_IMU/mbed/TARGET_NUCLEO_L152RE/TOOLCHAIN_GCC_ARM/retarget.o
                0x08000554                _read
 .text._isatty  0x08000598       0x24 C:\Users\Christopher\Documents\GitHub\Nucleo_IMU/mbed/TARGET_NUCLEO_L152RE/TOOLCHAIN_GCC_ARM/retarget.o
                0x08000598                _isatty
 .text._lseek   0x080005bc       0x24 C:\Users\Christopher\Documents\GitHub\Nucleo_IMU/mbed/TARGET_NUCLEO_L152RE/TOOLCHAIN_GCC_ARM/retarget.o
                0x080005bc                _lseek
 .text._fstat   0x080005e0       0x20 C:\Users\Christopher\Documents\GitHub\Nucleo_IMU/mbed/TARGET_NUCLEO_L152RE/TOOLCHAIN_GCC_ARM/retarget.o
                0x080005e0                _fstat
 .text.mkdir    0x08000600       0x44 C:\Users\Christopher\Documents\GitHub\Nucleo_IMU/mbed/TARGET_NUCLEO_L152RE/TOOLCHAIN_GCC_ARM/retarget.o
                0x08000600                mkdir
 .text.__cxa_pure_virtual
                0x08000644        0x8 C:\Users\Christopher\Documents\GitHub\Nucleo_IMU/mbed/TARGET_NUCLEO_L152RE/TOOLCHAIN_GCC_ARM/retarget.o
                0x08000644                __cxa_pure_virtual
 .text.mbed_main
                0x0800064c        0x4 C:\Users\Christopher\Documents\GitHub\Nucleo_IMU/mbed/TARGET_NUCLEO_L152RE/TOOLCHAIN_GCC_ARM/retarget.o
                0x0800064c                mbed_main
 .text.__wrap_main
                0x08000650       0x14 C:\Users\Christopher\Documents\GitHub\Nucleo_IMU/mbed/TARGET_NUCLEO_L152RE/TOOLCHAIN_GCC_ARM/retarget.o
                0x08000650                __wrap_main
 .text._sbrk    0x08000664       0x28 C:\Users\Christopher\Documents\GitHub\Nucleo_IMU/mbed/TARGET_NUCLEO_L152RE/TOOLCHAIN_GCC_ARM/retarget.o
                0x08000664                _sbrk
 .text._exit    0x0800068c       0x24 C:\Users\Christopher\Documents\GitHub\Nucleo_IMU/mbed/TARGET_NUCLEO_L152RE/TOOLCHAIN_GCC_ARM/retarget.o
                0x0800068c                _exit
 .text._ZN4mbed26mbed_set_unbuffered_streamEP7__sFILE
                0x080006b0        0x8 C:\Users\Christopher\Documents\GitHub\Nucleo_IMU/mbed/TARGET_NUCLEO_L152RE/TOOLCHAIN_GCC_ARM/retarget.o
                0x080006b0                mbed::mbed_set_unbuffered_stream(__sFILE*)
 .text._ZN4mbed9mbed_getcEP7__sFILE
                0x080006b8        0x4 C:\Users\Christopher\Documents\GitHub\Nucleo_IMU/mbed/TARGET_NUCLEO_L152RE/TOOLCHAIN_GCC_ARM/retarget.o
                0x080006b8                mbed::mbed_getc(__sFILE*)
 .text.Reset_Handler
                0x080006bc       0x4c C:\Users\Christopher\Documents\GitHub\Nucleo_IMU/mbed/TARGET_NUCLEO_L152RE/TOOLCHAIN_GCC_ARM/startup_stm32l152xe.o
                0x080006bc                Reset_Handler
 .text.Default_Handler
                0x08000708        0x2 C:\Users\Christopher\Documents\GitHub\Nucleo_IMU/mbed/TARGET_NUCLEO_L152RE/TOOLCHAIN_GCC_ARM/startup_stm32l152xe.o
                0x08000708                RTC_Alarm_IRQHandler
                0x08000708                EXTI2_IRQHandler
                0x08000708                COMP_ACQ_IRQHandler
                0x08000708                DebugMon_Handler
                0x08000708                HardFault_Handler
                0x08000708                TIM10_IRQHandler
                0x08000708                USB_HP_IRQHandler
                0x08000708                TIM6_IRQHandler
                0x08000708                SysTick_Handler
                0x08000708                PVD_IRQHandler
                0x08000708                PendSV_Handler
                0x08000708                NMI_Handler
                0x08000708                EXTI3_IRQHandler
                0x08000708                EXTI0_IRQHandler
                0x08000708                I2C2_EV_IRQHandler
                0x08000708                UsageFault_Handler
                0x08000708                SPI1_IRQHandler
                0x08000708                USB_FS_WKUP_IRQHandler
                0x08000708                DMA2_Channel2_IRQHandler
                0x08000708                DMA1_Channel4_IRQHandler
                0x08000708                ADC1_IRQHandler
                0x08000708                USART3_IRQHandler
                0x08000708                DMA1_Channel7_IRQHandler
                0x08000708                LCD_IRQHandler
                0x08000708                UART5_IRQHandler
                0x08000708                TIM4_IRQHandler
                0x08000708                DMA2_Channel1_IRQHandler
                0x08000708                I2C1_EV_IRQHandler
                0x08000708                DMA1_Channel6_IRQHandler
                0x08000708                UART4_IRQHandler
                0x08000708                DMA2_Channel4_IRQHandler
                0x08000708                TIM3_IRQHandler
                0x08000708                RCC_IRQHandler
                0x08000708                DMA1_Channel1_IRQHandler
                0x08000708                Default_Handler
                0x08000708                EXTI15_10_IRQHandler
                0x08000708                TIM7_IRQHandler
                0x08000708                TIM5_IRQHandler
                0x08000708                EXTI9_5_IRQHandler
                0x08000708                TIM9_IRQHandler
                0x08000708                TAMPER_STAMP_IRQHandler
                0x08000708                RTC_WKUP_IRQHandler
                0x08000708                SPI2_IRQHandler
                0x08000708                MemManage_Handler
                0x08000708                SVC_Handler
                0x08000708                DMA2_Channel5_IRQHandler
                0x08000708                DMA1_Channel5_IRQHandler
                0x08000708                USB_LP_IRQHandler
                0x08000708                EXTI4_IRQHandler
                0x08000708                DMA1_Channel3_IRQHandler
                0x08000708                COMP_IRQHandler
                0x08000708                WWDG_IRQHandler
                0x08000708                TIM2_IRQHandler
                0x08000708                DAC_IRQHandler
                0x08000708                EXTI1_IRQHandler
                0x08000708                TIM11_IRQHandler
                0x08000708                USART2_IRQHandler
                0x08000708                I2C2_ER_IRQHandler
                0x08000708                DMA1_Channel2_IRQHandler
                0x08000708                FLASH_IRQHandler
                0x08000708                BusFault_Handler
                0x08000708                USART1_IRQHandler
                0x08000708                SPI3_IRQHandler
                0x08000708                I2C1_ER_IRQHandler
                0x08000708                DMA2_Channel3_IRQHandler
 *fill*         0x0800070a        0x2 
 .text.HAL_MspInit
                0x0800070c        0x4 C:\Users\Christopher\Documents\GitHub\Nucleo_IMU/mbed/TARGET_NUCLEO_L152RE/TOOLCHAIN_GCC_ARM/stm32l1xx_hal.o
                0x0800070c                HAL_MspInit
 .text.HAL_Init
                0x08000710       0x2c C:\Users\Christopher\Documents\GitHub\Nucleo_IMU/mbed/TARGET_NUCLEO_L152RE/TOOLCHAIN_GCC_ARM/stm32l1xx_hal.o
                0x08000710                HAL_Init
 .text.HAL_IncTick
                0x0800073c       0x10 C:\Users\Christopher\Documents\GitHub\Nucleo_IMU/mbed/TARGET_NUCLEO_L152RE/TOOLCHAIN_GCC_ARM/stm32l1xx_hal.o
                0x0800073c                HAL_IncTick
 .text.HAL_GetTick
                0x0800074c        0xc C:\Users\Christopher\Documents\GitHub\Nucleo_IMU/mbed/TARGET_NUCLEO_L152RE/TOOLCHAIN_GCC_ARM/stm32l1xx_hal.o
                0x0800074c                HAL_GetTick
 .text.HAL_ADC_MspInit
                0x08000758        0x4 C:\Users\Christopher\Documents\GitHub\Nucleo_IMU/mbed/TARGET_NUCLEO_L152RE/TOOLCHAIN_GCC_ARM/stm32l1xx_hal_adc.o
                0x08000758                HAL_ADC_MspInit
 .text.HAL_ADC_Init
                0x0800075c      0x140 C:\Users\Christopher\Documents\GitHub\Nucleo_IMU/mbed/TARGET_NUCLEO_L152RE/TOOLCHAIN_GCC_ARM/stm32l1xx_hal_adc.o
                0x0800075c                HAL_ADC_Init
 .text.HAL_ADC_PollForConversion
                0x0800089c       0x70 C:\Users\Christopher\Documents\GitHub\Nucleo_IMU/mbed/TARGET_NUCLEO_L152RE/TOOLCHAIN_GCC_ARM/stm32l1xx_hal_adc.o
                0x0800089c                HAL_ADC_PollForConversion
 .text.HAL_ADC_GetValue
                0x0800090c        0x8 C:\Users\Christopher\Documents\GitHub\Nucleo_IMU/mbed/TARGET_NUCLEO_L152RE/TOOLCHAIN_GCC_ARM/stm32l1xx_hal_adc.o
                0x0800090c                HAL_ADC_GetValue
 .text.HAL_ADC_ConfigChannel
                0x08000914      0x13c C:\Users\Christopher\Documents\GitHub\Nucleo_IMU/mbed/TARGET_NUCLEO_L152RE/TOOLCHAIN_GCC_ARM/stm32l1xx_hal_adc.o
                0x08000914                HAL_ADC_ConfigChannel
 .text.ADC_Enable
                0x08000a50       0x50 C:\Users\Christopher\Documents\GitHub\Nucleo_IMU/mbed/TARGET_NUCLEO_L152RE/TOOLCHAIN_GCC_ARM/stm32l1xx_hal_adc.o
                0x08000a50                ADC_Enable
 .text.HAL_ADC_Start
                0x08000aa0       0x54 C:\Users\Christopher\Documents\GitHub\Nucleo_IMU/mbed/TARGET_NUCLEO_L152RE/TOOLCHAIN_GCC_ARM/stm32l1xx_hal_adc.o
                0x08000aa0                HAL_ADC_Start
 .text.HAL_NVIC_SetPriorityGrouping
                0x08000af4       0x24 C:\Users\Christopher\Documents\GitHub\Nucleo_IMU/mbed/TARGET_NUCLEO_L152RE/TOOLCHAIN_GCC_ARM/stm32l1xx_hal_cortex.o
                0x08000af4                HAL_NVIC_SetPriorityGrouping
 .text.HAL_GPIO_Init
                0x08000b18      0x1e8 C:\Users\Christopher\Documents\GitHub\Nucleo_IMU/mbed/TARGET_NUCLEO_L152RE/TOOLCHAIN_GCC_ARM/stm32l1xx_hal_gpio.o
                0x08000b18                HAL_GPIO_Init
 .text.HAL_PWR_EnableBkUpAccess
                0x08000d00       0x1c C:\Users\Christopher\Documents\GitHub\Nucleo_IMU/mbed/TARGET_NUCLEO_L152RE/TOOLCHAIN_GCC_ARM/stm32l1xx_hal_pwr.o
                0x08000d00                HAL_PWR_EnableBkUpAccess
 .text.HAL_RCC_OscConfig
                0x08000d1c      0x688 C:\Users\Christopher\Documents\GitHub\Nucleo_IMU/mbed/TARGET_NUCLEO_L152RE/TOOLCHAIN_GCC_ARM/stm32l1xx_hal_rcc.o
                0x08000d1c                HAL_RCC_OscConfig
 .text.HAL_RCC_ClockConfig
                0x080013a4      0x25c C:\Users\Christopher\Documents\GitHub\Nucleo_IMU/mbed/TARGET_NUCLEO_L152RE/TOOLCHAIN_GCC_ARM/stm32l1xx_hal_rcc.o
                0x080013a4                HAL_RCC_ClockConfig
 .text.HAL_RCC_GetSysClockFreq
                0x08001600       0x98 C:\Users\Christopher\Documents\GitHub\Nucleo_IMU/mbed/TARGET_NUCLEO_L152RE/TOOLCHAIN_GCC_ARM/stm32l1xx_hal_rcc.o
                0x08001600                HAL_RCC_GetSysClockFreq
 .text.HAL_RCC_GetHCLKFreq
                0x08001698       0x34 C:\Users\Christopher\Documents\GitHub\Nucleo_IMU/mbed/TARGET_NUCLEO_L152RE/TOOLCHAIN_GCC_ARM/stm32l1xx_hal_rcc.o
                0x08001698                HAL_RCC_GetHCLKFreq
 .text.HAL_RCC_GetPCLK1Freq
                0x080016cc       0x2c C:\Users\Christopher\Documents\GitHub\Nucleo_IMU/mbed/TARGET_NUCLEO_L152RE/TOOLCHAIN_GCC_ARM/stm32l1xx_hal_rcc.o
                0x080016cc                HAL_RCC_GetPCLK1Freq
 .text.HAL_RCC_GetPCLK2Freq
                0x080016f8       0x2c C:\Users\Christopher\Documents\GitHub\Nucleo_IMU/mbed/TARGET_NUCLEO_L152RE/TOOLCHAIN_GCC_ARM/stm32l1xx_hal_rcc.o
                0x080016f8                HAL_RCC_GetPCLK2Freq
 .text.HAL_RTC_MspInit
                0x08001724        0x4 C:\Users\Christopher\Documents\GitHub\Nucleo_IMU/mbed/TARGET_NUCLEO_L152RE/TOOLCHAIN_GCC_ARM/stm32l1xx_hal_rtc.o
                0x08001724                HAL_RTC_MspInit
 .text.HAL_RTC_GetDate
                0x08001728       0x58 C:\Users\Christopher\Documents\GitHub\Nucleo_IMU/mbed/TARGET_NUCLEO_L152RE/TOOLCHAIN_GCC_ARM/stm32l1xx_hal_rtc.o
                0x08001728                HAL_RTC_GetDate
 .text.RTC_EnterInitMode
                0x08001780       0x34 C:\Users\Christopher\Documents\GitHub\Nucleo_IMU/mbed/TARGET_NUCLEO_L152RE/TOOLCHAIN_GCC_ARM/stm32l1xx_hal_rtc.o
                0x08001780                RTC_EnterInitMode
 .text.HAL_RTC_Init
                0x080017b4       0x8c C:\Users\Christopher\Documents\GitHub\Nucleo_IMU/mbed/TARGET_NUCLEO_L152RE/TOOLCHAIN_GCC_ARM/stm32l1xx_hal_rtc.o
                0x080017b4                HAL_RTC_Init
 .text.HAL_RTC_SetTime
                0x08001840      0x134 C:\Users\Christopher\Documents\GitHub\Nucleo_IMU/mbed/TARGET_NUCLEO_L152RE/TOOLCHAIN_GCC_ARM/stm32l1xx_hal_rtc.o
                0x08001840                HAL_RTC_SetTime
 .text.HAL_RTC_SetDate
                0x08001974      0x100 C:\Users\Christopher\Documents\GitHub\Nucleo_IMU/mbed/TARGET_NUCLEO_L152RE/TOOLCHAIN_GCC_ARM/stm32l1xx_hal_rtc.o
                0x08001974                HAL_RTC_SetDate
 .text.RTC_Bcd2ToByte
                0x08001a74       0x14 C:\Users\Christopher\Documents\GitHub\Nucleo_IMU/mbed/TARGET_NUCLEO_L152RE/TOOLCHAIN_GCC_ARM/stm32l1xx_hal_rtc.o
                0x08001a74                RTC_Bcd2ToByte
 .text.HAL_RTC_GetTime
                0x08001a88       0x44 C:\Users\Christopher\Documents\GitHub\Nucleo_IMU/mbed/TARGET_NUCLEO_L152RE/TOOLCHAIN_GCC_ARM/stm32l1xx_hal_rtc_ex.o
                0x08001a88                HAL_RTC_GetTime
 .text.HAL_RTC_WaitForSynchro
                0x08001acc       0x38 C:\Users\Christopher\Documents\GitHub\Nucleo_IMU/mbed/TARGET_NUCLEO_L152RE/TOOLCHAIN_GCC_ARM/stm32l1xx_hal_rtc_ex.o
                0x08001acc                HAL_RTC_WaitForSynchro
 .text.HAL_SPI_MspInit
                0x08001b04        0x4 C:\Users\Christopher\Documents\GitHub\Nucleo_IMU/mbed/TARGET_NUCLEO_L152RE/TOOLCHAIN_GCC_ARM/stm32l1xx_hal_spi.o
                0x08001b04                HAL_SPI_MspInit
 .text.HAL_SPI_Init
                0x08001b08       0x7c C:\Users\Christopher\Documents\GitHub\Nucleo_IMU/mbed/TARGET_NUCLEO_L152RE/TOOLCHAIN_GCC_ARM/stm32l1xx_hal_spi_ex.o
                0x08001b08                HAL_SPI_Init
 .text.TIM_Base_SetConfig
                0x08001b84       0x64 C:\Users\Christopher\Documents\GitHub\Nucleo_IMU/mbed/TARGET_NUCLEO_L152RE/TOOLCHAIN_GCC_ARM/stm32l1xx_hal_tim.o
 .text.HAL_TIM_OC_MspInit
                0x08001be8        0x4 C:\Users\Christopher\Documents\GitHub\Nucleo_IMU/mbed/TARGET_NUCLEO_L152RE/TOOLCHAIN_GCC_ARM/stm32l1xx_hal_tim.o
                0x08001be8                HAL_TIM_OC_MspInit
 .text.HAL_TIM_OC_Init
                0x08001bec       0x30 C:\Users\Christopher\Documents\GitHub\Nucleo_IMU/mbed/TARGET_NUCLEO_L152RE/TOOLCHAIN_GCC_ARM/stm32l1xx_hal_tim.o
                0x08001bec                HAL_TIM_OC_Init
 .text.HAL_TIM_OC_Start
                0x08001c1c       0x24 C:\Users\Christopher\Documents\GitHub\Nucleo_IMU/mbed/TARGET_NUCLEO_L152RE/TOOLCHAIN_GCC_ARM/stm32l1xx_hal_tim.o
                0x08001c1c                HAL_TIM_OC_Start
 .text.UART_SetConfig
                0x08001c40      0x17c C:\Users\Christopher\Documents\GitHub\Nucleo_IMU/mbed/TARGET_NUCLEO_L152RE/TOOLCHAIN_GCC_ARM/stm32l1xx_hal_uart.o
 .text.HAL_UART_MspInit
                0x08001dbc        0x4 C:\Users\Christopher\Documents\GitHub\Nucleo_IMU/mbed/TARGET_NUCLEO_L152RE/TOOLCHAIN_GCC_ARM/stm32l1xx_hal_uart.o
                0x08001dbc                HAL_UART_MspInit
 .text.HAL_UART_Init
                0x08001dc0       0x58 C:\Users\Christopher\Documents\GitHub\Nucleo_IMU/mbed/TARGET_NUCLEO_L152RE/TOOLCHAIN_GCC_ARM/stm32l1xx_hal_uart.o
                0x08001dc0                HAL_UART_Init
 .text.SystemCoreClockUpdate
                0x08001e18       0x8c C:\Users\Christopher\Documents\GitHub\Nucleo_IMU/mbed/TARGET_NUCLEO_L152RE/TOOLCHAIN_GCC_ARM/system_stm32l1xx.o
                0x08001e18                SystemCoreClockUpdate
 .text.SetSysClock_PLL_HSE
                0x08001ea4       0xa0 C:\Users\Christopher\Documents\GitHub\Nucleo_IMU/mbed/TARGET_NUCLEO_L152RE/TOOLCHAIN_GCC_ARM/system_stm32l1xx.o
                0x08001ea4                SetSysClock_PLL_HSE
 .text.SetSysClock_PLL_HSI
                0x08001f44       0x7c C:\Users\Christopher\Documents\GitHub\Nucleo_IMU/mbed/TARGET_NUCLEO_L152RE/TOOLCHAIN_GCC_ARM/system_stm32l1xx.o
                0x08001f44                SetSysClock_PLL_HSI
 .text.SetSysClock
                0x08001fc0       0x20 C:\Users\Christopher\Documents\GitHub\Nucleo_IMU/mbed/TARGET_NUCLEO_L152RE/TOOLCHAIN_GCC_ARM/system_stm32l1xx.o
                0x08001fc0                SetSysClock
 .text.SystemInit
                0x08001fe0       0x70 C:\Users\Christopher\Documents\GitHub\Nucleo_IMU/mbed/TARGET_NUCLEO_L152RE/TOOLCHAIN_GCC_ARM/system_stm32l1xx.o
                0x08001fe0                SystemInit
 .text.minmea_isfield
                0x08002050       0x2c ..\obj\minmea.o
 .text.hex2int  0x0800207c       0x2a ..\obj\minmea.o
 *fill*         0x080020a6        0x2 
 .text.minmea_check
                0x080020a8       0x90 ..\obj\minmea.o
                0x080020a8                minmea_check
 .text.minmea_scan
                0x08002138      0x434 ..\obj\minmea.o
                0x08002138                minmea_scan
 .text.minmea_sentence_id
                0x0800256c       0xb4 ..\obj\minmea.o
                0x0800256c                minmea_sentence_id
 .text.minmea_parse_rmc
                0x08002620       0x90 ..\obj\minmea.o
                0x08002620                minmea_parse_rmc
 .text.minmea_parse_gga
                0x080026b0       0x88 ..\obj\minmea.o
                0x080026b0                minmea_parse_gga
 .text.minmea_parse_gst
                0x08002738       0x5c ..\obj\minmea.o
                0x08002738                minmea_parse_gst
 .text.minmea_parse_gsv
                0x08002794       0x9c ..\obj\minmea.o
                0x08002794                minmea_parse_gsv
 .text.minmea_parse_vtg
                0x08002830       0x90 ..\obj\minmea.o
                0x08002830                minmea_parse_vtg
 .text._ZN4mbed19FunctionPointerArg1IvvE12membercallerI12SDFileSystemEEvPvPj
                0x080028c0       0x18 ..\obj\SDFileSystem.o
                0x080028c0                void mbed::FunctionPointerArg1<void, void>::membercaller<SDFileSystem>(void*, unsigned int*)
 .text._ZN12SDFileSystemC2E7PinNameS0_S0_S0_PKcS0_NS_10SwitchTypeEi
                0x080028d8      0x144 ..\obj\SDFileSystem.o
                0x080028d8                SDFileSystem::SDFileSystem(PinName, PinName, PinName, PinName, char const*, PinName, SDFileSystem::SwitchType, int)
                0x080028d8                SDFileSystem::SDFileSystem(PinName, PinName, PinName, PinName, char const*, PinName, SDFileSystem::SwitchType, int)
 .text._ZN12SDFileSystem11checkSocketEv
                0x08002a1c       0x58 ..\obj\SDFileSystem.o
                0x08002a1c                SDFileSystem::checkSocket()
 .text._ZN12SDFileSystem11disk_statusEv
                0x08002a74        0xe ..\obj\SDFileSystem.o
                0x08002a74                SDFileSystem::disk_status()
 .text._ZN12SDFileSystem13onCardRemovalEv
                0x08002a82        0x8 ..\obj\SDFileSystem.o
                0x08002a82                SDFileSystem::onCardRemoval()
 .text._ZN12SDFileSystem9waitReadyEi
                0x08002a8a       0x3c ..\obj\SDFileSystem.o
                0x08002a8a                SDFileSystem::waitReady(int)
 *fill*         0x08002ac6        0x2 
 .text._ZN12SDFileSystem8deselectEv
                0x08002ac8       0x38 ..\obj\SDFileSystem.o
                0x08002ac8                SDFileSystem::deselect()
 .text._ZN12SDFileSystem6selectEv
                0x08002b00       0x4c ..\obj\SDFileSystem.o
                0x08002b00                SDFileSystem::select()
 .text._ZN12SDFileSystem9disk_syncEv
                0x08002b4c       0x18 ..\obj\SDFileSystem.o
                0x08002b4c                SDFileSystem::disk_sync()
 .text._ZN12SDFileSystem12writeCommandEcjPj
                0x08002b64      0x15a ..\obj\SDFileSystem.o
                0x08002b64                SDFileSystem::writeCommand(char, unsigned int, unsigned int*)
 .text._ZN12SDFileSystem18commandTransactionEcjPj
                0x08002cbe       0x2c ..\obj\SDFileSystem.o
                0x08002cbe                SDFileSystem::commandTransaction(char, unsigned int, unsigned int*)
 .text._ZN12SDFileSystem8readDataEPci
                0x08002cea       0xdc ..\obj\SDFileSystem.o
                0x08002cea                SDFileSystem::readData(char*, int)
 .text._ZN12SDFileSystem12disk_sectorsEv
                0x08002dc6       0xa6 ..\obj\SDFileSystem.o
                0x08002dc6                SDFileSystem::disk_sectors()
 .text._ZN12SDFileSystem9writeDataEPKcc
                0x08002e6c       0xac ..\obj\SDFileSystem.o
                0x08002e6c                SDFileSystem::writeData(char const*, char)
 .text._ZN12SDFileSystem10readBlocksEPcjj
                0x08002f18       0x86 ..\obj\SDFileSystem.o
                0x08002f18                SDFileSystem::readBlocks(char*, unsigned int, unsigned int)
 .text._ZN12SDFileSystem9disk_readEPhmm
                0x08002f9e       0x7e ..\obj\SDFileSystem.o
                0x08002f9e                SDFileSystem::disk_read(unsigned char*, unsigned long, unsigned long)
 .text._ZN12SDFileSystem10writeBlockEPKcj
                0x0800301c       0x84 ..\obj\SDFileSystem.o
                0x0800301c                SDFileSystem::writeBlock(char const*, unsigned int)
 .text._ZN12SDFileSystem11writeBlocksEPKcjj
                0x080030a0      0x14e ..\obj\SDFileSystem.o
                0x080030a0                SDFileSystem::writeBlocks(char const*, unsigned int, unsigned int)
 .text._ZN12SDFileSystem10disk_writeEPKhmm
                0x080031ee       0x2e ..\obj\SDFileSystem.o
                0x080031ee                SDFileSystem::disk_write(unsigned char const*, unsigned long, unsigned long)
 .text._ZN12SDFileSystem19enableHighSpeedModeEv
                0x0800321c       0x5c ..\obj\SDFileSystem.o
                0x0800321c                SDFileSystem::enableHighSpeedMode()
 .text._ZN12SDFileSystem15disk_initializeEv
                0x08003278      0x1f0 ..\obj\SDFileSystem.o
                0x08003278                SDFileSystem::disk_initialize()
 .text._ZN12SDFileSystem7unmountEv
                0x08003468       0x1e ..\obj\SDFileSystem.o
                0x08003468                SDFileSystem::unmount()
 *fill*         0x08003486        0x2 
 .text._ZN12SDFileSystemD2Ev
                0x08003488       0x20 ..\obj\SDFileSystem.o
                0x08003488                SDFileSystem::~SDFileSystem()
                0x08003488                SDFileSystem::~SDFileSystem()
 .text._ZN12SDFileSystemD0Ev
                0x080034a8       0x12 ..\obj\SDFileSystem.o
                0x080034a8                SDFileSystem::~SDFileSystem()
 *fill*         0x080034ba        0x2 
 .text._ZN5SDCRC4crc7EPKci
                0x080034bc       0x24 ..\obj\SDCRC.o
                0x080034bc                SDCRC::crc7(char const*, int)
 .text._ZN5SDCRC5crc16EPKci
                0x080034e0       0x2c ..\obj\SDCRC.o
                0x080034e0                SDCRC::crc16(char const*, int)
 .text.disk_status
                0x0800350c       0x18 ..\obj\diskio.o
                0x0800350c                disk_status
 .text.disk_initialize
                0x08003524       0x18 ..\obj\diskio.o
                0x08003524                disk_initialize
 .text.disk_read
                0x0800353c       0x1c ..\obj\diskio.o
                0x0800353c                disk_read
 .text.disk_write
                0x08003558       0x1c ..\obj\diskio.o
                0x08003558                disk_write
 .text.disk_ioctl
                0x08003574       0x54 ..\obj\diskio.o
                0x08003574                disk_ioctl
 .text._ZN12FATDirHandle9rewinddirEv
                0x080035c8        0x6 ..\obj\FATDirHandle.o
                0x080035c8                FATDirHandle::rewinddir()
 .text._ZN12FATDirHandle7telldirEv
                0x080035ce        0x4 ..\obj\FATDirHandle.o
                0x080035ce                FATDirHandle::telldir()
 .text._ZN12FATDirHandle7seekdirEl
                0x080035d2        0x4 ..\obj\FATDirHandle.o
                0x080035d2                FATDirHandle::seekdir(long)
 .text._ZN12FATDirHandleD2Ev
                0x080035d6        0x2 ..\obj\FATDirHandle.o
                0x080035d6                FATDirHandle::~FATDirHandle()
                0x080035d6                FATDirHandle::~FATDirHandle()
 .text._ZN12FATDirHandle8closedirEv
                0x080035d8       0x1a ..\obj\FATDirHandle.o
                0x080035d8                FATDirHandle::closedir()
 .text._ZN12FATDirHandleD0Ev
                0x080035f2        0xc ..\obj\FATDirHandle.o
                0x080035f2                FATDirHandle::~FATDirHandle()
 .text._ZN12FATDirHandle7readdirEv
                0x080035fe       0x4c ..\obj\FATDirHandle.o
                0x080035fe                FATDirHandle::readdir()
 *fill*         0x0800364a        0x2 
 .text._ZN12FATDirHandleC2ERK9FATFS_DIR
                0x0800364c       0x24 ..\obj\FATDirHandle.o
                0x0800364c                FATDirHandle::FATDirHandle(FATFS_DIR const&)
                0x0800364c                FATDirHandle::FATDirHandle(FATFS_DIR const&)
 .text._ZN4mbed10SerialBaseD2Ev
                0x08003670        0x2 ..\obj\main.o
                0x08003670                mbed::SerialBase::~SerialBase()
                0x08003670                mbed::SerialBase::~SerialBase()
 .text._ZN4mbed10SerialBaseD0Ev
                0x08003672        0xc ..\obj\main.o
                0x08003672                mbed::SerialBase::~SerialBase()
 *fill*         0x0800367e        0x2 
 .text._ZN4mbed6SerialD2Ev
                0x08003680       0x24 ..\obj\main.o
                0x08003680                mbed::Serial::~Serial()
                0x08003680                mbed::Serial::~Serial()
 .text._ZN4mbed6SerialD1Ev
                0x080036a4       0x10 ..\obj\main.o
                0x080036a4                non-virtual thunk to mbed::Serial::~Serial()
                0x080036ac                non-virtual thunk to mbed::Serial::~Serial()
 .text._ZN4mbed6TickerD2Ev
                0x080036b4       0x1c ..\obj\main.o
                0x080036b4                mbed::Ticker::~Ticker()
                0x080036b4                mbed::Ticker::~Ticker()
 .text._ZN4mbed6TickerD0Ev
                0x080036d0       0x12 ..\obj\main.o
                0x080036d0                mbed::Ticker::~Ticker()
 *fill*         0x080036e2        0x2 
 .text._Z13print_handlerv
                0x080036e4       0xcc ..\obj\main.o
                0x080036e4                print_handler()
 .text._Z14sensor_handlerv
                0x080037b0      0x14c ..\obj\main.o
                0x080037b0                sensor_handler()
 .text.startup.main
                0x080038fc       0x40 ..\obj\main.o
                0x080038fc                main
 .text._ZN4mbed6SerialD0Ev
                0x0800393c       0x1e ..\obj\main.o
                0x0800393c                mbed::Serial::~Serial()
                0x0800394e                non-virtual thunk to mbed::Serial::~Serial()
                0x08003954                non-virtual thunk to mbed::Serial::~Serial()
 *fill*         0x0800395a        0x2 
 .text.startup._GLOBAL__sub_I_sen_status
                0x0800395c      0x12c ..\obj\main.o
 .text._ZN13FATFileHandle6isattyEv
                0x08003a88        0x4 ..\obj\FATFileHandle.o
                0x08003a88                FATFileHandle::isatty()
 .text._ZN13FATFileHandle4flenEv
                0x08003a8c        0x4 ..\obj\FATFileHandle.o
                0x08003a8c                FATFileHandle::flen()
 .text._ZN13FATFileHandle5closeEv
                0x08003a90       0x1a ..\obj\FATFileHandle.o
                0x08003a90                FATFileHandle::close()
 *fill*         0x08003aaa        0x2 
 .text._ZN13FATFileHandleD2Ev
                0x08003aac       0x14 ..\obj\FATFileHandle.o
                0x08003aac                FATFileHandle::~FATFileHandle()
                0x08003aac                FATFileHandle::~FATFileHandle()
 .text._ZN13FATFileHandleD0Ev
                0x08003ac0       0x12 ..\obj\FATFileHandle.o
                0x08003ac0                FATFileHandle::~FATFileHandle()
 .text._ZN13FATFileHandle5fsyncEv
                0x08003ad2       0x12 ..\obj\FATFileHandle.o
                0x08003ad2                FATFileHandle::fsync()
 .text._ZN13FATFileHandle5lseekEli
                0x08003ae4       0x26 ..\obj\FATFileHandle.o
                0x08003ae4                FATFileHandle::lseek(long, int)
 .text._ZN13FATFileHandle4readEPvj
                0x08003b0a       0x1a ..\obj\FATFileHandle.o
                0x08003b0a                FATFileHandle::read(void*, unsigned int)
 .text._ZN13FATFileHandle5writeEPKvj
                0x08003b24       0x1a ..\obj\FATFileHandle.o
                0x08003b24                FATFileHandle::write(void const*, unsigned int)
 *fill*         0x08003b3e        0x2 
 .text._ZN13FATFileHandleC2E3FIL
                0x08003b40       0x2c ..\obj\FATFileHandle.o
                0x08003b40                FATFileHandle::FATFileHandle(FIL)
                0x08003b40                FATFileHandle::FATFileHandle(FIL)
 .text._ZN13FATFileSystem15disk_initializeEv
                0x08003b6c        0x4 ..\obj\FATFileSystem.o
                0x08003b6c                FATFileSystem::disk_initialize()
 .text._ZN13FATFileSystem11disk_statusEv
                0x08003b70        0x4 ..\obj\FATFileSystem.o
                0x08003b70                FATFileSystem::disk_status()
 .text._ZN13FATFileSystem9disk_syncEv
                0x08003b74        0x4 ..\obj\FATFileSystem.o
                0x08003b74                FATFileSystem::disk_sync()
 .text._ZN13FATFileSystem5mountEv
                0x08003b78       0x1a ..\obj\FATFileSystem.o
                0x08003b78                FATFileSystem::mount()
 .text._ZN13FATFileSystem7unmountEv
                0x08003b92       0x26 ..\obj\FATFileSystem.o
                0x08003b92                FATFileSystem::unmount()
 .text._ZN13FATFileSystem7opendirEPKc
                0x08003bb8       0x26 ..\obj\FATFileSystem.o
                0x08003bb8                FATFileSystem::opendir(char const*)
 .text._ZN13FATFileSystem5mkdirEPKcj
                0x08003bde       0x12 ..\obj\FATFileSystem.o
                0x08003bde                FATFileSystem::mkdir(char const*, unsigned int)
 .text._ZN13FATFileSystem6formatEv
                0x08003bf0       0x1a ..\obj\FATFileSystem.o
                0x08003bf0                FATFileSystem::format()
 .text._ZN13FATFileSystem6renameEPKcS1_
                0x08003c0a       0x14 ..\obj\FATFileSystem.o
                0x08003c0a                FATFileSystem::rename(char const*, char const*)
 .text._ZN13FATFileSystem6removeEPKc
                0x08003c1e       0x12 ..\obj\FATFileSystem.o
                0x08003c1e                FATFileSystem::remove(char const*)
 .text._ZN13FATFileSystem4openEPKci
                0x08003c30       0x90 ..\obj\FATFileSystem.o
                0x08003c30                FATFileSystem::open(char const*, int)
 .text.get_fattime
                0x08003cc0       0x40 ..\obj\FATFileSystem.o
                0x08003cc0                get_fattime
 .text._ZN13FATFileSystemC2EPKc
                0x08003d00       0x48 ..\obj\FATFileSystem.o
                0x08003d00                FATFileSystem::FATFileSystem(char const*)
                0x08003d00                FATFileSystem::FATFileSystem(char const*)
 .text._ZN13FATFileSystemD2Ev
                0x08003d48       0x30 ..\obj\FATFileSystem.o
                0x08003d48                FATFileSystem::~FATFileSystem()
                0x08003d48                FATFileSystem::~FATFileSystem()
 .text.ff_convert
                0x08003d78       0x38 ..\obj\ccsbcs.o
                0x08003d78                ff_convert
 .text.ff_wtoupper
                0x08003db0       0x4c ..\obj\ccsbcs.o
                0x08003db0                ff_wtoupper
 .text._Z8gps_initv
                0x08003dfc       0x70 ..\obj\gps.o
                0x08003dfc                gps_init()
 .text._Z10gps_parserPc
                0x08003e6c       0xa8 ..\obj\gps.o
                0x08003e6c                gps_parser(char*)
 .text._Z11gps_handlerv
                0x08003f14       0x44 ..\obj\gps.o
                0x08003f14                gps_handler()
 .text._Z7get_gpsv
                0x08003f58       0x10 ..\obj\gps.o
                0x08003f58                get_gps()
 .text.startup._GLOBAL__sub_I_gps
                0x08003f68       0x2c ..\obj\gps.o
 .text._ZL7mem_cpyPvPKvj
                0x08003f94       0x14 ..\obj\ff.o
 .text._ZL7mem_setPvij
                0x08003fa8        0xe ..\obj\ff.o
 .text._ZL8st_clustPhm
                0x08003fb6       0x12 ..\obj\ff.o
 .text._ZL7sum_sfnPKh
                0x08003fc8       0x1e ..\obj\ff.o
 .text._ZL12get_ldnumberPPKc
                0x08003fe6       0x32 ..\obj\ff.o
 .text._ZL8validatePv
                0x08004018       0x24 ..\obj\ff.o
 .text._ZL12get_fileinfoP9FATFS_DIRP7FILINFO
                0x0800403c       0xde ..\obj\ff.o
 .text._ZL8ld_clustP5FATFSPKh.isra.0
                0x0800411a       0x1c ..\obj\ff.o
 .text._ZL11sync_windowP5FATFS.part.1
                0x08004136       0x46 ..\obj\ff.o
 .text._ZL11sync_windowP5FATFS
                0x0800417c        0xc ..\obj\ff.o
 .text._ZL7sync_fsP5FATFS
                0x08004188       0xb6 ..\obj\ff.o
 .text._ZL11move_windowP5FATFSm
                0x0800423e       0x36 ..\obj\ff.o
 .text._ZL8check_fsP5FATFSm
                0x08004274       0x84 ..\obj\ff.o
 .text._ZL11find_volumePP5FATFSPPKch
                0x080042f8      0x304 ..\obj\ff.o
 .text._Z10clust2sectP5FATFSm
                0x080045fc       0x16 ..\obj\ff.o
                0x080045fc                clust2sect(FATFS*, unsigned long)
 .text._Z7get_fatP5FATFSm
                0x08004612       0xcc ..\obj\ff.o
                0x08004612                get_fat(FATFS*, unsigned long)
 .text._ZL7dir_sdiP9FATFS_DIRj
                0x080046de       0x82 ..\obj\ff.o
 .text._Z7put_fatP5FATFSmm
                0x08004760       0xf6 ..\obj\ff.o
                0x08004760                put_fat(FATFS*, unsigned long, unsigned long)
 .text._ZL12create_chainP5FATFSm
                0x08004856       0xa2 ..\obj\ff.o
 .text._ZL8dir_nextP9FATFS_DIRi
                0x080048f8       0xee ..\obj\ff.o
 *fill*         0x080049e6        0x2 
 .text._ZL8dir_findP9FATFS_DIR.part.6
                0x080049e8      0x134 ..\obj\ff.o
 .text._ZL11follow_pathP9FATFS_DIRPKc
                0x08004b1c      0x268 ..\obj\ff.o
 .text._ZL12dir_registerP9FATFS_DIR
                0x08004d84      0x22c ..\obj\ff.o
 .text._ZL10dir_removeP9FATFS_DIR
                0x08004fb0       0x5a ..\obj\ff.o
 *fill*         0x0800500a        0x2 
 .text._ZL8dir_readP9FATFS_DIRi.constprop.8
                0x0800500c      0x108 ..\obj\ff.o
 .text._ZL12remove_chainP5FATFSm
                0x08005114       0x5a ..\obj\ff.o
 *fill*         0x0800516e        0x2 
 .text.f_mount  0x08005170       0x50 ..\obj\ff.o
                0x08005170                f_mount
 .text.f_open   0x080051c0      0x158 ..\obj\ff.o
                0x080051c0                f_open
 .text.f_read   0x08005318      0x15a ..\obj\ff.o
                0x08005318                f_read
 .text.f_sync   0x08005472       0xa0 ..\obj\ff.o
                0x08005472                f_sync
 .text.f_write  0x08005512      0x196 ..\obj\ff.o
                0x08005512                f_write
 .text.f_close  0x080056a8       0x16 ..\obj\ff.o
                0x080056a8                f_close
 .text.f_lseek  0x080056be      0x12e ..\obj\ff.o
                0x080056be                f_lseek
 .text.f_opendir
                0x080057ec       0x78 ..\obj\ff.o
                0x080057ec                f_opendir
 .text.f_closedir
                0x08005864        0xe ..\obj\ff.o
                0x08005864                f_closedir
 *fill*         0x08005872        0x2 
 .text.f_readdir
                0x08005874       0x58 ..\obj\ff.o
                0x08005874                f_readdir
 .text.f_unlink
                0x080058cc       0x94 ..\obj\ff.o
                0x080058cc                f_unlink
 .text.f_mkdir  0x08005960      0x184 ..\obj\ff.o
                0x08005960                f_mkdir
 .text.f_rename
                0x08005ae4       0xf8 ..\obj\ff.o
                0x08005ae4                f_rename
 .text.f_mkfs   0x08005bdc      0x5e4 ..\obj\ff.o
                0x08005bdc                f_mkfs
 .text._Z13increment_imuv
                0x080061c0       0x18 ..\obj\IMU.o
                0x080061c0                increment_imu()
 .text._Z8set_gyroiii
                0x080061d8       0x24 ..\obj\IMU.o
                0x080061d8                set_gyro(int, int, int)
 .text._Z9set_acceliii
                0x080061fc       0x24 ..\obj\IMU.o
                0x080061fc                set_accel(int, int, int)
 .text._Z7set_magiii
                0x08006220       0x24 ..\obj\IMU.o
                0x08006220                set_mag(int, int, int)
 .text._Z7set_alliiiiiiiii
                0x08006244       0x2e ..\obj\IMU.o
                0x08006244                set_all(int, int, int, int, int, int, int, int, int)
 *fill*         0x08006272        0x2 
 .text._Z7get_imuv
                0x08006274       0x14 ..\obj\IMU.o
                0x08006274                get_imu()
 .text.startup._GLOBAL__sub_I_imudata
                0x08006288       0x10 ..\obj\IMU.o
 .text.analogin_init
                0x08006298       0xa0 C:\Users\Christopher\Documents\GitHub\Nucleo_IMU/mbed/TARGET_NUCLEO_L152RE/TOOLCHAIN_GCC_ARM\libmbed.a(analogin_api.o)
                0x08006298                analogin_init
 .text.analogin_read_u16
                0x08006338       0xf8 C:\Users\Christopher\Documents\GitHub\Nucleo_IMU/mbed/TARGET_NUCLEO_L152RE/TOOLCHAIN_GCC_ARM\libmbed.a(analogin_api.o)
                0x08006338                analogin_read_u16
 .text.handle_interrupt_in
                0x08006430       0x88 C:\Users\Christopher\Documents\GitHub\Nucleo_IMU/mbed/TARGET_NUCLEO_L152RE/TOOLCHAIN_GCC_ARM\libmbed.a(gpio_irq_api.o)
 .text.gpio_irq0
                0x080064b8        0x8 C:\Users\Christopher\Documents\GitHub\Nucleo_IMU/mbed/TARGET_NUCLEO_L152RE/TOOLCHAIN_GCC_ARM\libmbed.a(gpio_irq_api.o)
 .text.gpio_irq1
                0x080064c0        0x8 C:\Users\Christopher\Documents\GitHub\Nucleo_IMU/mbed/TARGET_NUCLEO_L152RE/TOOLCHAIN_GCC_ARM\libmbed.a(gpio_irq_api.o)
 .text.gpio_irq2
                0x080064c8        0x8 C:\Users\Christopher\Documents\GitHub\Nucleo_IMU/mbed/TARGET_NUCLEO_L152RE/TOOLCHAIN_GCC_ARM\libmbed.a(gpio_irq_api.o)
 .text.gpio_irq3
                0x080064d0        0x8 C:\Users\Christopher\Documents\GitHub\Nucleo_IMU/mbed/TARGET_NUCLEO_L152RE/TOOLCHAIN_GCC_ARM\libmbed.a(gpio_irq_api.o)
 .text.gpio_irq4
                0x080064d8        0x8 C:\Users\Christopher\Documents\GitHub\Nucleo_IMU/mbed/TARGET_NUCLEO_L152RE/TOOLCHAIN_GCC_ARM\libmbed.a(gpio_irq_api.o)
 .text.gpio_irq5
                0x080064e0        0x8 C:\Users\Christopher\Documents\GitHub\Nucleo_IMU/mbed/TARGET_NUCLEO_L152RE/TOOLCHAIN_GCC_ARM\libmbed.a(gpio_irq_api.o)
 .text.gpio_irq6
                0x080064e8        0x8 C:\Users\Christopher\Documents\GitHub\Nucleo_IMU/mbed/TARGET_NUCLEO_L152RE/TOOLCHAIN_GCC_ARM\libmbed.a(gpio_irq_api.o)
 .text.gpio_irq_init
                0x080064f0      0x158 C:\Users\Christopher\Documents\GitHub\Nucleo_IMU/mbed/TARGET_NUCLEO_L152RE/TOOLCHAIN_GCC_ARM\libmbed.a(gpio_irq_api.o)
                0x080064f0                gpio_irq_init
 .text.gpio_irq_free
                0x08006648       0x68 C:\Users\Christopher\Documents\GitHub\Nucleo_IMU/mbed/TARGET_NUCLEO_L152RE/TOOLCHAIN_GCC_ARM\libmbed.a(gpio_irq_api.o)
                0x08006648                gpio_irq_free
 .text.gpio_irq_set
                0x080066b0       0x80 C:\Users\Christopher\Documents\GitHub\Nucleo_IMU/mbed/TARGET_NUCLEO_L152RE/TOOLCHAIN_GCC_ARM\libmbed.a(gpio_irq_api.o)
                0x080066b0                gpio_irq_set
 .text.Set_GPIO_Clock
                0x08006730       0x80 C:\Users\Christopher\Documents\GitHub\Nucleo_IMU/mbed/TARGET_NUCLEO_L152RE/TOOLCHAIN_GCC_ARM\libmbed.a(pinmap.o)
                0x08006730                Set_GPIO_Clock
 .text.pin_function
                0x080067b0       0x5c C:\Users\Christopher\Documents\GitHub\Nucleo_IMU/mbed/TARGET_NUCLEO_L152RE/TOOLCHAIN_GCC_ARM\libmbed.a(pinmap.o)
                0x080067b0                pin_function
 .text.pin_mode
                0x0800680c       0x48 C:\Users\Christopher\Documents\GitHub\Nucleo_IMU/mbed/TARGET_NUCLEO_L152RE/TOOLCHAIN_GCC_ARM\libmbed.a(pinmap.o)
                0x0800680c                pin_mode
 .text.init_uart
                0x08006854       0x4c C:\Users\Christopher\Documents\GitHub\Nucleo_IMU/mbed/TARGET_NUCLEO_L152RE/TOOLCHAIN_GCC_ARM\libmbed.a(serial_api.o)
 .text.uart_irq
                0x080068a0       0x64 C:\Users\Christopher\Documents\GitHub\Nucleo_IMU/mbed/TARGET_NUCLEO_L152RE/TOOLCHAIN_GCC_ARM\libmbed.a(serial_api.o)
 .text.uart1_irq
                0x08006904        0xc C:\Users\Christopher\Documents\GitHub\Nucleo_IMU/mbed/TARGET_NUCLEO_L152RE/TOOLCHAIN_GCC_ARM\libmbed.a(serial_api.o)
 .text.uart2_irq
                0x08006910        0xc C:\Users\Christopher\Documents\GitHub\Nucleo_IMU/mbed/TARGET_NUCLEO_L152RE/TOOLCHAIN_GCC_ARM\libmbed.a(serial_api.o)
 .text.uart3_irq
                0x0800691c        0xc C:\Users\Christopher\Documents\GitHub\Nucleo_IMU/mbed/TARGET_NUCLEO_L152RE/TOOLCHAIN_GCC_ARM\libmbed.a(serial_api.o)
 .text.uart4_irq
                0x08006928        0xc C:\Users\Christopher\Documents\GitHub\Nucleo_IMU/mbed/TARGET_NUCLEO_L152RE/TOOLCHAIN_GCC_ARM\libmbed.a(serial_api.o)
 .text.uart5_irq
                0x08006934        0xc C:\Users\Christopher\Documents\GitHub\Nucleo_IMU/mbed/TARGET_NUCLEO_L152RE/TOOLCHAIN_GCC_ARM\libmbed.a(serial_api.o)
 .text.serial_init
                0x08006940      0x130 C:\Users\Christopher\Documents\GitHub\Nucleo_IMU/mbed/TARGET_NUCLEO_L152RE/TOOLCHAIN_GCC_ARM\libmbed.a(serial_api.o)
                0x08006940                serial_init
 .text.serial_baud
                0x08006a70        0x8 C:\Users\Christopher\Documents\GitHub\Nucleo_IMU/mbed/TARGET_NUCLEO_L152RE/TOOLCHAIN_GCC_ARM\libmbed.a(serial_api.o)
                0x08006a70                serial_baud
 .text.serial_irq_handler
                0x08006a78       0x1c C:\Users\Christopher\Documents\GitHub\Nucleo_IMU/mbed/TARGET_NUCLEO_L152RE/TOOLCHAIN_GCC_ARM\libmbed.a(serial_api.o)
                0x08006a78                serial_irq_handler
 .text.serial_irq_set
                0x08006a94       0xe0 C:\Users\Christopher\Documents\GitHub\Nucleo_IMU/mbed/TARGET_NUCLEO_L152RE/TOOLCHAIN_GCC_ARM\libmbed.a(serial_api.o)
                0x08006a94                serial_irq_set
 .text.serial_getc
                0x08006b74       0x18 C:\Users\Christopher\Documents\GitHub\Nucleo_IMU/mbed/TARGET_NUCLEO_L152RE/TOOLCHAIN_GCC_ARM\libmbed.a(serial_api.o)
                0x08006b74                serial_getc
 .text.serial_putc
                0x08006b8c       0x18 C:\Users\Christopher\Documents\GitHub\Nucleo_IMU/mbed/TARGET_NUCLEO_L152RE/TOOLCHAIN_GCC_ARM\libmbed.a(serial_api.o)
                0x08006b8c                serial_putc
 .text._ZN4mbed14FileSystemLikeC2EPKc
                0x08006ba4       0x18 C:\Users\Christopher\Documents\GitHub\Nucleo_IMU/mbed/TARGET_NUCLEO_L152RE/TOOLCHAIN_GCC_ARM\libmbed.a(FileSystemLike.o)
                0x08006ba4                mbed::FileSystemLike::FileSystemLike(char const*)
                0x08006ba4                mbed::FileSystemLike::FileSystemLike(char const*)
 .text._ZN4mbed14FileSystemLikeD2Ev
                0x08006bbc       0x14 C:\Users\Christopher\Documents\GitHub\Nucleo_IMU/mbed/TARGET_NUCLEO_L152RE/TOOLCHAIN_GCC_ARM\libmbed.a(FileSystemLike.o)
                0x08006bbc                mbed::FileSystemLike::~FileSystemLike()
                0x08006bbc                mbed::FileSystemLike::~FileSystemLike()
 .text._ZN4mbed8FilePathC2EPKc
                0x08006bd0       0x54 C:\Users\Christopher\Documents\GitHub\Nucleo_IMU/mbed/TARGET_NUCLEO_L152RE/TOOLCHAIN_GCC_ARM\libmbed.a(FilePath.o)
                0x08006bd0                mbed::FilePath::FilePath(char const*)
                0x08006bd0                mbed::FilePath::FilePath(char const*)
 .text._ZN4mbed8FilePath8fileNameEv
                0x08006c24        0x4 C:\Users\Christopher\Documents\GitHub\Nucleo_IMU/mbed/TARGET_NUCLEO_L152RE/TOOLCHAIN_GCC_ARM\libmbed.a(FilePath.o)
                0x08006c24                mbed::FilePath::fileName()
 .text._ZN4mbed8FilePath10fileSystemEv
                0x08006c28       0x20 C:\Users\Christopher\Documents\GitHub\Nucleo_IMU/mbed/TARGET_NUCLEO_L152RE/TOOLCHAIN_GCC_ARM\libmbed.a(FilePath.o)
                0x08006c28                mbed::FilePath::fileSystem()
 .text._ZN4mbed8FilePath6isFileEv
                0x08006c48       0x14 C:\Users\Christopher\Documents\GitHub\Nucleo_IMU/mbed/TARGET_NUCLEO_L152RE/TOOLCHAIN_GCC_ARM\libmbed.a(FilePath.o)
                0x08006c48                mbed::FilePath::isFile()
 .text._ZN4mbed8FilePath4fileEv
                0x08006c5c       0x20 C:\Users\Christopher\Documents\GitHub\Nucleo_IMU/mbed/TARGET_NUCLEO_L152RE/TOOLCHAIN_GCC_ARM\libmbed.a(FilePath.o)
                0x08006c5c                mbed::FilePath::file()
 .text._ZN4mbed8FilePath6existsEv
                0x08006c7c        0xc C:\Users\Christopher\Documents\GitHub\Nucleo_IMU/mbed/TARGET_NUCLEO_L152RE/TOOLCHAIN_GCC_ARM\libmbed.a(FilePath.o)
                0x08006c7c                mbed::FilePath::exists()
 .text._ZN4mbed11InterruptInD2Ev
                0x08006c88       0x18 C:\Users\Christopher\Documents\GitHub\Nucleo_IMU/mbed/TARGET_NUCLEO_L152RE/TOOLCHAIN_GCC_ARM\libmbed.a(InterruptIn.o)
                0x08006c88                mbed::InterruptIn::~InterruptIn()
                0x08006c88                mbed::InterruptIn::~InterruptIn()
 .text._ZN4mbed11InterruptInD0Ev
                0x08006ca0       0x1c C:\Users\Christopher\Documents\GitHub\Nucleo_IMU/mbed/TARGET_NUCLEO_L152RE/TOOLCHAIN_GCC_ARM\libmbed.a(InterruptIn.o)
                0x08006ca0                mbed::InterruptIn::~InterruptIn()
 .text._ZN4mbed11InterruptIn12_irq_handlerEm14gpio_irq_event
                0x08006cbc       0x38 C:\Users\Christopher\Documents\GitHub\Nucleo_IMU/mbed/TARGET_NUCLEO_L152RE/TOOLCHAIN_GCC_ARM\libmbed.a(InterruptIn.o)
                0x08006cbc                mbed::InterruptIn::_irq_handler(unsigned long, gpio_irq_event)
 .text._ZN4mbed11InterruptInC2E7PinName
                0x08006cf4       0x48 C:\Users\Christopher\Documents\GitHub\Nucleo_IMU/mbed/TARGET_NUCLEO_L152RE/TOOLCHAIN_GCC_ARM\libmbed.a(InterruptIn.o)
                0x08006cf4                mbed::InterruptIn::InterruptIn(PinName)
                0x08006cf4                mbed::InterruptIn::InterruptIn(PinName)
 .text._ZN4mbed11InterruptIn4modeE7PinMode
                0x08006d3c        0x8 C:\Users\Christopher\Documents\GitHub\Nucleo_IMU/mbed/TARGET_NUCLEO_L152RE/TOOLCHAIN_GCC_ARM\libmbed.a(InterruptIn.o)
                0x08006d3c                mbed::InterruptIn::mode(PinMode)
 .text._ZN4mbed11InterruptIncviEv
                0x08006d44       0x30 C:\Users\Christopher\Documents\GitHub\Nucleo_IMU/mbed/TARGET_NUCLEO_L152RE/TOOLCHAIN_GCC_ARM\libmbed.a(InterruptIn.o)
                0x08006d44                mbed::InterruptIn::operator int()
 .text._ZN4mbed3SPID2Ev
                0x08006d74        0x4 C:\Users\Christopher\Documents\GitHub\Nucleo_IMU/mbed/TARGET_NUCLEO_L152RE/TOOLCHAIN_GCC_ARM\libmbed.a(SPI.o)
                0x08006d74                mbed::SPI::~SPI()
                0x08006d74                mbed::SPI::~SPI()
 .text._ZN4mbed3SPID0Ev
                0x08006d78        0xc C:\Users\Christopher\Documents\GitHub\Nucleo_IMU/mbed/TARGET_NUCLEO_L152RE/TOOLCHAIN_GCC_ARM\libmbed.a(SPI.o)
                0x08006d78                mbed::SPI::~SPI()
 .text._ZN4mbed3SPIC2E7PinNameS1_S1_S1_
                0x08006d84       0x6c C:\Users\Christopher\Documents\GitHub\Nucleo_IMU/mbed/TARGET_NUCLEO_L152RE/TOOLCHAIN_GCC_ARM\libmbed.a(SPI.o)
                0x08006d84                mbed::SPI::SPI(PinName, PinName, PinName, PinName)
                0x08006d84                mbed::SPI::SPI(PinName, PinName, PinName, PinName)
 .text._ZN4mbed3SPI6aquireEv
                0x08006df0       0x2c C:\Users\Christopher\Documents\GitHub\Nucleo_IMU/mbed/TARGET_NUCLEO_L152RE/TOOLCHAIN_GCC_ARM\libmbed.a(SPI.o)
                0x08006df0                mbed::SPI::aquire()
 .text._ZN4mbed3SPI6formatEii
                0x08006e1c       0x18 C:\Users\Christopher\Documents\GitHub\Nucleo_IMU/mbed/TARGET_NUCLEO_L152RE/TOOLCHAIN_GCC_ARM\libmbed.a(SPI.o)
                0x08006e1c                mbed::SPI::format(int, int)
 .text._ZN4mbed3SPI9frequencyEi
                0x08006e34       0x10 C:\Users\Christopher\Documents\GitHub\Nucleo_IMU/mbed/TARGET_NUCLEO_L152RE/TOOLCHAIN_GCC_ARM\libmbed.a(SPI.o)
                0x08006e34                mbed::SPI::frequency(int)
 .text._ZN4mbed3SPI5writeEi
                0x08006e44       0x18 C:\Users\Christopher\Documents\GitHub\Nucleo_IMU/mbed/TARGET_NUCLEO_L152RE/TOOLCHAIN_GCC_ARM\libmbed.a(SPI.o)
                0x08006e44                mbed::SPI::write(int)
 .text._ZN4mbed6Serial5_getcEv
                0x08006e5c        0x4 C:\Users\Christopher\Documents\GitHub\Nucleo_IMU/mbed/TARGET_NUCLEO_L152RE/TOOLCHAIN_GCC_ARM\libmbed.a(Serial.o)
                0x08006e5c                mbed::Serial::_getc()
 .text._ZThn84_N4mbed6Serial5_getcEv
                0x08006e60        0x8 C:\Users\Christopher\Documents\GitHub\Nucleo_IMU/mbed/TARGET_NUCLEO_L152RE/TOOLCHAIN_GCC_ARM\libmbed.a(Serial.o)
                0x08006e60                non-virtual thunk to mbed::Serial::_getc()
 .text._ZN4mbed6Serial5_putcEi
                0x08006e68        0x4 C:\Users\Christopher\Documents\GitHub\Nucleo_IMU/mbed/TARGET_NUCLEO_L152RE/TOOLCHAIN_GCC_ARM\libmbed.a(Serial.o)
                0x08006e68                mbed::Serial::_putc(int)
 .text._ZThn84_N4mbed6Serial5_putcEi
                0x08006e6c        0x8 C:\Users\Christopher\Documents\GitHub\Nucleo_IMU/mbed/TARGET_NUCLEO_L152RE/TOOLCHAIN_GCC_ARM\libmbed.a(Serial.o)
                0x08006e6c                non-virtual thunk to mbed::Serial::_putc(int)
 .text._ZN4mbed6SerialC2E7PinNameS1_PKc
                0x08006e74       0x30 C:\Users\Christopher\Documents\GitHub\Nucleo_IMU/mbed/TARGET_NUCLEO_L152RE/TOOLCHAIN_GCC_ARM\libmbed.a(Serial.o)
                0x08006e74                mbed::Serial::Serial(PinName, PinName, char const*)
                0x08006e74                mbed::Serial::Serial(PinName, PinName, char const*)
 .text._ZN4mbed10SerialBase12_irq_handlerEm9SerialIrq
                0x08006ea4       0x20 C:\Users\Christopher\Documents\GitHub\Nucleo_IMU/mbed/TARGET_NUCLEO_L152RE/TOOLCHAIN_GCC_ARM\libmbed.a(SerialBase.o)
                0x08006ea4                mbed::SerialBase::_irq_handler(unsigned long, SerialIrq)
 .text._ZN4mbed10SerialBaseC2E7PinNameS1_
                0x08006ec4       0x48 C:\Users\Christopher\Documents\GitHub\Nucleo_IMU/mbed/TARGET_NUCLEO_L152RE/TOOLCHAIN_GCC_ARM\libmbed.a(SerialBase.o)
                0x08006ec4                mbed::SerialBase::SerialBase(PinName, PinName)
                0x08006ec4                mbed::SerialBase::SerialBase(PinName, PinName)
 .text._ZN4mbed10SerialBase4baudEi
                0x08006f0c       0x10 C:\Users\Christopher\Documents\GitHub\Nucleo_IMU/mbed/TARGET_NUCLEO_L152RE/TOOLCHAIN_GCC_ARM\libmbed.a(SerialBase.o)
                0x08006f0c                mbed::SerialBase::baud(int)
 .text._ZN4mbed10SerialBase6attachEPFvvENS0_7IrqTypeE
                0x08006f1c       0x30 C:\Users\Christopher\Documents\GitHub\Nucleo_IMU/mbed/TARGET_NUCLEO_L152RE/TOOLCHAIN_GCC_ARM\libmbed.a(SerialBase.o)
                0x08006f1c                mbed::SerialBase::attach(void (*)(), mbed::SerialBase::IrqType)
 .text._ZN4mbed10SerialBase10_base_getcEv
                0x08006f4c        0x8 C:\Users\Christopher\Documents\GitHub\Nucleo_IMU/mbed/TARGET_NUCLEO_L152RE/TOOLCHAIN_GCC_ARM\libmbed.a(SerialBase.o)
                0x08006f4c                mbed::SerialBase::_base_getc()
 .text._ZN4mbed10SerialBase10_base_putcEi
                0x08006f54       0x10 C:\Users\Christopher\Documents\GitHub\Nucleo_IMU/mbed/TARGET_NUCLEO_L152RE/TOOLCHAIN_GCC_ARM\libmbed.a(SerialBase.o)
                0x08006f54                mbed::SerialBase::_base_putc(int)
 .text._ZN4mbed6Stream5closeEv
                0x08006f64        0x4 C:\Users\Christopher\Documents\GitHub\Nucleo_IMU/mbed/TARGET_NUCLEO_L152RE/TOOLCHAIN_GCC_ARM\libmbed.a(Stream.o)
                0x08006f64                mbed::Stream::close()
 .text._ZN4mbed6Stream5writeEPKvj
                0x08006f68       0x2c C:\Users\Christopher\Documents\GitHub\Nucleo_IMU/mbed/TARGET_NUCLEO_L152RE/TOOLCHAIN_GCC_ARM\libmbed.a(Stream.o)
                0x08006f68                mbed::Stream::write(void const*, unsigned int)
 .text._ZN4mbed6Stream4readEPvj
                0x08006f94       0x2c C:\Users\Christopher\Documents\GitHub\Nucleo_IMU/mbed/TARGET_NUCLEO_L152RE/TOOLCHAIN_GCC_ARM\libmbed.a(Stream.o)
                0x08006f94                mbed::Stream::read(void*, unsigned int)
 .text._ZN4mbed6Stream5lseekEli
                0x08006fc0        0x4 C:\Users\Christopher\Documents\GitHub\Nucleo_IMU/mbed/TARGET_NUCLEO_L152RE/TOOLCHAIN_GCC_ARM\libmbed.a(Stream.o)
                0x08006fc0                mbed::Stream::lseek(long, int)
 .text._ZN4mbed6Stream6isattyEv
                0x08006fc4        0x4 C:\Users\Christopher\Documents\GitHub\Nucleo_IMU/mbed/TARGET_NUCLEO_L152RE/TOOLCHAIN_GCC_ARM\libmbed.a(Stream.o)
                0x08006fc4                mbed::Stream::isatty()
 .text._ZN4mbed6Stream5fsyncEv
                0x08006fc8        0x4 C:\Users\Christopher\Documents\GitHub\Nucleo_IMU/mbed/TARGET_NUCLEO_L152RE/TOOLCHAIN_GCC_ARM\libmbed.a(Stream.o)
                0x08006fc8                mbed::Stream::fsync()
 .text._ZN4mbed6Stream4flenEv
                0x08006fcc        0x4 C:\Users\Christopher\Documents\GitHub\Nucleo_IMU/mbed/TARGET_NUCLEO_L152RE/TOOLCHAIN_GCC_ARM\libmbed.a(Stream.o)
                0x08006fcc                mbed::Stream::flen()
 .text._ZN4mbed6StreamC2EPKc
                0x08006fd0       0x44 C:\Users\Christopher\Documents\GitHub\Nucleo_IMU/mbed/TARGET_NUCLEO_L152RE/TOOLCHAIN_GCC_ARM\libmbed.a(Stream.o)
                0x08006fd0                mbed::Stream::Stream(char const*)
                0x08006fd0                mbed::Stream::Stream(char const*)
 .text._ZN4mbed6StreamD2Ev
                0x08007014       0x24 C:\Users\Christopher\Documents\GitHub\Nucleo_IMU/mbed/TARGET_NUCLEO_L152RE/TOOLCHAIN_GCC_ARM\libmbed.a(Stream.o)
                0x08007014                mbed::Stream::~Stream()
                0x08007014                mbed::Stream::~Stream()
 .text._ZN4mbed6Stream4putsEPKc
                0x08007038       0x18 C:\Users\Christopher\Documents\GitHub\Nucleo_IMU/mbed/TARGET_NUCLEO_L152RE/TOOLCHAIN_GCC_ARM\libmbed.a(Stream.o)
                0x08007038                mbed::Stream::puts(char const*)
 .text._ZN4mbed6Stream4getcEv
                0x08007050       0x14 C:\Users\Christopher\Documents\GitHub\Nucleo_IMU/mbed/TARGET_NUCLEO_L152RE/TOOLCHAIN_GCC_ARM\libmbed.a(Stream.o)
                0x08007050                mbed::Stream::getc()
 .text._ZN4mbed6Stream6printfEPKcz
                0x08007064       0x2c C:\Users\Christopher\Documents\GitHub\Nucleo_IMU/mbed/TARGET_NUCLEO_L152RE/TOOLCHAIN_GCC_ARM\libmbed.a(Stream.o)
                0x08007064                mbed::Stream::printf(char const*, ...)
 .text._ZN4mbed6Ticker7handlerEv
                0x08007090       0x30 C:\Users\Christopher\Documents\GitHub\Nucleo_IMU/mbed/TARGET_NUCLEO_L152RE/TOOLCHAIN_GCC_ARM\libmbed.a(Ticker.o)
                0x08007090                mbed::Ticker::handler()
 .text._ZN4mbed6Ticker6detachEv
                0x080070c0       0x10 C:\Users\Christopher\Documents\GitHub\Nucleo_IMU/mbed/TARGET_NUCLEO_L152RE/TOOLCHAIN_GCC_ARM\libmbed.a(Ticker.o)
                0x080070c0                mbed::Ticker::detach()
 .text._ZN4mbed6Ticker5setupEm
                0x080070d0       0x20 C:\Users\Christopher\Documents\GitHub\Nucleo_IMU/mbed/TARGET_NUCLEO_L152RE/TOOLCHAIN_GCC_ARM\libmbed.a(Ticker.o)
                0x080070d0                mbed::Ticker::setup(unsigned long)
 .text.mbed_assert_internal
                0x080070f0       0x18 C:\Users\Christopher\Documents\GitHub\Nucleo_IMU/mbed/TARGET_NUCLEO_L152RE/TOOLCHAIN_GCC_ARM\libmbed.a(assert.o)
                0x080070f0                mbed_assert_internal
 .text._ZN4mbed5Timer9slicetimeEv.part.0
                0x08007108       0x10 C:\Users\Christopher\Documents\GitHub\Nucleo_IMU/mbed/TARGET_NUCLEO_L152RE/TOOLCHAIN_GCC_ARM\libmbed.a(Timer.o)
 .text._ZN4mbed5TimerC2Ev
                0x08007118       0x20 C:\Users\Christopher\Documents\GitHub\Nucleo_IMU/mbed/TARGET_NUCLEO_L152RE/TOOLCHAIN_GCC_ARM\libmbed.a(Timer.o)
                0x08007118                mbed::Timer::Timer()
                0x08007118                mbed::Timer::Timer()
 .text._ZN4mbed5Timer5startEv
                0x08007138       0x18 C:\Users\Christopher\Documents\GitHub\Nucleo_IMU/mbed/TARGET_NUCLEO_L152RE/TOOLCHAIN_GCC_ARM\libmbed.a(Timer.o)
                0x08007138                mbed::Timer::start()
 .text._ZN4mbed5Timer4stopEv
                0x08007150       0x1c C:\Users\Christopher\Documents\GitHub\Nucleo_IMU/mbed/TARGET_NUCLEO_L152RE/TOOLCHAIN_GCC_ARM\libmbed.a(Timer.o)
                0x08007150                mbed::Timer::stop()
 .text._ZN4mbed5Timer7read_msEv
                0x0800716c       0x24 C:\Users\Christopher\Documents\GitHub\Nucleo_IMU/mbed/TARGET_NUCLEO_L152RE/TOOLCHAIN_GCC_ARM\libmbed.a(Timer.o)
                0x0800716c                mbed::Timer::read_ms()
 .text._ZN4mbed5Timer5resetEv
                0x08007190       0x14 C:\Users\Christopher\Documents\GitHub\Nucleo_IMU/mbed/TARGET_NUCLEO_L152RE/TOOLCHAIN_GCC_ARM\libmbed.a(Timer.o)
                0x08007190                mbed::Timer::reset()
 .text._ZN4mbed10TimerEvent3irqEm
                0x080071a4        0x8 C:\Users\Christopher\Documents\GitHub\Nucleo_IMU/mbed/TARGET_NUCLEO_L152RE/TOOLCHAIN_GCC_ARM\libmbed.a(TimerEvent.o)
                0x080071a4                mbed::TimerEvent::irq(unsigned long)
 .text._ZN4mbed10TimerEventC2Ev
                0x080071ac       0x28 C:\Users\Christopher\Documents\GitHub\Nucleo_IMU/mbed/TARGET_NUCLEO_L152RE/TOOLCHAIN_GCC_ARM\libmbed.a(TimerEvent.o)
                0x080071ac                mbed::TimerEvent::TimerEvent()
                0x080071ac                mbed::TimerEvent::TimerEvent()
 .text._ZN4mbed10TimerEventD2Ev
                0x080071d4       0x18 C:\Users\Christopher\Documents\GitHub\Nucleo_IMU/mbed/TARGET_NUCLEO_L152RE/TOOLCHAIN_GCC_ARM\libmbed.a(TimerEvent.o)
                0x080071d4                mbed::TimerEvent::~TimerEvent()
                0x080071d4                mbed::TimerEvent::~TimerEvent()
 .text._ZN4mbed10TimerEvent6insertEm
                0x080071ec        0xc C:\Users\Christopher\Documents\GitHub\Nucleo_IMU/mbed/TARGET_NUCLEO_L152RE/TOOLCHAIN_GCC_ARM\libmbed.a(TimerEvent.o)
                0x080071ec                mbed::TimerEvent::insert(unsigned long)
 .text._ZN4mbed10TimerEvent6removeEv
                0x080071f8        0xc C:\Users\Christopher\Documents\GitHub\Nucleo_IMU/mbed/TARGET_NUCLEO_L152RE/TOOLCHAIN_GCC_ARM\libmbed.a(TimerEvent.o)
                0x080071f8                mbed::TimerEvent::remove()
 .text.gpio_init_in
                0x08007204       0x24 C:\Users\Christopher\Documents\GitHub\Nucleo_IMU/mbed/TARGET_NUCLEO_L152RE/TOOLCHAIN_GCC_ARM\libmbed.a(gpio.o)
                0x08007204                gpio_init_in
 .text.gpio_init_out_ex
                0x08007228       0x58 C:\Users\Christopher\Documents\GitHub\Nucleo_IMU/mbed/TARGET_NUCLEO_L152RE/TOOLCHAIN_GCC_ARM\libmbed.a(gpio.o)
                0x08007228                gpio_init_out_ex
 .text.error    0x08007280       0x24 C:\Users\Christopher\Documents\GitHub\Nucleo_IMU/mbed/TARGET_NUCLEO_L152RE/TOOLCHAIN_GCC_ARM\libmbed.a(error.o)
                0x08007280                error
 .text.pinmap_pinout
                0x080072a4       0x44 C:\Users\Christopher\Documents\GitHub\Nucleo_IMU/mbed/TARGET_NUCLEO_L152RE/TOOLCHAIN_GCC_ARM\libmbed.a(pinmap_common.o)
                0x080072a4                pinmap_pinout
 .text.pinmap_merge
                0x080072e8       0x24 C:\Users\Christopher\Documents\GitHub\Nucleo_IMU/mbed/TARGET_NUCLEO_L152RE/TOOLCHAIN_GCC_ARM\libmbed.a(pinmap_common.o)
                0x080072e8                pinmap_merge
 .text.pinmap_peripheral
                0x0800730c       0x38 C:\Users\Christopher\Documents\GitHub\Nucleo_IMU/mbed/TARGET_NUCLEO_L152RE/TOOLCHAIN_GCC_ARM\libmbed.a(pinmap_common.o)
                0x0800730c                pinmap_peripheral
 .text.time     0x08007344       0x40 C:\Users\Christopher\Documents\GitHub\Nucleo_IMU/mbed/TARGET_NUCLEO_L152RE/TOOLCHAIN_GCC_ARM\libmbed.a(rtc_time.o)
                0x08007344                time
 .text.get_us_ticker_data
                0x08007384        0x8 C:\Users\Christopher\Documents\GitHub\Nucleo_IMU/mbed/TARGET_NUCLEO_L152RE/TOOLCHAIN_GCC_ARM\libmbed.a(us_ticker_api.o)
                0x08007384                get_us_ticker_data
 .text.us_ticker_irq_handler
                0x0800738c        0xc C:\Users\Christopher\Documents\GitHub\Nucleo_IMU/mbed/TARGET_NUCLEO_L152RE/TOOLCHAIN_GCC_ARM\libmbed.a(us_ticker_api.o)
                0x0800738c                us_ticker_irq_handler
 .text.ticker_set_handler
                0x08007398       0x14 C:\Users\Christopher\Documents\GitHub\Nucleo_IMU/mbed/TARGET_NUCLEO_L152RE/TOOLCHAIN_GCC_ARM\libmbed.a(ticker_api.o)
                0x08007398                ticker_set_handler
 .text.ticker_irq_handler
                0x080073ac       0x4c C:\Users\Christopher\Documents\GitHub\Nucleo_IMU/mbed/TARGET_NUCLEO_L152RE/TOOLCHAIN_GCC_ARM\libmbed.a(ticker_api.o)
                0x080073ac                ticker_irq_handler
 .text.ticker_insert_event
                0x080073f8       0x48 C:\Users\Christopher\Documents\GitHub\Nucleo_IMU/mbed/TARGET_NUCLEO_L152RE/TOOLCHAIN_GCC_ARM\libmbed.a(ticker_api.o)
                0x080073f8                ticker_insert_event
 .text.ticker_remove_event
                0x08007440       0x48 C:\Users\Christopher\Documents\GitHub\Nucleo_IMU/mbed/TARGET_NUCLEO_L152RE/TOOLCHAIN_GCC_ARM\libmbed.a(ticker_api.o)
                0x08007440                ticker_remove_event
 .text.ticker_read
                0x08007488        0x8 C:\Users\Christopher\Documents\GitHub\Nucleo_IMU/mbed/TARGET_NUCLEO_L152RE/TOOLCHAIN_GCC_ARM\libmbed.a(ticker_api.o)
                0x08007488                ticker_read
 .text.wait_us  0x08007490       0x18 C:\Users\Christopher\Documents\GitHub\Nucleo_IMU/mbed/TARGET_NUCLEO_L152RE/TOOLCHAIN_GCC_ARM\libmbed.a(wait_api.o)
                0x08007490                wait_us
 .text.wait_ms  0x080074a8        0xc C:\Users\Christopher\Documents\GitHub\Nucleo_IMU/mbed/TARGET_NUCLEO_L152RE/TOOLCHAIN_GCC_ARM\libmbed.a(wait_api.o)
                0x080074a8                wait_ms
 .text.gpio_set
                0x080074b4       0x30 C:\Users\Christopher\Documents\GitHub\Nucleo_IMU/mbed/TARGET_NUCLEO_L152RE/TOOLCHAIN_GCC_ARM\libmbed.a(gpio_api.o)
                0x080074b4                gpio_set
 .text.gpio_init
                0x080074e4       0x30 C:\Users\Christopher\Documents\GitHub\Nucleo_IMU/mbed/TARGET_NUCLEO_L152RE/TOOLCHAIN_GCC_ARM\libmbed.a(gpio_api.o)
                0x080074e4                gpio_init
 .text.gpio_mode
                0x08007514        0x8 C:\Users\Christopher\Documents\GitHub\Nucleo_IMU/mbed/TARGET_NUCLEO_L152RE/TOOLCHAIN_GCC_ARM\libmbed.a(gpio_api.o)
                0x08007514                gpio_mode
 .text.gpio_dir
                0x0800751c       0x40 C:\Users\Christopher\Documents\GitHub\Nucleo_IMU/mbed/TARGET_NUCLEO_L152RE/TOOLCHAIN_GCC_ARM\libmbed.a(gpio_api.o)
                0x0800751c                gpio_dir
 .text.rtc_init
                0x0800755c       0xec C:\Users\Christopher\Documents\GitHub\Nucleo_IMU/mbed/TARGET_NUCLEO_L152RE/TOOLCHAIN_GCC_ARM\libmbed.a(rtc_api.o)
                0x0800755c                rtc_init
 .text.rtc_isenabled
                0x08007648        0xc C:\Users\Christopher\Documents\GitHub\Nucleo_IMU/mbed/TARGET_NUCLEO_L152RE/TOOLCHAIN_GCC_ARM\libmbed.a(rtc_api.o)
                0x08007648                rtc_isenabled
 .text.rtc_read
                0x08007654       0x60 C:\Users\Christopher\Documents\GitHub\Nucleo_IMU/mbed/TARGET_NUCLEO_L152RE/TOOLCHAIN_GCC_ARM\libmbed.a(rtc_api.o)
                0x08007654                rtc_read
 .text.rtc_write
                0x080076b4       0x70 C:\Users\Christopher\Documents\GitHub\Nucleo_IMU/mbed/TARGET_NUCLEO_L152RE/TOOLCHAIN_GCC_ARM\libmbed.a(rtc_api.o)
                0x080076b4                rtc_write
 .text.init_spi
                0x08007724       0x5c C:\Users\Christopher\Documents\GitHub\Nucleo_IMU/mbed/TARGET_NUCLEO_L152RE/TOOLCHAIN_GCC_ARM\libmbed.a(spi_api.o)
 .text.spi_init
                0x08007780      0x120 C:\Users\Christopher\Documents\GitHub\Nucleo_IMU/mbed/TARGET_NUCLEO_L152RE/TOOLCHAIN_GCC_ARM\libmbed.a(spi_api.o)
                0x08007780                spi_init
 .text.spi_format
                0x080078a0       0x64 C:\Users\Christopher\Documents\GitHub\Nucleo_IMU/mbed/TARGET_NUCLEO_L152RE/TOOLCHAIN_GCC_ARM\libmbed.a(spi_api.o)
                0x080078a0                spi_format
 .text.spi_frequency
                0x08007904      0x124 C:\Users\Christopher\Documents\GitHub\Nucleo_IMU/mbed/TARGET_NUCLEO_L152RE/TOOLCHAIN_GCC_ARM\libmbed.a(spi_api.o)
                0x08007904                spi_frequency
 .text.spi_master_write
                0x08007a28       0x20 C:\Users\Christopher\Documents\GitHub\Nucleo_IMU/mbed/TARGET_NUCLEO_L152RE/TOOLCHAIN_GCC_ARM\libmbed.a(spi_api.o)
                0x08007a28                spi_master_write
 .text.us_ticker_init
                0x08007a48       0x28 C:\Users\Christopher\Documents\GitHub\Nucleo_IMU/mbed/TARGET_NUCLEO_L152RE/TOOLCHAIN_GCC_ARM\libmbed.a(us_ticker.o)
                0x08007a48                us_ticker_init
 .text.us_ticker_read
                0x08007a70       0x30 C:\Users\Christopher\Documents\GitHub\Nucleo_IMU/mbed/TARGET_NUCLEO_L152RE/TOOLCHAIN_GCC_ARM\libmbed.a(us_ticker.o)
                0x08007a70                us_ticker_read
 .text.us_ticker_set_interrupt
                0x08007aa0       0x14 C:\Users\Christopher\Documents\GitHub\Nucleo_IMU/mbed/TARGET_NUCLEO_L152RE/TOOLCHAIN_GCC_ARM\libmbed.a(us_ticker.o)
                0x08007aa0                us_ticker_set_interrupt
 .text.us_ticker_disable_interrupt
                0x08007ab4       0x14 C:\Users\Christopher\Documents\GitHub\Nucleo_IMU/mbed/TARGET_NUCLEO_L152RE/TOOLCHAIN_GCC_ARM\libmbed.a(us_ticker.o)
                0x08007ab4                us_ticker_disable_interrupt
 .text.us_ticker_clear_interrupt
                0x08007ac8       0x10 C:\Users\Christopher\Documents\GitHub\Nucleo_IMU/mbed/TARGET_NUCLEO_L152RE/TOOLCHAIN_GCC_ARM\libmbed.a(us_ticker.o)
                0x08007ac8                us_ticker_clear_interrupt
 .text._ZN4mbed8FileLikeC2EPKc
                0x08007ad8       0x28 C:\Users\Christopher\Documents\GitHub\Nucleo_IMU/mbed/TARGET_NUCLEO_L152RE/TOOLCHAIN_GCC_ARM\libmbed.a(FileLike.o)
                0x08007ad8                mbed::FileLike::FileLike(char const*)
                0x08007ad8                mbed::FileLike::FileLike(char const*)
 .text._ZN4mbed8FileLikeD2Ev
                0x08007b00       0x24 C:\Users\Christopher\Documents\GitHub\Nucleo_IMU/mbed/TARGET_NUCLEO_L152RE/TOOLCHAIN_GCC_ARM\libmbed.a(FileLike.o)
                0x08007b00                mbed::FileLike::~FileLike()
                0x08007b00                mbed::FileLike::~FileLike()
 .text._ZN4mbed8FileBaseD2Ev
                0x08007b24       0x30 C:\Users\Christopher\Documents\GitHub\Nucleo_IMU/mbed/TARGET_NUCLEO_L152RE/TOOLCHAIN_GCC_ARM\libmbed.a(FileBase.o)
                0x08007b24                mbed::FileBase::~FileBase()
                0x08007b24                mbed::FileBase::~FileBase()
 .text._ZN4mbed8FileBaseD0Ev
                0x08007b54       0x3c C:\Users\Christopher\Documents\GitHub\Nucleo_IMU/mbed/TARGET_NUCLEO_L152RE/TOOLCHAIN_GCC_ARM\libmbed.a(FileBase.o)
                0x08007b54                mbed::FileBase::~FileBase()
 .text._ZN4mbed8FileBaseC2EPKcNS_8PathTypeE
                0x08007b90       0x28 C:\Users\Christopher\Documents\GitHub\Nucleo_IMU/mbed/TARGET_NUCLEO_L152RE/TOOLCHAIN_GCC_ARM\libmbed.a(FileBase.o)
                0x08007b90                mbed::FileBase::FileBase(char const*, mbed::PathType)
                0x08007b90                mbed::FileBase::FileBase(char const*, mbed::PathType)
 .text._ZN4mbed8FileBase6lookupEPKcj
                0x08007bb8       0x3c C:\Users\Christopher\Documents\GitHub\Nucleo_IMU/mbed/TARGET_NUCLEO_L152RE/TOOLCHAIN_GCC_ARM\libmbed.a(FileBase.o)
                0x08007bb8                mbed::FileBase::lookup(char const*, unsigned int)
 .text._ZN4mbed8FileBase11getPathTypeEv
                0x08007bf4        0x4 C:\Users\Christopher\Documents\GitHub\Nucleo_IMU/mbed/TARGET_NUCLEO_L152RE/TOOLCHAIN_GCC_ARM\libmbed.a(FileBase.o)
                0x08007bf4                mbed::FileBase::getPathType()
 .text          0x08007bf8      0x21c c:/program files (x86)/gnu tools arm embedded/5.3 2016q1/bin/../lib/gcc/arm-none-eabi/5.3.1/armv7-m\libgcc.a(_arm_addsubsf3.o)
                0x08007bf8                __aeabi_frsub
                0x08007c00                __subsf3
                0x08007c00                __aeabi_fsub
                0x08007c04                __aeabi_fadd
                0x08007c04                __addsf3
                0x08007d64                __aeabi_ui2f
                0x08007d64                __floatunsisf
                0x08007d6c                __aeabi_i2f
                0x08007d6c                __floatsisf
                0x08007d88                __aeabi_ul2f
                0x08007d88                __floatundisf
                0x08007d98                __aeabi_l2f
                0x08007d98                __floatdisf
 .text          0x08007e14       0x4c c:/program files (x86)/gnu tools arm embedded/5.3 2016q1/bin/../lib/gcc/arm-none-eabi/5.3.1/armv7-m\libgcc.a(_arm_fixsfsi.o)
                0x08007e14                __aeabi_f2iz
                0x08007e14                __fixsfsi
 .text.__aeabi_atexit
                0x08007e60        0xa c:/program files (x86)/gnu tools arm embedded/5.3 2016q1/bin/../lib/gcc/arm-none-eabi/5.3.1/../../../../arm-none-eabi/lib/armv7-m\libc_nano.a(lib_a-aeabi_atexit.o)
                0x08007e60                __aeabi_atexit
 *fill*         0x08007e6a        0x2 
 .text.__cxa_atexit
                0x08007e6c       0x1c c:/program files (x86)/gnu tools arm embedded/5.3 2016q1/bin/../lib/gcc/arm-none-eabi/5.3.1/../../../../arm-none-eabi/lib/armv7-m\libc_nano.a(lib_a-cxa_atexit.o)
                0x08007e6c                __cxa_atexit
 .text.__errno  0x08007e88        0xc c:/program files (x86)/gnu tools arm embedded/5.3 2016q1/bin/../lib/gcc/arm-none-eabi/5.3.1/../../../../arm-none-eabi/lib/armv7-m\libc_nano.a(lib_a-errno.o)
                0x08007e88                __errno
 .text.exit     0x08007e94       0x28 c:/program files (x86)/gnu tools arm embedded/5.3 2016q1/bin/../lib/gcc/arm-none-eabi/5.3.1/../../../../arm-none-eabi/lib/armv7-m\libc_nano.a(lib_a-exit.o)
                0x08007e94                exit
 .text._fclose_r
                0x08007ebc       0xa4 c:/program files (x86)/gnu tools arm embedded/5.3 2016q1/bin/../lib/gcc/arm-none-eabi/5.3.1/../../../../arm-none-eabi/lib/armv7-m\libc_nano.a(lib_a-fclose.o)
                0x08007ebc                _fclose_r
 .text.fclose   0x08007f60       0x10 c:/program files (x86)/gnu tools arm embedded/5.3 2016q1/bin/../lib/gcc/arm-none-eabi/5.3.1/../../../../arm-none-eabi/lib/armv7-m\libc_nano.a(lib_a-fclose.o)
                0x08007f60                fclose
 .text.__sflush_r
                0x08007f70      0x10c c:/program files (x86)/gnu tools arm embedded/5.3 2016q1/bin/../lib/gcc/arm-none-eabi/5.3.1/../../../../arm-none-eabi/lib/armv7-m\libc_nano.a(lib_a-fflush.o)
                0x08007f70                __sflush_r
 .text._fflush_r
                0x0800807c       0x54 c:/program files (x86)/gnu tools arm embedded/5.3 2016q1/bin/../lib/gcc/arm-none-eabi/5.3.1/../../../../arm-none-eabi/lib/armv7-m\libc_nano.a(lib_a-fflush.o)
                0x0800807c                _fflush_r
 .text.fflush   0x080080d0       0x24 c:/program files (x86)/gnu tools arm embedded/5.3 2016q1/bin/../lib/gcc/arm-none-eabi/5.3.1/../../../../arm-none-eabi/lib/armv7-m\libc_nano.a(lib_a-fflush.o)
                0x080080d0                fflush
 .text._fgetc_r
                0x080080f4       0x58 c:/program files (x86)/gnu tools arm embedded/5.3 2016q1/bin/../lib/gcc/arm-none-eabi/5.3.1/../../../../arm-none-eabi/lib/armv7-m\libc_nano.a(lib_a-fgetc.o)
                0x080080f4                _fgetc_r
 .text.fgetc    0x0800814c       0x10 c:/program files (x86)/gnu tools arm embedded/5.3 2016q1/bin/../lib/gcc/arm-none-eabi/5.3.1/../../../../arm-none-eabi/lib/armv7-m\libc_nano.a(lib_a-fgetc.o)
                0x0800814c                fgetc
 .text._cleanup_r
                0x0800815c        0xc c:/program files (x86)/gnu tools arm embedded/5.3 2016q1/bin/../lib/gcc/arm-none-eabi/5.3.1/../../../../arm-none-eabi/lib/armv7-m\libc_nano.a(lib_a-findfp.o)
                0x0800815c                _cleanup_r
 .text.std.isra.0
                0x08008168       0x48 c:/program files (x86)/gnu tools arm embedded/5.3 2016q1/bin/../lib/gcc/arm-none-eabi/5.3.1/../../../../arm-none-eabi/lib/armv7-m\libc_nano.a(lib_a-findfp.o)
 .text.__sfmoreglue
                0x080081b0       0x2c c:/program files (x86)/gnu tools arm embedded/5.3 2016q1/bin/../lib/gcc/arm-none-eabi/5.3.1/../../../../arm-none-eabi/lib/armv7-m\libc_nano.a(lib_a-findfp.o)
                0x080081b0                __sfmoreglue
 .text.__sinit  0x080081dc       0x60 c:/program files (x86)/gnu tools arm embedded/5.3 2016q1/bin/../lib/gcc/arm-none-eabi/5.3.1/../../../../arm-none-eabi/lib/armv7-m\libc_nano.a(lib_a-findfp.o)
                0x080081dc                __sinit
 .text.__sfp    0x0800823c       0x78 c:/program files (x86)/gnu tools arm embedded/5.3 2016q1/bin/../lib/gcc/arm-none-eabi/5.3.1/../../../../arm-none-eabi/lib/armv7-m\libc_nano.a(lib_a-findfp.o)
                0x0800823c                __sfp
 .text.__sfp_lock_acquire
                0x080082b4        0x2 c:/program files (x86)/gnu tools arm embedded/5.3 2016q1/bin/../lib/gcc/arm-none-eabi/5.3.1/../../../../arm-none-eabi/lib/armv7-m\libc_nano.a(lib_a-findfp.o)
                0x080082b4                __sfp_lock_acquire
 .text.__sfp_lock_release
                0x080082b6        0x2 c:/program files (x86)/gnu tools arm embedded/5.3 2016q1/bin/../lib/gcc/arm-none-eabi/5.3.1/../../../../arm-none-eabi/lib/armv7-m\libc_nano.a(lib_a-findfp.o)
                0x080082b6                __sfp_lock_release
 .text._fopen_r
                0x080082b8       0x80 c:/program files (x86)/gnu tools arm embedded/5.3 2016q1/bin/../lib/gcc/arm-none-eabi/5.3.1/../../../../arm-none-eabi/lib/armv7-m\libc_nano.a(lib_a-fopen.o)
                0x080082b8                _fopen_r
 .text.fopen    0x08008338       0x10 c:/program files (x86)/gnu tools arm embedded/5.3 2016q1/bin/../lib/gcc/arm-none-eabi/5.3.1/../../../../arm-none-eabi/lib/armv7-m\libc_nano.a(lib_a-fopen.o)
                0x08008338                fopen
 .text.fprintf  0x08008348       0x24 c:/program files (x86)/gnu tools arm embedded/5.3 2016q1/bin/../lib/gcc/arm-none-eabi/5.3.1/../../../../arm-none-eabi/lib/armv7-m\libc_nano.a(lib_a-fprintf.o)
                0x08008348                fiprintf
                0x08008348                fprintf
 .text._fputs_r
                0x0800836c       0x8c c:/program files (x86)/gnu tools arm embedded/5.3 2016q1/bin/../lib/gcc/arm-none-eabi/5.3.1/../../../../arm-none-eabi/lib/armv7-m\libc_nano.a(lib_a-fputs.o)
                0x0800836c                _fputs_r
 .text.fputs    0x080083f8       0x10 c:/program files (x86)/gnu tools arm embedded/5.3 2016q1/bin/../lib/gcc/arm-none-eabi/5.3.1/../../../../arm-none-eabi/lib/armv7-m\libc_nano.a(lib_a-fputs.o)
                0x080083f8                fputs
 .text._fseek_r
                0x08008408        0x4 c:/program files (x86)/gnu tools arm embedded/5.3 2016q1/bin/../lib/gcc/arm-none-eabi/5.3.1/../../../../arm-none-eabi/lib/armv7-m\libc_nano.a(lib_a-fseek.o)
                0x08008408                _fseek_r
 .text._fseeko_r
                0x0800840c      0x118 c:/program files (x86)/gnu tools arm embedded/5.3 2016q1/bin/../lib/gcc/arm-none-eabi/5.3.1/../../../../arm-none-eabi/lib/armv7-m\libc_nano.a(lib_a-fseeko.o)
                0x0800840c                _fseeko_r
 .text._fwalk   0x08008524       0x38 c:/program files (x86)/gnu tools arm embedded/5.3 2016q1/bin/../lib/gcc/arm-none-eabi/5.3.1/../../../../arm-none-eabi/lib/armv7-m\libc_nano.a(lib_a-fwalk.o)
                0x08008524                _fwalk
 .text._fwalk_reent
                0x0800855c       0x3c c:/program files (x86)/gnu tools arm embedded/5.3 2016q1/bin/../lib/gcc/arm-none-eabi/5.3.1/../../../../arm-none-eabi/lib/armv7-m\libc_nano.a(lib_a-fwalk.o)
                0x0800855c                _fwalk_reent
 .text.__libc_init_array
                0x08008598       0x4c c:/program files (x86)/gnu tools arm embedded/5.3 2016q1/bin/../lib/gcc/arm-none-eabi/5.3.1/../../../../arm-none-eabi/lib/armv7-m\libc_nano.a(lib_a-init.o)
                0x08008598                __libc_init_array
 .text.localtime
                0x080085e4       0x24 c:/program files (x86)/gnu tools arm embedded/5.3 2016q1/bin/../lib/gcc/arm-none-eabi/5.3.1/../../../../arm-none-eabi/lib/armv7-m\libc_nano.a(lib_a-lcltime.o)
                0x080085e4                localtime
 .text.localtime_r
                0x08008608      0x1cc c:/program files (x86)/gnu tools arm embedded/5.3 2016q1/bin/../lib/gcc/arm-none-eabi/5.3.1/../../../../arm-none-eabi/lib/armv7-m\libc_nano.a(lib_a-lcltime_r.o)
                0x08008608                localtime_r
 .text.__swhatbuf_r
                0x080087d4       0x46 c:/program files (x86)/gnu tools arm embedded/5.3 2016q1/bin/../lib/gcc/arm-none-eabi/5.3.1/../../../../arm-none-eabi/lib/armv7-m\libc_nano.a(lib_a-makebuf.o)
                0x080087d4                __swhatbuf_r
 *fill*         0x0800881a        0x2 
 .text.__smakebuf_r
                0x0800881c       0x78 c:/program files (x86)/gnu tools arm embedded/5.3 2016q1/bin/../lib/gcc/arm-none-eabi/5.3.1/../../../../arm-none-eabi/lib/armv7-m\libc_nano.a(lib_a-makebuf.o)
                0x0800881c                __smakebuf_r
 .text.malloc   0x08008894       0x10 c:/program files (x86)/gnu tools arm embedded/5.3 2016q1/bin/../lib/gcc/arm-none-eabi/5.3.1/../../../../arm-none-eabi/lib/armv7-m\libc_nano.a(lib_a-malloc.o)
                0x08008894                malloc
 .text.free     0x080088a4       0x10 c:/program files (x86)/gnu tools arm embedded/5.3 2016q1/bin/../lib/gcc/arm-none-eabi/5.3.1/../../../../arm-none-eabi/lib/armv7-m\libc_nano.a(lib_a-malloc.o)
                0x080088a4                free
 .text.memchr   0x080088b4       0x1c c:/program files (x86)/gnu tools arm embedded/5.3 2016q1/bin/../lib/gcc/arm-none-eabi/5.3.1/../../../../arm-none-eabi/lib/armv7-m\libc_nano.a(lib_a-memchr-stub.o)
                0x080088b4                memchr
 .text.memcpy   0x080088d0       0x16 c:/program files (x86)/gnu tools arm embedded/5.3 2016q1/bin/../lib/gcc/arm-none-eabi/5.3.1/../../../../arm-none-eabi/lib/armv7-m\libc_nano.a(lib_a-memcpy-stub.o)
                0x080088d0                memcpy
 .text.memset   0x080088e6       0x10 c:/program files (x86)/gnu tools arm embedded/5.3 2016q1/bin/../lib/gcc/arm-none-eabi/5.3.1/../../../../arm-none-eabi/lib/armv7-m\libc_nano.a(lib_a-memset.o)
                0x080088e6                memset
 *fill*         0x080088f6        0x2 
 .text.validate_structure
                0x080088f8      0x1b8 c:/program files (x86)/gnu tools arm embedded/5.3 2016q1/bin/../lib/gcc/arm-none-eabi/5.3.1/../../../../arm-none-eabi/lib/armv7-m\libc_nano.a(lib_a-mktime.o)
 .text.mktime   0x08008ab0      0x2e4 c:/program files (x86)/gnu tools arm embedded/5.3 2016q1/bin/../lib/gcc/arm-none-eabi/5.3.1/../../../../arm-none-eabi/lib/armv7-m\libc_nano.a(lib_a-mktime.o)
                0x08008ab0                mktime
 .text._free_r  0x08008d94       0x88 c:/program files (x86)/gnu tools arm embedded/5.3 2016q1/bin/../lib/gcc/arm-none-eabi/5.3.1/../../../../arm-none-eabi/lib/armv7-m\libc_nano.a(lib_a-nano-freer.o)
                0x08008d94                _free_r
 .text._malloc_r
                0x08008e1c       0xa8 c:/program files (x86)/gnu tools arm embedded/5.3 2016q1/bin/../lib/gcc/arm-none-eabi/5.3.1/../../../../arm-none-eabi/lib/armv7-m\libc_nano.a(lib_a-nano-mallocr.o)
                0x08008e1c                _malloc_r
 .text.__sfputc_r
                0x08008ec4       0x2c c:/program files (x86)/gnu tools arm embedded/5.3 2016q1/bin/../lib/gcc/arm-none-eabi/5.3.1/../../../../arm-none-eabi/lib/armv7-m\libc_nano.a(lib_a-nano-vfprintf.o)
 .text.__sfputs_r
                0x08008ef0       0x24 c:/program files (x86)/gnu tools arm embedded/5.3 2016q1/bin/../lib/gcc/arm-none-eabi/5.3.1/../../../../arm-none-eabi/lib/armv7-m\libc_nano.a(lib_a-nano-vfprintf.o)
                0x08008ef0                __sfputs_r
 .text._vfprintf_r
                0x08008f14      0x238 c:/program files (x86)/gnu tools arm embedded/5.3 2016q1/bin/../lib/gcc/arm-none-eabi/5.3.1/../../../../arm-none-eabi/lib/armv7-m\libc_nano.a(lib_a-nano-vfprintf.o)
                0x08008f14                _vfprintf_r
                0x08008f14                _vfiprintf_r
 .text.vfprintf
                0x0800914c       0x14 c:/program files (x86)/gnu tools arm embedded/5.3 2016q1/bin/../lib/gcc/arm-none-eabi/5.3.1/../../../../arm-none-eabi/lib/armv7-m\libc_nano.a(lib_a-nano-vfprintf.o)
                0x0800914c                vfprintf
                0x0800914c                vfiprintf
 .text._printf_common
                0x08009160       0xec c:/program files (x86)/gnu tools arm embedded/5.3 2016q1/bin/../lib/gcc/arm-none-eabi/5.3.1/../../../../arm-none-eabi/lib/armv7-m\libc_nano.a(lib_a-nano-vfprintf_i.o)
                0x08009160                _printf_common
 .text._printf_i
                0x0800924c      0x24c c:/program files (x86)/gnu tools arm embedded/5.3 2016q1/bin/../lib/gcc/arm-none-eabi/5.3.1/../../../../arm-none-eabi/lib/armv7-m\libc_nano.a(lib_a-nano-vfprintf_i.o)
                0x0800924c                _printf_i
 .text._scanf_chars
                0x08009498       0xcc c:/program files (x86)/gnu tools arm embedded/5.3 2016q1/bin/../lib/gcc/arm-none-eabi/5.3.1/../../../../arm-none-eabi/lib/armv7-m\libc_nano.a(lib_a-nano-vfscanf_i.o)
                0x08009498                _scanf_chars
 .text._scanf_i
                0x08009564      0x1e4 c:/program files (x86)/gnu tools arm embedded/5.3 2016q1/bin/../lib/gcc/arm-none-eabi/5.3.1/../../../../arm-none-eabi/lib/armv7-m\libc_nano.a(lib_a-nano-vfscanf_i.o)
                0x08009564                _scanf_i