Archive member included because of file (symbol)

C:\Users\Christopher\Documents\GitHub\Nucleo_IMU/mbed/TARGET_NUCLEO_L152RE/TOOLCHAIN_GCC_ARM\libmbed.a(analogin_api.o)
                              ..\obj\main.o (analogin_init)
C:\Users\Christopher\Documents\GitHub\Nucleo_IMU/mbed/TARGET_NUCLEO_L152RE/TOOLCHAIN_GCC_ARM\libmbed.a(gpio_irq_api.o)
                              ..\obj\cc3000_spi.o (gpio_irq_set)
C:\Users\Christopher\Documents\GitHub\Nucleo_IMU/mbed/TARGET_NUCLEO_L152RE/TOOLCHAIN_GCC_ARM\libmbed.a(pinmap.o)
                              C:\Users\Christopher\Documents\GitHub\Nucleo_IMU/mbed/TARGET_NUCLEO_L152RE/TOOLCHAIN_GCC_ARM\libmbed.a(gpio_irq_api.o) (Set_GPIO_Clock)
C:\Users\Christopher\Documents\GitHub\Nucleo_IMU/mbed/TARGET_NUCLEO_L152RE/TOOLCHAIN_GCC_ARM\libmbed.a(serial_api.o)
                              C:\Users\Christopher\Documents\GitHub\Nucleo_IMU/mbed/TARGET_NUCLEO_L152RE/TOOLCHAIN_GCC_ARM/retarget.o (serial_init)
C:\Users\Christopher\Documents\GitHub\Nucleo_IMU/mbed/TARGET_NUCLEO_L152RE/TOOLCHAIN_GCC_ARM\libmbed.a(FileSystemLike.o)
                              C:\Users\Christopher\Documents\GitHub\Nucleo_IMU/mbed/TARGET_NUCLEO_L152RE/TOOLCHAIN_GCC_ARM/retarget.o (mbed::FileSystemLike::opendir())
C:\Users\Christopher\Documents\GitHub\Nucleo_IMU/mbed/TARGET_NUCLEO_L152RE/TOOLCHAIN_GCC_ARM\libmbed.a(FilePath.o)
                              C:\Users\Christopher\Documents\GitHub\Nucleo_IMU/mbed/TARGET_NUCLEO_L152RE/TOOLCHAIN_GCC_ARM/retarget.o (mbed::FilePath::FilePath(char const*))
C:\Users\Christopher\Documents\GitHub\Nucleo_IMU/mbed/TARGET_NUCLEO_L152RE/TOOLCHAIN_GCC_ARM\libmbed.a(InterruptIn.o)
                              ..\obj\cc3000_spi.o (mbed::InterruptIn::~InterruptIn())
C:\Users\Christopher\Documents\GitHub\Nucleo_IMU/mbed/TARGET_NUCLEO_L152RE/TOOLCHAIN_GCC_ARM\libmbed.a(SPI.o)
                              ..\obj\cc3000_spi.o (mbed::SPI::format(int, int))
C:\Users\Christopher\Documents\GitHub\Nucleo_IMU/mbed/TARGET_NUCLEO_L152RE/TOOLCHAIN_GCC_ARM\libmbed.a(Serial.o)
                              ..\obj\main.o (mbed::Serial::Serial(PinName, PinName, char const*))
C:\Users\Christopher\Documents\GitHub\Nucleo_IMU/mbed/TARGET_NUCLEO_L152RE/TOOLCHAIN_GCC_ARM\libmbed.a(SerialBase.o)
                              C:\Users\Christopher\Documents\GitHub\Nucleo_IMU/mbed/TARGET_NUCLEO_L152RE/TOOLCHAIN_GCC_ARM\libmbed.a(Serial.o) (mbed::SerialBase::SerialBase(PinName, PinName))
C:\Users\Christopher\Documents\GitHub\Nucleo_IMU/mbed/TARGET_NUCLEO_L152RE/TOOLCHAIN_GCC_ARM\libmbed.a(Stream.o)
                              C:\Users\Christopher\Documents\GitHub\Nucleo_IMU/mbed/TARGET_NUCLEO_L152RE/TOOLCHAIN_GCC_ARM\libmbed.a(Serial.o) (mbed::Stream::close())
C:\Users\Christopher\Documents\GitHub\Nucleo_IMU/mbed/TARGET_NUCLEO_L152RE/TOOLCHAIN_GCC_ARM\libmbed.a(Ticker.o)
                              ..\obj\main.o (mbed::Ticker::detach())
C:\Users\Christopher\Documents\GitHub\Nucleo_IMU/mbed/TARGET_NUCLEO_L152RE/TOOLCHAIN_GCC_ARM\libmbed.a(assert.o)
                              ..\obj\cc3000_spi.o (mbed_assert_internal)
C:\Users\Christopher\Documents\GitHub\Nucleo_IMU/mbed/TARGET_NUCLEO_L152RE/TOOLCHAIN_GCC_ARM\libmbed.a(Timer.o)
                              ..\obj\cc3000.o (mbed::Timer::Timer())
C:\Users\Christopher\Documents\GitHub\Nucleo_IMU/mbed/TARGET_NUCLEO_L152RE/TOOLCHAIN_GCC_ARM\libmbed.a(TimerEvent.o)
                              ..\obj\main.o (mbed::TimerEvent::TimerEvent())
C:\Users\Christopher\Documents\GitHub\Nucleo_IMU/mbed/TARGET_NUCLEO_L152RE/TOOLCHAIN_GCC_ARM\libmbed.a(gpio.o)
                              C:\Users\Christopher\Documents\GitHub\Nucleo_IMU/mbed/TARGET_NUCLEO_L152RE/TOOLCHAIN_GCC_ARM\libmbed.a(InterruptIn.o) (gpio_init_in)
C:\Users\Christopher\Documents\GitHub\Nucleo_IMU/mbed/TARGET_NUCLEO_L152RE/TOOLCHAIN_GCC_ARM\libmbed.a(error.o)
                              C:\Users\Christopher\Documents\GitHub\Nucleo_IMU/mbed/TARGET_NUCLEO_L152RE/TOOLCHAIN_GCC_ARM/retarget.o (error)
C:\Users\Christopher\Documents\GitHub\Nucleo_IMU/mbed/TARGET_NUCLEO_L152RE/TOOLCHAIN_GCC_ARM\libmbed.a(pinmap_common.o)
                              C:\Users\Christopher\Documents\GitHub\Nucleo_IMU/mbed/TARGET_NUCLEO_L152RE/TOOLCHAIN_GCC_ARM\libmbed.a(analogin_api.o) (pinmap_pinout)
C:\Users\Christopher\Documents\GitHub\Nucleo_IMU/mbed/TARGET_NUCLEO_L152RE/TOOLCHAIN_GCC_ARM\libmbed.a(us_ticker_api.o)
                              C:\Users\Christopher\Documents\GitHub\Nucleo_IMU/mbed/TARGET_NUCLEO_L152RE/TOOLCHAIN_GCC_ARM\libmbed.a(Timer.o) (get_us_ticker_data)
C:\Users\Christopher\Documents\GitHub\Nucleo_IMU/mbed/TARGET_NUCLEO_L152RE/TOOLCHAIN_GCC_ARM\libmbed.a(ticker_api.o)
                              C:\Users\Christopher\Documents\GitHub\Nucleo_IMU/mbed/TARGET_NUCLEO_L152RE/TOOLCHAIN_GCC_ARM\libmbed.a(TimerEvent.o) (ticker_set_handler)
C:\Users\Christopher\Documents\GitHub\Nucleo_IMU/mbed/TARGET_NUCLEO_L152RE/TOOLCHAIN_GCC_ARM\libmbed.a(wait_api.o)
[...]
Memory Configuration

Name             Origin             Length             Attributes
FLASH            0x08000000         0x00080000         xr
RAM              0x2000013c         0x00013ec4         xrw
*default*        0x00000000         0xffffffff

Linker script and memory map

LOAD c:/program files (x86)/gnu tools arm embedded/4.9 2014q4/bin/../lib/gcc/arm-none-eabi/4.9.3/armv7-m/crti.o
LOAD c:/program files (x86)/gnu tools arm embedded/4.9 2014q4/bin/../lib/gcc/arm-none-eabi/4.9.3/armv7-m/crtbegin.o
LOAD c:/program files (x86)/gnu tools arm embedded/4.9 2014q4/bin/../lib/gcc/arm-none-eabi/4.9.3/../../../../arm-none-eabi/lib/armv7-m/crt0.o
LOAD C:\Users\Christopher\Documents\GitHub\Nucleo_IMU/mbed/TARGET_NUCLEO_L152RE/TOOLCHAIN_GCC_ARM/stm32l1xx_hal_flash_ramfunc.o
LOAD C:\Users\Christopher\Documents\GitHub\Nucleo_IMU/mbed/TARGET_NUCLEO_L152RE/TOOLCHAIN_GCC_ARM/board.o
LOAD C:\Users\Christopher\Documents\GitHub\Nucleo_IMU/mbed/TARGET_NUCLEO_L152RE/TOOLCHAIN_GCC_ARM/cmsis_nvic.o
LOAD C:\Users\Christopher\Documents\GitHub\Nucleo_IMU/mbed/TARGET_NUCLEO_L152RE/TOOLCHAIN_GCC_ARM/hal_tick.o
LOAD C:\Users\Christopher\Documents\GitHub\Nucleo_IMU/mbed/TARGET_NUCLEO_L152RE/TOOLCHAIN_GCC_ARM/mbed_overrides.o
LOAD C:\Users\Christopher\Documents\GitHub\Nucleo_IMU/mbed/TARGET_NUCLEO_L152RE/TOOLCHAIN_GCC_ARM/retarget.o
LOAD C:\Users\Christopher\Documents\GitHub\Nucleo_IMU/mbed/TARGET_NUCLEO_L152RE/TOOLCHAIN_GCC_ARM/startup_stm32l152xe.o
LOAD C:\Users\Christopher\Documents\GitHub\Nucleo_IMU/mbed/TARGET_NUCLEO_L152RE/TOOLCHAIN_GCC_ARM/stm32l1xx_hal.o
LOAD C:\Users\Christopher\Documents\GitHub\Nucleo_IMU/mbed/TARGET_NUCLEO_L152RE/TOOLCHAIN_GCC_ARM/stm32l1xx_hal_adc.o
LOAD C:\Users\Christopher\Documents\GitHub\Nucleo_IMU/mbed/TARGET_NUCLEO_L152RE/TOOLCHAIN_GCC_ARM/stm32l1xx_hal_adc_ex.o
LOAD C:\Users\Christopher\Documents\GitHub\Nucleo_IMU/mbed/TARGET_NUCLEO_L152RE/TOOLCHAIN_GCC_ARM/stm32l1xx_hal_comp.o
LOAD C:\Users\Christopher\Documents\GitHub\Nucleo_IMU/mbed/TARGET_NUCLEO_L152RE/TOOLCHAIN_GCC_ARM/stm32l1xx_hal_cortex.o
LOAD C:\Users\Christopher\Documents\GitHub\Nucleo_IMU/mbed/TARGET_NUCLEO_L152RE/TOOLCHAIN_GCC_ARM/stm32l1xx_hal_crc.o
LOAD C:\Users\Christopher\Documents\GitHub\Nucleo_IMU/mbed/TARGET_NUCLEO_L152RE/TOOLCHAIN_GCC_ARM/stm32l1xx_hal_cryp.o
LOAD C:\Users\Christopher\Documents\GitHub\Nucleo_IMU/mbed/TARGET_NUCLEO_L152RE/TOOLCHAIN_GCC_ARM/stm32l1xx_hal_cryp_ex.o
LOAD C:\Users\Christopher\Documents\GitHub\Nucleo_IMU/mbed/TARGET_NUCLEO_L152RE/TOOLCHAIN_GCC_ARM/stm32l1xx_hal_dac.o
LOAD C:\Users\Christopher\Documents\GitHub\Nucleo_IMU/mbed/TARGET_NUCLEO_L152RE/TOOLCHAIN_GCC_ARM/stm32l1xx_hal_dac_ex.o
LOAD C:\Users\Christopher\Documents\GitHub\Nucleo_IMU/mbed/TARGET_NUCLEO_L152RE/TOOLCHAIN_GCC_ARM/stm32l1xx_hal_dma.o
LOAD C:\Users\Christopher\Documents\GitHub\Nucleo_IMU/mbed/TARGET_NUCLEO_L152RE/TOOLCHAIN_GCC_ARM/stm32l1xx_hal_flash.o
LOAD C:\Users\Christopher\Documents\GitHub\Nucleo_IMU/mbed/TARGET_NUCLEO_L152RE/TOOLCHAIN_GCC_ARM/stm32l1xx_hal_flash_ex.o
LOAD C:\Users\Christopher\Documents\GitHub\Nucleo_IMU/mbed/TARGET_NUCLEO_L152RE/TOOLCHAIN_GCC_ARM/stm32l1xx_hal_smartcard.o
LOAD C:\Users\Christopher\Documents\GitHub\Nucleo_IMU/mbed/TARGET_NUCLEO_L152RE/TOOLCHAIN_GCC_ARM/stm32l1xx_hal_gpio.o
LOAD C:\Users\Christopher\Documents\GitHub\Nucleo_IMU/mbed/TARGET_NUCLEO_L152RE/TOOLCHAIN_GCC_ARM/stm32l1xx_hal_i2c.o
LOAD C:\Users\Christopher\Documents\GitHub\Nucleo_IMU/mbed/TARGET_NUCLEO_L152RE/TOOLCHAIN_GCC_ARM/stm32l1xx_hal_i2s.o
LOAD C:\Users\Christopher\Documents\GitHub\Nucleo_IMU/mbed/TARGET_NUCLEO_L152RE/TOOLCHAIN_GCC_ARM/stm32l1xx_hal_irda.o
LOAD C:\Users\Christopher\Documents\GitHub\Nucleo_IMU/mbed/TARGET_NUCLEO_L152RE/TOOLCHAIN_GCC_ARM/stm32l1xx_hal_iwdg.o
LOAD C:\Users\Christopher\Documents\GitHub\Nucleo_IMU/mbed/TARGET_NUCLEO_L152RE/TOOLCHAIN_GCC_ARM/stm32l1xx_hal_lcd.o
LOAD C:\Users\Christopher\Documents\GitHub\Nucleo_IMU/mbed/TARGET_NUCLEO_L152RE/TOOLCHAIN_GCC_ARM/stm32l1xx_hal_nor.o
LOAD C:\Users\Christopher\Documents\GitHub\Nucleo_IMU/mbed/TARGET_NUCLEO_L152RE/TOOLCHAIN_GCC_ARM/stm32l1xx_hal_opamp.o
LOAD C:\Users\Christopher\Documents\GitHub\Nucleo_IMU/mbed/TARGET_NUCLEO_L152RE/TOOLCHAIN_GCC_ARM/stm32l1xx_hal_opamp_ex.o
LOAD C:\Users\Christopher\Documents\GitHub\Nucleo_IMU/mbed/TARGET_NUCLEO_L152RE/TOOLCHAIN_GCC_ARM/stm32l1xx_hal_pcd.o
LOAD C:\Users\Christopher\Documents\GitHub\Nucleo_IMU/mbed/TARGET_NUCLEO_L152RE/TOOLCHAIN_GCC_ARM/stm32l1xx_hal_pcd_ex.o
LOAD C:\Users\Christopher\Documents\GitHub\Nucleo_IMU/mbed/TARGET_NUCLEO_L152RE/TOOLCHAIN_GCC_ARM/stm32l1xx_hal_pwr.o
LOAD C:\Users\Christopher\Documents\GitHub\Nucleo_IMU/mbed/TARGET_NUCLEO_L152RE/TOOLCHAIN_GCC_ARM/stm32l1xx_hal_pwr_ex.o
LOAD C:\Users\Christopher\Documents\GitHub\Nucleo_IMU/mbed/TARGET_NUCLEO_L152RE/TOOLCHAIN_GCC_ARM/stm32l1xx_hal_rcc.o
LOAD C:\Users\Christopher\Documents\GitHub\Nucleo_IMU/mbed/TARGET_NUCLEO_L152RE/TOOLCHAIN_GCC_ARM/stm32l1xx_hal_rcc_ex.o
LOAD C:\Users\Christopher\Documents\GitHub\Nucleo_IMU/mbed/TARGET_NUCLEO_L152RE/TOOLCHAIN_GCC_ARM/stm32l1xx_hal_rtc.o
LOAD C:\Users\Christopher\Documents\GitHub\Nucleo_IMU/mbed/TARGET_NUCLEO_L152RE/TOOLCHAIN_GCC_ARM/stm32l1xx_hal_rtc_ex.o
LOAD C:\Users\Christopher\Documents\GitHub\Nucleo_IMU/mbed/TARGET_NUCLEO_L152RE/TOOLCHAIN_GCC_ARM/stm32l1xx_hal_sd.o
LOAD C:\Users\Christopher\Documents\GitHub\Nucleo_IMU/mbed/TARGET_NUCLEO_L152RE/TOOLCHAIN_GCC_ARM/stm32l1xx_hal_spi.o
LOAD C:\Users\Christopher\Documents\GitHub\Nucleo_IMU/mbed/TARGET_NUCLEO_L152RE/TOOLCHAIN_GCC_ARM/stm32l1xx_hal_spi_ex.o
LOAD C:\Users\Christopher\Documents\GitHub\Nucleo_IMU/mbed/TARGET_NUCLEO_L152RE/TOOLCHAIN_GCC_ARM/stm32l1xx_hal_sram.o
LOAD C:\Users\Christopher\Documents\GitHub\Nucleo_IMU/mbed/TARGET_NUCLEO_L152RE/TOOLCHAIN_GCC_ARM/stm32l1xx_hal_tim.o
LOAD C:\Users\Christopher\Documents\GitHub\Nucleo_IMU/mbed/TARGET_NUCLEO_L152RE/TOOLCHAIN_GCC_ARM/stm32l1xx_hal_tim_ex.o
LOAD C:\Users\Christopher\Documents\GitHub\Nucleo_IMU/mbed/TARGET_NUCLEO_L152RE/TOOLCHAIN_GCC_ARM/stm32l1xx_hal_uart.o
LOAD C:\Users\Christopher\Documents\GitHub\Nucleo_IMU/mbed/TARGET_NUCLEO_L152RE/TOOLCHAIN_GCC_ARM/stm32l1xx_hal_usart.o
LOAD C:\Users\Christopher\Documents\GitHub\Nucleo_IMU/mbed/TARGET_NUCLEO_L152RE/TOOLCHAIN_GCC_ARM/stm32l1xx_hal_wwdg.o
LOAD C:\Users\Christopher\Documents\GitHub\Nucleo_IMU/mbed/TARGET_NUCLEO_L152RE/TOOLCHAIN_GCC_ARM/stm32l1xx_ll_fsmc.o
LOAD C:\Users\Christopher\Documents\GitHub\Nucleo_IMU/mbed/TARGET_NUCLEO_L152RE/TOOLCHAIN_GCC_ARM/stm32l1xx_ll_sdmmc.o
LOAD C:\Users\Christopher\Documents\GitHub\Nucleo_IMU/mbed/TARGET_NUCLEO_L152RE/TOOLCHAIN_GCC_ARM/system_stm32l1xx.o

.text           0x08000000     0x6560
 *(.isr_vector)
 .isr_vector    0x08000000      0x13c C:\Users\Christopher\Documents\GitHub\Nucleo_IMU/mbed/TARGET_NUCLEO_L152RE/TOOLCHAIN_GCC_ARM/startup_stm32l152xe.o
                0x08000000                g_pfnVectors
 *(.text*)
 .text          0x0800013c       0x5c c:/program files (x86)/gnu tools arm embedded/4.9 2014q4/bin/../lib/gcc/arm-none-eabi/4.9.3/armv7-m/crtbegin.o
 .text          0x08000198       0x74 c:/program files (x86)/gnu tools arm embedded/4.9 2014q4/bin/../lib/gcc/arm-none-eabi/4.9.3/../../../../arm-none-eabi/lib/armv7-m/crt0.o
                0x08000198                _start
                0x08000198                _mainCRTStartup
 .text.mbed_die
                0x0800020c       0x14 C:\Users\Christopher\Documents\GitHub\Nucleo_IMU/mbed/TARGET_NUCLEO_L152RE/TOOLCHAIN_GCC_ARM/board.o
                0x0800020c                mbed_die
 .text.NVIC_SetVector
                0x08000220       0x48 C:\Users\Christopher\Documents\GitHub\Nucleo_IMU/mbed/TARGET_NUCLEO_L152RE/TOOLCHAIN_GCC_ARM/cmsis_nvic.o
                0x08000220                NVIC_SetVector
 .text.timer_irq_handler
                0x08000268       0x48 C:\Users\Christopher\Documents\GitHub\Nucleo_IMU/mbed/TARGET_NUCLEO_L152RE/TOOLCHAIN_GCC_ARM/hal_tick.o
                0x08000268                timer_irq_handler
 .text.HAL_InitTick
                0x080002b0       0xa4 C:\Users\Christopher\Documents\GitHub\Nucleo_IMU/mbed/TARGET_NUCLEO_L152RE/TOOLCHAIN_GCC_ARM/hal_tick.o
                0x080002b0                HAL_InitTick
 .text.mbed_sdk_init
                0x08000354        0x4 C:\Users\Christopher\Documents\GitHub\Nucleo_IMU/mbed/TARGET_NUCLEO_L152RE/TOOLCHAIN_GCC_ARM/mbed_overrides.o
                0x08000354                mbed_sdk_init
 .text._ZN4mbed10FileHandle4flenEv
                0x08000358       0x34 C:\Users\Christopher\Documents\GitHub\Nucleo_IMU/mbed/TARGET_NUCLEO_L152RE/TOOLCHAIN_GCC_ARM/retarget.o
                0x08000358                mbed::FileHandle::flen()
 .text._ZL11init_serialv.part.0
                0x0800038c       0x10 C:\Users\Christopher\Documents\GitHub\Nucleo_IMU/mbed/TARGET_NUCLEO_L152RE/TOOLCHAIN_GCC_ARM/retarget.o
 .text._ZN4mbed10FileHandleD2Ev
                0x0800039c       0x2c C:\Users\Christopher\Documents\GitHub\Nucleo_IMU/mbed/TARGET_NUCLEO_L152RE/TOOLCHAIN_GCC_ARM/retarget.o
                0x0800039c                mbed::FileHandle::~FileHandle()
                0x0800039c                mbed::FileHandle::~FileHandle()
 .text._open    0x080003c8       0xfc C:\Users\Christopher\Documents\GitHub\Nucleo_IMU/mbed/TARGET_NUCLEO_L152RE/TOOLCHAIN_GCC_ARM/retarget.o
                0x080003c8                _open
 .text._close   0x080004c4       0x28 C:\Users\Christopher\Documents\GitHub\Nucleo_IMU/mbed/TARGET_NUCLEO_L152RE/TOOLCHAIN_GCC_ARM/retarget.o
                0x080004c4                _close
 .text._write   0x080004ec       0x4c C:\Users\Christopher\Documents\GitHub\Nucleo_IMU/mbed/TARGET_NUCLEO_L152RE/TOOLCHAIN_GCC_ARM/retarget.o
                0x080004ec                _write
 .text._read    0x08000538       0x44 C:\Users\Christopher\Documents\GitHub\Nucleo_IMU/mbed/TARGET_NUCLEO_L152RE/TOOLCHAIN_GCC_ARM/retarget.o
                0x08000538                _read
 .text._isatty  0x0800057c       0x24 C:\Users\Christopher\Documents\GitHub\Nucleo_IMU/mbed/TARGET_NUCLEO_L152RE/TOOLCHAIN_GCC_ARM/retarget.o
                0x0800057c                _isatty
 .text._lseek   0x080005a0       0x24 C:\Users\Christopher\Documents\GitHub\Nucleo_IMU/mbed/TARGET_NUCLEO_L152RE/TOOLCHAIN_GCC_ARM/retarget.o
                0x080005a0                _lseek
 .text._fstat   0x080005c4       0x20 C:\Users\Christopher\Documents\GitHub\Nucleo_IMU/mbed/TARGET_NUCLEO_L152RE/TOOLCHAIN_GCC_ARM/retarget.o
                0x080005c4                _fstat
 .text.__cxa_pure_virtual
                0x080005e4        0x8 C:\Users\Christopher\Documents\GitHub\Nucleo_IMU/mbed/TARGET_NUCLEO_L152RE/TOOLCHAIN_GCC_ARM/retarget.o
                0x080005e4                __cxa_pure_virtual
 .text.mbed_main
                0x080005ec        0x4 C:\Users\Christopher\Documents\GitHub\Nucleo_IMU/mbed/TARGET_NUCLEO_L152RE/TOOLCHAIN_GCC_ARM/retarget.o
                0x080005ec                mbed_main
 .text.__wrap_main
                0x080005f0       0x14 C:\Users\Christopher\Documents\GitHub\Nucleo_IMU/mbed/TARGET_NUCLEO_L152RE/TOOLCHAIN_GCC_ARM/retarget.o
                0x080005f0                __wrap_main
 .text._sbrk    0x08000604       0x28 C:\Users\Christopher\Documents\GitHub\Nucleo_IMU/mbed/TARGET_NUCLEO_L152RE/TOOLCHAIN_GCC_ARM/retarget.o
                0x08000604                _sbrk
 .text._exit    0x0800062c       0x24 C:\Users\Christopher\Documents\GitHub\Nucleo_IMU/mbed/TARGET_NUCLEO_L152RE/TOOLCHAIN_GCC_ARM/retarget.o
                0x0800062c                _exit
 .text._ZN4mbed26mbed_set_unbuffered_streamEP7__sFILE
                0x08000650        0x8 C:\Users\Christopher\Documents\GitHub\Nucleo_IMU/mbed/TARGET_NUCLEO_L152RE/TOOLCHAIN_GCC_ARM/retarget.o
                0x08000650                mbed::mbed_set_unbuffered_stream(__sFILE*)
 .text._ZN4mbed9mbed_getcEP7__sFILE
                0x08000658        0x4 C:\Users\Christopher\Documents\GitHub\Nucleo_IMU/mbed/TARGET_NUCLEO_L152RE/TOOLCHAIN_GCC_ARM/retarget.o
                0x08000658                mbed::mbed_getc(__sFILE*)
 .text.Reset_Handler
                0x0800065c       0x4c C:\Users\Christopher\Documents\GitHub\Nucleo_IMU/mbed/TARGET_NUCLEO_L152RE/TOOLCHAIN_GCC_ARM/startup_stm32l152xe.o
                0x0800065c                Reset_Handler
 .text.Default_Handler
                0x080006a8        0x2 C:\Users\Christopher\Documents\GitHub\Nucleo_IMU/mbed/TARGET_NUCLEO_L152RE/TOOLCHAIN_GCC_ARM/startup_stm32l152xe.o
                0x080006a8                RTC_Alarm_IRQHandler
                0x080006a8                EXTI2_IRQHandler
                0x080006a8                COMP_ACQ_IRQHandler
                0x080006a8                DebugMon_Handler
                0x080006a8                HardFault_Handler
                0x080006a8                TIM10_IRQHandler
                0x080006a8                USB_HP_IRQHandler
                0x080006a8                TIM6_IRQHandler
                0x080006a8                SysTick_Handler
                0x080006a8                PVD_IRQHandler
                0x080006a8                PendSV_Handler
                0x080006a8                NMI_Handler
                0x080006a8                EXTI3_IRQHandler
                0x080006a8                EXTI0_IRQHandler
                0x080006a8                I2C2_EV_IRQHandler
                0x080006a8                UsageFault_Handler
                0x080006a8                SPI1_IRQHandler
                0x080006a8                USB_FS_WKUP_IRQHandler
                0x080006a8                DMA2_Channel2_IRQHandler
                0x080006a8                DMA1_Channel4_IRQHandler
                0x080006a8                ADC1_IRQHandler
                0x080006a8                USART3_IRQHandler
                0x080006a8                DMA1_Channel7_IRQHandler
                0x080006a8                LCD_IRQHandler
                0x080006a8                UART5_IRQHandler
                0x080006a8                TIM4_IRQHandler
                0x080006a8                DMA2_Channel1_IRQHandler
                0x080006a8                I2C1_EV_IRQHandler
                0x080006a8                DMA1_Channel6_IRQHandler
                0x080006a8                UART4_IRQHandler
                0x080006a8                DMA2_Channel4_IRQHandler
                0x080006a8                TIM3_IRQHandler
                0x080006a8                RCC_IRQHandler
                0x080006a8                DMA1_Channel1_IRQHandler
                0x080006a8                Default_Handler
                0x080006a8                EXTI15_10_IRQHandler
                0x080006a8                TIM7_IRQHandler
                0x080006a8                TIM5_IRQHandler
                0x080006a8                EXTI9_5_IRQHandler
                0x080006a8                TIM9_IRQHandler
                0x080006a8                TAMPER_STAMP_IRQHandler
                0x080006a8                RTC_WKUP_IRQHandler
                0x080006a8                SPI2_IRQHandler
                0x080006a8                MemManage_Handler
                0x080006a8                SVC_Handler
                0x080006a8                DMA2_Channel5_IRQHandler
                0x080006a8                DMA1_Channel5_IRQHandler
                0x080006a8                USB_LP_IRQHandler
                0x080006a8                EXTI4_IRQHandler
                0x080006a8                DMA1_Channel3_IRQHandler
                0x080006a8                COMP_IRQHandler
                0x080006a8                WWDG_IRQHandler
                0x080006a8                TIM2_IRQHandler
                0x080006a8                DAC_IRQHandler
                0x080006a8                EXTI1_IRQHandler
                0x080006a8                TIM11_IRQHandler
                0x080006a8                USART2_IRQHandler
                0x080006a8                I2C2_ER_IRQHandler
                0x080006a8                DMA1_Channel2_IRQHandler
                0x080006a8                FLASH_IRQHandler
                0x080006a8                BusFault_Handler
                0x080006a8                USART1_IRQHandler
                0x080006a8                SPI3_IRQHandler
                0x080006a8                I2C1_ER_IRQHandler
                0x080006a8                DMA2_Channel3_IRQHandler
 *fill*         0x080006aa        0x2 
 .text.HAL_MspInit
                0x080006ac        0x4 C:\Users\Christopher\Documents\GitHub\Nucleo_IMU/mbed/TARGET_NUCLEO_L152RE/TOOLCHAIN_GCC_ARM/stm32l1xx_hal.o
                0x080006ac                HAL_MspInit
 .text.HAL_Init
                0x080006b0       0x2c C:\Users\Christopher\Documents\GitHub\Nucleo_IMU/mbed/TARGET_NUCLEO_L152RE/TOOLCHAIN_GCC_ARM/stm32l1xx_hal.o
                0x080006b0                HAL_Init
 .text.HAL_IncTick
                0x080006dc       0x10 C:\Users\Christopher\Documents\GitHub\Nucleo_IMU/mbed/TARGET_NUCLEO_L152RE/TOOLCHAIN_GCC_ARM/stm32l1xx_hal.o
                0x080006dc                HAL_IncTick
 .text.HAL_GetTick
                0x080006ec        0xc C:\Users\Christopher\Documents\GitHub\Nucleo_IMU/mbed/TARGET_NUCLEO_L152RE/TOOLCHAIN_GCC_ARM/stm32l1xx_hal.o
                0x080006ec                HAL_GetTick
 .text.HAL_ADC_MspInit
                0x080006f8        0x4 C:\Users\Christopher\Documents\GitHub\Nucleo_IMU/mbed/TARGET_NUCLEO_L152RE/TOOLCHAIN_GCC_ARM/stm32l1xx_hal_adc.o
                0x080006f8                HAL_ADC_MspInit
 .text.HAL_ADC_Init
                0x080006fc      0x140 C:\Users\Christopher\Documents\GitHub\Nucleo_IMU/mbed/TARGET_NUCLEO_L152RE/TOOLCHAIN_GCC_ARM/stm32l1xx_hal_adc.o
                0x080006fc                HAL_ADC_Init
 .text.HAL_ADC_PollForConversion
                0x0800083c       0x70 C:\Users\Christopher\Documents\GitHub\Nucleo_IMU/mbed/TARGET_NUCLEO_L152RE/TOOLCHAIN_GCC_ARM/stm32l1xx_hal_adc.o
                0x0800083c                HAL_ADC_PollForConversion
 .text.HAL_ADC_GetValue
                0x080008ac        0x8 C:\Users\Christopher\Documents\GitHub\Nucleo_IMU/mbed/TARGET_NUCLEO_L152RE/TOOLCHAIN_GCC_ARM/stm32l1xx_hal_adc.o
                0x080008ac                HAL_ADC_GetValue
 .text.HAL_ADC_ConfigChannel
                0x080008b4      0x13c C:\Users\Christopher\Documents\GitHub\Nucleo_IMU/mbed/TARGET_NUCLEO_L152RE/TOOLCHAIN_GCC_ARM/stm32l1xx_hal_adc.o
                0x080008b4                HAL_ADC_ConfigChannel
 .text.ADC_Enable
                0x080009f0       0x50 C:\Users\Christopher\Documents\GitHub\Nucleo_IMU/mbed/TARGET_NUCLEO_L152RE/TOOLCHAIN_GCC_ARM/stm32l1xx_hal_adc.o
                0x080009f0                ADC_Enable
 .text.HAL_ADC_Start
                0x08000a40       0x54 C:\Users\Christopher\Documents\GitHub\Nucleo_IMU/mbed/TARGET_NUCLEO_L152RE/TOOLCHAIN_GCC_ARM/stm32l1xx_hal_adc.o
                0x08000a40                HAL_ADC_Start
 .text.HAL_NVIC_SetPriorityGrouping
                0x08000a94       0x24 C:\Users\Christopher\Documents\GitHub\Nucleo_IMU/mbed/TARGET_NUCLEO_L152RE/TOOLCHAIN_GCC_ARM/stm32l1xx_hal_cortex.o
                0x08000a94                HAL_NVIC_SetPriorityGrouping
 .text.HAL_GPIO_Init
                0x08000ab8      0x1e8 C:\Users\Christopher\Documents\GitHub\Nucleo_IMU/mbed/TARGET_NUCLEO_L152RE/TOOLCHAIN_GCC_ARM/stm32l1xx_hal_gpio.o
                0x08000ab8                HAL_GPIO_Init
 .text.HAL_RCC_OscConfig
                0x08000ca0      0x688 C:\Users\Christopher\Documents\GitHub\Nucleo_IMU/mbed/TARGET_NUCLEO_L152RE/TOOLCHAIN_GCC_ARM/stm32l1xx_hal_rcc.o
                0x08000ca0                HAL_RCC_OscConfig
 .text.HAL_RCC_ClockConfig
                0x08001328      0x25c C:\Users\Christopher\Documents\GitHub\Nucleo_IMU/mbed/TARGET_NUCLEO_L152RE/TOOLCHAIN_GCC_ARM/stm32l1xx_hal_rcc.o
                0x08001328                HAL_RCC_ClockConfig
 .text.HAL_RCC_GetSysClockFreq
                0x08001584       0x98 C:\Users\Christopher\Documents\GitHub\Nucleo_IMU/mbed/TARGET_NUCLEO_L152RE/TOOLCHAIN_GCC_ARM/stm32l1xx_hal_rcc.o
                0x08001584                HAL_RCC_GetSysClockFreq
 .text.HAL_RCC_GetHCLKFreq
                0x0800161c       0x34 C:\Users\Christopher\Documents\GitHub\Nucleo_IMU/mbed/TARGET_NUCLEO_L152RE/TOOLCHAIN_GCC_ARM/stm32l1xx_hal_rcc.o
                0x0800161c                HAL_RCC_GetHCLKFreq
 .text.HAL_RCC_GetPCLK1Freq
                0x08001650       0x2c C:\Users\Christopher\Documents\GitHub\Nucleo_IMU/mbed/TARGET_NUCLEO_L152RE/TOOLCHAIN_GCC_ARM/stm32l1xx_hal_rcc.o
                0x08001650                HAL_RCC_GetPCLK1Freq
 .text.HAL_RCC_GetPCLK2Freq
                0x0800167c       0x2c C:\Users\Christopher\Documents\GitHub\Nucleo_IMU/mbed/TARGET_NUCLEO_L152RE/TOOLCHAIN_GCC_ARM/stm32l1xx_hal_rcc.o
                0x0800167c                HAL_RCC_GetPCLK2Freq
 .text.TIM_Base_SetConfig
                0x080016a8       0x64 C:\Users\Christopher\Documents\GitHub\Nucleo_IMU/mbed/TARGET_NUCLEO_L152RE/TOOLCHAIN_GCC_ARM/stm32l1xx_hal_tim.o
 .text.HAL_TIM_OC_MspInit
                0x0800170c        0x4 C:\Users\Christopher\Documents\GitHub\Nucleo_IMU/mbed/TARGET_NUCLEO_L152RE/TOOLCHAIN_GCC_ARM/stm32l1xx_hal_tim.o
                0x0800170c                HAL_TIM_OC_MspInit
 .text.HAL_TIM_OC_Init
                0x08001710       0x30 C:\Users\Christopher\Documents\GitHub\Nucleo_IMU/mbed/TARGET_NUCLEO_L152RE/TOOLCHAIN_GCC_ARM/stm32l1xx_hal_tim.o
                0x08001710                HAL_TIM_OC_Init
 .text.HAL_TIM_OC_Start
                0x08001740       0x24 C:\Users\Christopher\Documents\GitHub\Nucleo_IMU/mbed/TARGET_NUCLEO_L152RE/TOOLCHAIN_GCC_ARM/stm32l1xx_hal_tim.o
                0x08001740                HAL_TIM_OC_Start
 .text.UART_SetConfig
                0x08001764      0x17c C:\Users\Christopher\Documents\GitHub\Nucleo_IMU/mbed/TARGET_NUCLEO_L152RE/TOOLCHAIN_GCC_ARM/stm32l1xx_hal_uart.o
 .text.HAL_UART_MspInit
                0x080018e0        0x4 C:\Users\Christopher\Documents\GitHub\Nucleo_IMU/mbed/TARGET_NUCLEO_L152RE/TOOLCHAIN_GCC_ARM/stm32l1xx_hal_uart.o
                0x080018e0                HAL_UART_MspInit
 .text.HAL_UART_Init
                0x080018e4       0x58 C:\Users\Christopher\Documents\GitHub\Nucleo_IMU/mbed/TARGET_NUCLEO_L152RE/TOOLCHAIN_GCC_ARM/stm32l1xx_hal_uart.o
                0x080018e4                HAL_UART_Init
 .text.SystemCoreClockUpdate
                0x0800193c       0x8c C:\Users\Christopher\Documents\GitHub\Nucleo_IMU/mbed/TARGET_NUCLEO_L152RE/TOOLCHAIN_GCC_ARM/system_stm32l1xx.o
                0x0800193c                SystemCoreClockUpdate
 .text.SetSysClock_PLL_HSE
                0x080019c8       0xa0 C:\Users\Christopher\Documents\GitHub\Nucleo_IMU/mbed/TARGET_NUCLEO_L152RE/TOOLCHAIN_GCC_ARM/system_stm32l1xx.o
                0x080019c8                SetSysClock_PLL_HSE
 .text.SetSysClock_PLL_HSI
                0x08001a68       0x7c C:\Users\Christopher\Documents\GitHub\Nucleo_IMU/mbed/TARGET_NUCLEO_L152RE/TOOLCHAIN_GCC_ARM/system_stm32l1xx.o
                0x08001a68                SetSysClock_PLL_HSI
 .text.SetSysClock
                0x08001ae4       0x20 C:\Users\Christopher\Documents\GitHub\Nucleo_IMU/mbed/TARGET_NUCLEO_L152RE/TOOLCHAIN_GCC_ARM/system_stm32l1xx.o
                0x08001ae4                SetSysClock
 .text.SystemInit
                0x08001b04       0x70 C:\Users\Christopher\Documents\GitHub\Nucleo_IMU/mbed/TARGET_NUCLEO_L152RE/TOOLCHAIN_GCC_ARM/system_stm32l1xx.o
                0x08001b04                SystemInit
 .text.minmea_isfield
                0x08001b74       0x2c ..\obj\minmea.o
 .text.hex2int  0x08001ba0       0x2a ..\obj\minmea.o
 *fill*         0x08001bca        0x2 
 .text.minmea_check
                0x08001bcc       0x90 ..\obj\minmea.o
                0x08001bcc                minmea_check
 .text.minmea_scan
                0x08001c5c      0x434 ..\obj\minmea.o
                0x08001c5c                minmea_scan
 .text.minmea_sentence_id
                0x08002090       0xb4 ..\obj\minmea.o
                0x08002090                minmea_sentence_id
 .text.minmea_parse_rmc
                0x08002144       0x90 ..\obj\minmea.o
                0x08002144                minmea_parse_rmc
 .text.minmea_parse_gga
                0x080021d4       0x88 ..\obj\minmea.o
                0x080021d4                minmea_parse_gga
 .text.minmea_parse_gst
                0x0800225c       0x5c ..\obj\minmea.o
                0x0800225c                minmea_parse_gst
 .text.minmea_parse_gsv
                0x080022b8       0x9c ..\obj\minmea.o
                0x080022b8                minmea_parse_gsv
 .text.minmea_parse_vtg
                0x08002354       0x90 ..\obj\minmea.o
                0x08002354                minmea_parse_vtg
 .text._ZN4mbed10SerialBaseD2Ev
                0x080023e4        0x2 ..\obj\main.o
                0x080023e4                mbed::SerialBase::~SerialBase()
                0x080023e4                mbed::SerialBase::~SerialBase()
 *fill*         0x080023e6        0x2 
 .text._ZN4mbed6SerialD2Ev
                0x080023e8       0x24 ..\obj\main.o
                0x080023e8                mbed::Serial::~Serial()
                0x080023e8                mbed::Serial::~Serial()
 .text._ZN4mbed6SerialD1Ev
                0x0800240c       0x10 ..\obj\main.o
                0x0800240c                non-virtual thunk to mbed::Serial::~Serial()
                0x08002414                non-virtual thunk to mbed::Serial::~Serial()
 .text._ZN4mbed10SerialBaseD0Ev
                0x0800241c        0xc ..\obj\main.o
                0x0800241c                mbed::SerialBase::~SerialBase()
 .text._ZN4mbed6TickerD2Ev
                0x08002428       0x1c ..\obj\main.o
                0x08002428                mbed::Ticker::~Ticker()
                0x08002428                mbed::Ticker::~Ticker()
 .text._ZN4mbed6TickerD0Ev
                0x08002444       0x12 ..\obj\main.o
                0x08002444                mbed::Ticker::~Ticker()
 *fill*         0x08002456        0x2 
 .text._Z13print_handlerv
                0x08002458       0x7c ..\obj\main.o
                0x08002458                print_handler()
 .text._Z11imu_handlerv
                0x080024d4       0xa4 ..\obj\main.o
                0x080024d4                imu_handler()
 .text._Z14sensor_handlerv
                0x08002578       0x3c ..\obj\main.o
                0x08002578                sensor_handler()
 .text.startup.main
                0x080025b4       0x44 ..\obj\main.o
                0x080025b4                main
 .text._ZN4mbed6SerialD0Ev
                0x080025f8       0x1e ..\obj\main.o
                0x080025f8                mbed::Serial::~Serial()
                0x0800260a                non-virtual thunk to mbed::Serial::~Serial()
                0x08002610                non-virtual thunk to mbed::Serial::~Serial()
 *fill*         0x08002616        0x2 
 .text.startup._GLOBAL__sub_I_print_tick
                0x08002618       0xec ..\obj\main.o
 .text._Z8gps_initv
                0x08002704       0x70 ..\obj\gps.o
                0x08002704                gps_init()
 .text._Z10gps_parserPc
                0x08002774       0xa8 ..\obj\gps.o
                0x08002774                gps_parser(char*)
 .text._Z11gps_handlerv
                0x0800281c       0x44 ..\obj\gps.o
                0x0800281c                gps_handler()
 .text._Z7get_gpsv
                0x08002860       0x10 ..\obj\gps.o
                0x08002860                get_gps()
 .text.startup._GLOBAL__sub_I_gps
                0x08002870       0x2c ..\obj\gps.o
 .text._Z13increment_imuv
                0x0800289c       0x18 ..\obj\IMU.o
                0x0800289c                increment_imu()
 .text._Z8set_gyroiii
                0x080028b4       0x24 ..\obj\IMU.o
                0x080028b4                set_gyro(int, int, int)
 .text._Z9set_acceliii
                0x080028d8       0x24 ..\obj\IMU.o
                0x080028d8                set_accel(int, int, int)
 .text._Z7set_magiii
                0x080028fc       0x24 ..\obj\IMU.o
                0x080028fc                set_mag(int, int, int)
 .text._Z7set_alliiiiiiiii
                0x08002920       0x2e ..\obj\IMU.o
                0x08002920                set_all(int, int, int, int, int, int, int, int, int)
 *fill*         0x0800294e        0x2 
 .text._Z7get_imuv
                0x08002950       0x14 ..\obj\IMU.o
                0x08002950                get_imu()
 .text.startup._GLOBAL__sub_I_imudata
                0x08002964       0x10 ..\obj\IMU.o
 .text.analogin_init
                0x08002974       0xa0 C:\Users\Christopher\Documents\GitHub\Nucleo_IMU/mbed/TARGET_NUCLEO_L152RE/TOOLCHAIN_GCC_ARM\libmbed.a(analogin_api.o)
                0x08002974                analogin_init
 .text.analogin_read_u16
                0x08002a14       0xf8 C:\Users\Christopher\Documents\GitHub\Nucleo_IMU/mbed/TARGET_NUCLEO_L152RE/TOOLCHAIN_GCC_ARM\libmbed.a(analogin_api.o)
                0x08002a14                analogin_read_u16
 .text.Set_GPIO_Clock
                0x08002b0c       0x80 C:\Users\Christopher\Documents\GitHub\Nucleo_IMU/mbed/TARGET_NUCLEO_L152RE/TOOLCHAIN_GCC_ARM\libmbed.a(pinmap.o)
                0x08002b0c                Set_GPIO_Clock
 .text.pin_function
                0x08002b8c       0x5c C:\Users\Christopher\Documents\GitHub\Nucleo_IMU/mbed/TARGET_NUCLEO_L152RE/TOOLCHAIN_GCC_ARM\libmbed.a(pinmap.o)
                0x08002b8c                pin_function
 .text.pin_mode
                0x08002be8       0x48 C:\Users\Christopher\Documents\GitHub\Nucleo_IMU/mbed/TARGET_NUCLEO_L152RE/TOOLCHAIN_GCC_ARM\libmbed.a(pinmap.o)
                0x08002be8                pin_mode
 .text.init_uart
                0x08002c30       0x4c C:\Users\Christopher\Documents\GitHub\Nucleo_IMU/mbed/TARGET_NUCLEO_L152RE/TOOLCHAIN_GCC_ARM\libmbed.a(serial_api.o)
 .text.uart_irq
                0x08002c7c       0x64 C:\Users\Christopher\Documents\GitHub\Nucleo_IMU/mbed/TARGET_NUCLEO_L152RE/TOOLCHAIN_GCC_ARM\libmbed.a(serial_api.o)
 .text.uart1_irq
                0x08002ce0        0xc C:\Users\Christopher\Documents\GitHub\Nucleo_IMU/mbed/TARGET_NUCLEO_L152RE/TOOLCHAIN_GCC_ARM\libmbed.a(serial_api.o)
 .text.uart2_irq
                0x08002cec        0xc C:\Users\Christopher\Documents\GitHub\Nucleo_IMU/mbed/TARGET_NUCLEO_L152RE/TOOLCHAIN_GCC_ARM\libmbed.a(serial_api.o)
 .text.uart3_irq
                0x08002cf8        0xc C:\Users\Christopher\Documents\GitHub\Nucleo_IMU/mbed/TARGET_NUCLEO_L152RE/TOOLCHAIN_GCC_ARM\libmbed.a(serial_api.o)
 .text.uart4_irq
                0x08002d04        0xc C:\Users\Christopher\Documents\GitHub\Nucleo_IMU/mbed/TARGET_NUCLEO_L152RE/TOOLCHAIN_GCC_ARM\libmbed.a(serial_api.o)
 .text.uart5_irq
                0x08002d10        0xc C:\Users\Christopher\Documents\GitHub\Nucleo_IMU/mbed/TARGET_NUCLEO_L152RE/TOOLCHAIN_GCC_ARM\libmbed.a(serial_api.o)
 .text.serial_init
                0x08002d1c      0x130 C:\Users\Christopher\Documents\GitHub\Nucleo_IMU/mbed/TARGET_NUCLEO_L152RE/TOOLCHAIN_GCC_ARM\libmbed.a(serial_api.o)
                0x08002d1c                serial_init
 .text.serial_baud
                0x08002e4c        0x8 C:\Users\Christopher\Documents\GitHub\Nucleo_IMU/mbed/TARGET_NUCLEO_L152RE/TOOLCHAIN_GCC_ARM\libmbed.a(serial_api.o)
                0x08002e4c                serial_baud
 .text.serial_irq_handler
                0x08002e54       0x1c C:\Users\Christopher\Documents\GitHub\Nucleo_IMU/mbed/TARGET_NUCLEO_L152RE/TOOLCHAIN_GCC_ARM\libmbed.a(serial_api.o)
                0x08002e54                serial_irq_handler
 .text.serial_irq_set
                0x08002e70       0xe0 C:\Users\Christopher\Documents\GitHub\Nucleo_IMU/mbed/TARGET_NUCLEO_L152RE/TOOLCHAIN_GCC_ARM\libmbed.a(serial_api.o)
                0x08002e70                serial_irq_set
 .text.serial_getc
                0x08002f50       0x18 C:\Users\Christopher\Documents\GitHub\Nucleo_IMU/mbed/TARGET_NUCLEO_L152RE/TOOLCHAIN_GCC_ARM\libmbed.a(serial_api.o)
                0x08002f50                serial_getc
 .text.serial_putc
                0x08002f68       0x18 C:\Users\Christopher\Documents\GitHub\Nucleo_IMU/mbed/TARGET_NUCLEO_L152RE/TOOLCHAIN_GCC_ARM\libmbed.a(serial_api.o)
                0x08002f68                serial_putc
 .text._ZN4mbed8FilePathC2EPKc
                0x08002f80       0x54 C:\Users\Christopher\Documents\GitHub\Nucleo_IMU/mbed/TARGET_NUCLEO_L152RE/TOOLCHAIN_GCC_ARM\libmbed.a(FilePath.o)
                0x08002f80                mbed::FilePath::FilePath(char const*)
                0x08002f80                mbed::FilePath::FilePath(char const*)
 .text._ZN4mbed8FilePath8fileNameEv
                0x08002fd4        0x4 C:\Users\Christopher\Documents\GitHub\Nucleo_IMU/mbed/TARGET_NUCLEO_L152RE/TOOLCHAIN_GCC_ARM\libmbed.a(FilePath.o)
                0x08002fd4                mbed::FilePath::fileName()
 .text._ZN4mbed8FilePath10fileSystemEv
                0x08002fd8       0x20 C:\Users\Christopher\Documents\GitHub\Nucleo_IMU/mbed/TARGET_NUCLEO_L152RE/TOOLCHAIN_GCC_ARM\libmbed.a(FilePath.o)
                0x08002fd8                mbed::FilePath::fileSystem()
 .text._ZN4mbed8FilePath6isFileEv
                0x08002ff8       0x14 C:\Users\Christopher\Documents\GitHub\Nucleo_IMU/mbed/TARGET_NUCLEO_L152RE/TOOLCHAIN_GCC_ARM\libmbed.a(FilePath.o)
                0x08002ff8                mbed::FilePath::isFile()
 .text._ZN4mbed8FilePath4fileEv
                0x0800300c       0x20 C:\Users\Christopher\Documents\GitHub\Nucleo_IMU/mbed/TARGET_NUCLEO_L152RE/TOOLCHAIN_GCC_ARM\libmbed.a(FilePath.o)
                0x0800300c                mbed::FilePath::file()
 .text._ZN4mbed8FilePath6existsEv
                0x0800302c        0xc C:\Users\Christopher\Documents\GitHub\Nucleo_IMU/mbed/TARGET_NUCLEO_L152RE/TOOLCHAIN_GCC_ARM\libmbed.a(FilePath.o)
                0x0800302c                mbed::FilePath::exists()
 .text._ZN4mbed6Serial5_getcEv
                0x08003038        0x4 C:\Users\Christopher\Documents\GitHub\Nucleo_IMU/mbed/TARGET_NUCLEO_L152RE/TOOLCHAIN_GCC_ARM\libmbed.a(Serial.o)
                0x08003038                mbed::Serial::_getc()
 .text._ZThn84_N4mbed6Serial5_getcEv
                0x0800303c        0x8 C:\Users\Christopher\Documents\GitHub\Nucleo_IMU/mbed/TARGET_NUCLEO_L152RE/TOOLCHAIN_GCC_ARM\libmbed.a(Serial.o)
                0x0800303c                non-virtual thunk to mbed::Serial::_getc()
 .text._ZN4mbed6Serial5_putcEi
                0x08003044        0x4 C:\Users\Christopher\Documents\GitHub\Nucleo_IMU/mbed/TARGET_NUCLEO_L152RE/TOOLCHAIN_GCC_ARM\libmbed.a(Serial.o)
                0x08003044                mbed::Serial::_putc(int)
 .text._ZThn84_N4mbed6Serial5_putcEi
                0x08003048        0x8 C:\Users\Christopher\Documents\GitHub\Nucleo_IMU/mbed/TARGET_NUCLEO_L152RE/TOOLCHAIN_GCC_ARM\libmbed.a(Serial.o)
                0x08003048                non-virtual thunk to mbed::Serial::_putc(int)
 .text._ZN4mbed6SerialC2E7PinNameS1_PKc
                0x08003050       0x30 C:\Users\Christopher\Documents\GitHub\Nucleo_IMU/mbed/TARGET_NUCLEO_L152RE/TOOLCHAIN_GCC_ARM\libmbed.a(Serial.o)
                0x08003050                mbed::Serial::Serial(PinName, PinName, char const*)
                0x08003050                mbed::Serial::Serial(PinName, PinName, char const*)
 .text._ZN4mbed10SerialBase12_irq_handlerEm9SerialIrq
                0x08003080       0x20 C:\Users\Christopher\Documents\GitHub\Nucleo_IMU/mbed/TARGET_NUCLEO_L152RE/TOOLCHAIN_GCC_ARM\libmbed.a(SerialBase.o)
                0x08003080                mbed::SerialBase::_irq_handler(unsigned long, SerialIrq)
 .text._ZN4mbed10SerialBaseC2E7PinNameS1_
                0x080030a0       0x48 C:\Users\Christopher\Documents\GitHub\Nucleo_IMU/mbed/TARGET_NUCLEO_L152RE/TOOLCHAIN_GCC_ARM\libmbed.a(SerialBase.o)
                0x080030a0                mbed::SerialBase::SerialBase(PinName, PinName)
                0x080030a0                mbed::SerialBase::SerialBase(PinName, PinName)
 .text._ZN4mbed10SerialBase4baudEi
                0x080030e8       0x10 C:\Users\Christopher\Documents\GitHub\Nucleo_IMU/mbed/TARGET_NUCLEO_L152RE/TOOLCHAIN_GCC_ARM\libmbed.a(SerialBase.o)
                0x080030e8                mbed::SerialBase::baud(int)
 .text._ZN4mbed10SerialBase6attachEPFvvENS0_7IrqTypeE
                0x080030f8       0x30 C:\Users\Christopher\Documents\GitHub\Nucleo_IMU/mbed/TARGET_NUCLEO_L152RE/TOOLCHAIN_GCC_ARM\libmbed.a(SerialBase.o)
                0x080030f8                mbed::SerialBase::attach(void (*)(), mbed::SerialBase::IrqType)
 .text._ZN4mbed10SerialBase10_base_getcEv
                0x08003128        0x8 C:\Users\Christopher\Documents\GitHub\Nucleo_IMU/mbed/TARGET_NUCLEO_L152RE/TOOLCHAIN_GCC_ARM\libmbed.a(SerialBase.o)
                0x08003128                mbed::SerialBase::_base_getc()
 .text._ZN4mbed10SerialBase10_base_putcEi
                0x08003130       0x10 C:\Users\Christopher\Documents\GitHub\Nucleo_IMU/mbed/TARGET_NUCLEO_L152RE/TOOLCHAIN_GCC_ARM\libmbed.a(SerialBase.o)
                0x08003130                mbed::SerialBase::_base_putc(int)
 .text._ZN4mbed6Stream5closeEv
                0x08003140        0x4 C:\Users\Christopher\Documents\GitHub\Nucleo_IMU/mbed/TARGET_NUCLEO_L152RE/TOOLCHAIN_GCC_ARM\libmbed.a(Stream.o)
                0x08003140                mbed::Stream::close()
 .text._ZN4mbed6Stream5writeEPKvj
                0x08003144       0x2c C:\Users\Christopher\Documents\GitHub\Nucleo_IMU/mbed/TARGET_NUCLEO_L152RE/TOOLCHAIN_GCC_ARM\libmbed.a(Stream.o)
                0x08003144                mbed::Stream::write(void const*, unsigned int)
 .text._ZN4mbed6Stream4readEPvj
                0x08003170       0x2c C:\Users\Christopher\Documents\GitHub\Nucleo_IMU/mbed/TARGET_NUCLEO_L152RE/TOOLCHAIN_GCC_ARM\libmbed.a(Stream.o)
                0x08003170                mbed::Stream::read(void*, unsigned int)
 .text._ZN4mbed6Stream5lseekEli
                0x0800319c        0x4 C:\Users\Christopher\Documents\GitHub\Nucleo_IMU/mbed/TARGET_NUCLEO_L152RE/TOOLCHAIN_GCC_ARM\libmbed.a(Stream.o)
                0x0800319c                mbed::Stream::lseek(long, int)
 .text._ZN4mbed6Stream6isattyEv
                0x080031a0        0x4 C:\Users\Christopher\Documents\GitHub\Nucleo_IMU/mbed/TARGET_NUCLEO_L152RE/TOOLCHAIN_GCC_ARM\libmbed.a(Stream.o)
                0x080031a0                mbed::Stream::isatty()
 .text._ZN4mbed6Stream5fsyncEv
                0x080031a4        0x4 C:\Users\Christopher\Documents\GitHub\Nucleo_IMU/mbed/TARGET_NUCLEO_L152RE/TOOLCHAIN_GCC_ARM\libmbed.a(Stream.o)
                0x080031a4                mbed::Stream::fsync()
 .text._ZN4mbed6Stream4flenEv
                0x080031a8        0x4 C:\Users\Christopher\Documents\GitHub\Nucleo_IMU/mbed/TARGET_NUCLEO_L152RE/TOOLCHAIN_GCC_ARM\libmbed.a(Stream.o)
                0x080031a8                mbed::Stream::flen()
 .text._ZN4mbed6StreamC2EPKc
                0x080031ac       0x44 C:\Users\Christopher\Documents\GitHub\Nucleo_IMU/mbed/TARGET_NUCLEO_L152RE/TOOLCHAIN_GCC_ARM\libmbed.a(Stream.o)
                0x080031ac                mbed::Stream::Stream(char const*)
                0x080031ac                mbed::Stream::Stream(char const*)
 .text._ZN4mbed6StreamD2Ev
                0x080031f0       0x24 C:\Users\Christopher\Documents\GitHub\Nucleo_IMU/mbed/TARGET_NUCLEO_L152RE/TOOLCHAIN_GCC_ARM\libmbed.a(Stream.o)
                0x080031f0                mbed::Stream::~Stream()
                0x080031f0                mbed::Stream::~Stream()
 .text._ZN4mbed6Stream4putsEPKc
                0x08003214       0x18 C:\Users\Christopher\Documents\GitHub\Nucleo_IMU/mbed/TARGET_NUCLEO_L152RE/TOOLCHAIN_GCC_ARM\libmbed.a(Stream.o)
                0x08003214                mbed::Stream::puts(char const*)
 .text._ZN4mbed6Stream4getcEv
                0x0800322c       0x14 C:\Users\Christopher\Documents\GitHub\Nucleo_IMU/mbed/TARGET_NUCLEO_L152RE/TOOLCHAIN_GCC_ARM\libmbed.a(Stream.o)
                0x0800322c                mbed::Stream::getc()
 .text._ZN4mbed6Stream6printfEPKcz
                0x08003240       0x2c C:\Users\Christopher\Documents\GitHub\Nucleo_IMU/mbed/TARGET_NUCLEO_L152RE/TOOLCHAIN_GCC_ARM\libmbed.a(Stream.o)
                0x08003240                mbed::Stream::printf(char const*, ...)
 .text._ZN4mbed6Ticker7handlerEv
                0x0800326c       0x30 C:\Users\Christopher\Documents\GitHub\Nucleo_IMU/mbed/TARGET_NUCLEO_L152RE/TOOLCHAIN_GCC_ARM\libmbed.a(Ticker.o)
                0x0800326c                mbed::Ticker::handler()
 .text._ZN4mbed6Ticker6detachEv
                0x0800329c       0x10 C:\Users\Christopher\Documents\GitHub\Nucleo_IMU/mbed/TARGET_NUCLEO_L152RE/TOOLCHAIN_GCC_ARM\libmbed.a(Ticker.o)
                0x0800329c                mbed::Ticker::detach()
 .text._ZN4mbed6Ticker5setupEm
                0x080032ac       0x20 C:\Users\Christopher\Documents\GitHub\Nucleo_IMU/mbed/TARGET_NUCLEO_L152RE/TOOLCHAIN_GCC_ARM\libmbed.a(Ticker.o)
                0x080032ac                mbed::Ticker::setup(unsigned long)
 .text.mbed_assert_internal
                0x080032cc       0x18 C:\Users\Christopher\Documents\GitHub\Nucleo_IMU/mbed/TARGET_NUCLEO_L152RE/TOOLCHAIN_GCC_ARM\libmbed.a(assert.o)
                0x080032cc                mbed_assert_internal
 .text._ZN4mbed10TimerEvent3irqEm
                0x080032e4        0x8 C:\Users\Christopher\Documents\GitHub\Nucleo_IMU/mbed/TARGET_NUCLEO_L152RE/TOOLCHAIN_GCC_ARM\libmbed.a(TimerEvent.o)
                0x080032e4                mbed::TimerEvent::irq(unsigned long)
 .text._ZN4mbed10TimerEventC2Ev
                0x080032ec       0x28 C:\Users\Christopher\Documents\GitHub\Nucleo_IMU/mbed/TARGET_NUCLEO_L152RE/TOOLCHAIN_GCC_ARM\libmbed.a(TimerEvent.o)
                0x080032ec                mbed::TimerEvent::TimerEvent()
                0x080032ec                mbed::TimerEvent::TimerEvent()
 .text._ZN4mbed10TimerEventD2Ev
                0x08003314       0x18 C:\Users\Christopher\Documents\GitHub\Nucleo_IMU/mbed/TARGET_NUCLEO_L152RE/TOOLCHAIN_GCC_ARM\libmbed.a(TimerEvent.o)
                0x08003314                mbed::TimerEvent::~TimerEvent()
                0x08003314                mbed::TimerEvent::~TimerEvent()
 .text._ZN4mbed10TimerEvent6insertEm
                0x0800332c        0xc C:\Users\Christopher\Documents\GitHub\Nucleo_IMU/mbed/TARGET_NUCLEO_L152RE/TOOLCHAIN_GCC_ARM\libmbed.a(TimerEvent.o)
                0x0800332c                mbed::TimerEvent::insert(unsigned long)
 .text._ZN4mbed10TimerEvent6removeEv
                0x08003338        0xc C:\Users\Christopher\Documents\GitHub\Nucleo_IMU/mbed/TARGET_NUCLEO_L152RE/TOOLCHAIN_GCC_ARM\libmbed.a(TimerEvent.o)
                0x08003338                mbed::TimerEvent::remove()
 .text.error    0x08003344       0x24 C:\Users\Christopher\Documents\GitHub\Nucleo_IMU/mbed/TARGET_NUCLEO_L152RE/TOOLCHAIN_GCC_ARM\libmbed.a(error.o)
                0x08003344                error
 .text.pinmap_pinout
                0x08003368       0x44 C:\Users\Christopher\Documents\GitHub\Nucleo_IMU/mbed/TARGET_NUCLEO_L152RE/TOOLCHAIN_GCC_ARM\libmbed.a(pinmap_common.o)
                0x08003368                pinmap_pinout
 .text.pinmap_merge
                0x080033ac       0x24 C:\Users\Christopher\Documents\GitHub\Nucleo_IMU/mbed/TARGET_NUCLEO_L152RE/TOOLCHAIN_GCC_ARM\libmbed.a(pinmap_common.o)
                0x080033ac                pinmap_merge
 .text.pinmap_peripheral
                0x080033d0       0x38 C:\Users\Christopher\Documents\GitHub\Nucleo_IMU/mbed/TARGET_NUCLEO_L152RE/TOOLCHAIN_GCC_ARM\libmbed.a(pinmap_common.o)
                0x080033d0                pinmap_peripheral
 .text.get_us_ticker_data
                0x08003408        0x8 C:\Users\Christopher\Documents\GitHub\Nucleo_IMU/mbed/TARGET_NUCLEO_L152RE/TOOLCHAIN_GCC_ARM\libmbed.a(us_ticker_api.o)
                0x08003408                get_us_ticker_data
 .text.us_ticker_irq_handler
                0x08003410        0xc C:\Users\Christopher\Documents\GitHub\Nucleo_IMU/mbed/TARGET_NUCLEO_L152RE/TOOLCHAIN_GCC_ARM\libmbed.a(us_ticker_api.o)
                0x08003410                us_ticker_irq_handler
 .text.ticker_set_handler
                0x0800341c       0x14 C:\Users\Christopher\Documents\GitHub\Nucleo_IMU/mbed/TARGET_NUCLEO_L152RE/TOOLCHAIN_GCC_ARM\libmbed.a(ticker_api.o)
                0x0800341c                ticker_set_handler
 .text.ticker_irq_handler
                0x08003430       0x4c C:\Users\Christopher\Documents\GitHub\Nucleo_IMU/mbed/TARGET_NUCLEO_L152RE/TOOLCHAIN_GCC_ARM\libmbed.a(ticker_api.o)
                0x08003430                ticker_irq_handler
 .text.ticker_insert_event
                0x0800347c       0x48 C:\Users\Christopher\Documents\GitHub\Nucleo_IMU/mbed/TARGET_NUCLEO_L152RE/TOOLCHAIN_GCC_ARM\libmbed.a(ticker_api.o)
                0x0800347c                ticker_insert_event
 .text.ticker_remove_event
                0x080034c4       0x48 C:\Users\Christopher\Documents\GitHub\Nucleo_IMU/mbed/TARGET_NUCLEO_L152RE/TOOLCHAIN_GCC_ARM\libmbed.a(ticker_api.o)
                0x080034c4                ticker_remove_event
 .text.ticker_read
                0x0800350c        0x8 C:\Users\Christopher\Documents\GitHub\Nucleo_IMU/mbed/TARGET_NUCLEO_L152RE/TOOLCHAIN_GCC_ARM\libmbed.a(ticker_api.o)
                0x0800350c                ticker_read
 .text.wait_us  0x08003514       0x18 C:\Users\Christopher\Documents\GitHub\Nucleo_IMU/mbed/TARGET_NUCLEO_L152RE/TOOLCHAIN_GCC_ARM\libmbed.a(wait_api.o)
                0x08003514                wait_us
 .text.wait_ms  0x0800352c        0xc C:\Users\Christopher\Documents\GitHub\Nucleo_IMU/mbed/TARGET_NUCLEO_L152RE/TOOLCHAIN_GCC_ARM\libmbed.a(wait_api.o)
                0x0800352c                wait_ms
 .text.us_ticker_init
                0x08003538       0x28 C:\Users\Christopher\Documents\GitHub\Nucleo_IMU/mbed/TARGET_NUCLEO_L152RE/TOOLCHAIN_GCC_ARM\libmbed.a(us_ticker.o)
                0x08003538                us_ticker_init
 .text.us_ticker_read
                0x08003560       0x30 C:\Users\Christopher\Documents\GitHub\Nucleo_IMU/mbed/TARGET_NUCLEO_L152RE/TOOLCHAIN_GCC_ARM\libmbed.a(us_ticker.o)
                0x08003560                us_ticker_read
 .text.us_ticker_set_interrupt
                0x08003590       0x14 C:\Users\Christopher\Documents\GitHub\Nucleo_IMU/mbed/TARGET_NUCLEO_L152RE/TOOLCHAIN_GCC_ARM\libmbed.a(us_ticker.o)
                0x08003590                us_ticker_set_interrupt
 .text.us_ticker_disable_interrupt
                0x080035a4       0x14 C:\Users\Christopher\Documents\GitHub\Nucleo_IMU/mbed/TARGET_NUCLEO_L152RE/TOOLCHAIN_GCC_ARM\libmbed.a(us_ticker.o)
                0x080035a4                us_ticker_disable_interrupt
 .text.us_ticker_clear_interrupt
                0x080035b8       0x10 C:\Users\Christopher\Documents\GitHub\Nucleo_IMU/mbed/TARGET_NUCLEO_L152RE/TOOLCHAIN_GCC_ARM\libmbed.a(us_ticker.o)
                0x080035b8                us_ticker_clear_interrupt
 .text._ZN4mbed8FileLikeC2EPKc
                0x080035c8       0x28 C:\Users\Christopher\Documents\GitHub\Nucleo_IMU/mbed/TARGET_NUCLEO_L152RE/TOOLCHAIN_GCC_ARM\libmbed.a(FileLike.o)
                0x080035c8                mbed::FileLike::FileLike(char const*)
                0x080035c8                mbed::FileLike::FileLike(char const*)
 .text._ZN4mbed8FileLikeD2Ev
                0x080035f0       0x24 C:\Users\Christopher\Documents\GitHub\Nucleo_IMU/mbed/TARGET_NUCLEO_L152RE/TOOLCHAIN_GCC_ARM\libmbed.a(FileLike.o)
                0x080035f0                mbed::FileLike::~FileLike()
                0x080035f0                mbed::FileLike::~FileLike()
 .text._ZN4mbed8FileBaseD2Ev
                0x08003614       0x30 C:\Users\Christopher\Documents\GitHub\Nucleo_IMU/mbed/TARGET_NUCLEO_L152RE/TOOLCHAIN_GCC_ARM\libmbed.a(FileBase.o)
                0x08003614                mbed::FileBase::~FileBase()
                0x08003614                mbed::FileBase::~FileBase()
 .text._ZN4mbed8FileBaseD0Ev
                0x08003644       0x3c C:\Users\Christopher\Documents\GitHub\Nucleo_IMU/mbed/TARGET_NUCLEO_L152RE/TOOLCHAIN_GCC_ARM\libmbed.a(FileBase.o)
                0x08003644                mbed::FileBase::~FileBase()
 .text._ZN4mbed8FileBaseC2EPKcNS_8PathTypeE
                0x08003680       0x28 C:\Users\Christopher\Documents\GitHub\Nucleo_IMU/mbed/TARGET_NUCLEO_L152RE/TOOLCHAIN_GCC_ARM\libmbed.a(FileBase.o)
                0x08003680                mbed::FileBase::FileBase(char const*, mbed::PathType)
                0x08003680                mbed::FileBase::FileBase(char const*, mbed::PathType)
 .text._ZN4mbed8FileBase6lookupEPKcj
                0x080036a8       0x3c C:\Users\Christopher\Documents\GitHub\Nucleo_IMU/mbed/TARGET_NUCLEO_L152RE/TOOLCHAIN_GCC_ARM\libmbed.a(FileBase.o)
                0x080036a8                mbed::FileBase::lookup(char const*, unsigned int)
 .text._ZN4mbed8FileBase11getPathTypeEv
                0x080036e4        0x4 C:\Users\Christopher\Documents\GitHub\Nucleo_IMU/mbed/TARGET_NUCLEO_L152RE/TOOLCHAIN_GCC_ARM\libmbed.a(FileBase.o)
                0x080036e4                mbed::FileBase::getPathType()
 .text          0x080036e8      0x21c c:/program files (x86)/gnu tools arm embedded/4.9 2014q4/bin/../lib/gcc/arm-none-eabi/4.9.3/armv7-m\libgcc.a(_arm_addsubsf3.o)
                0x080036e8                __aeabi_frsub
                0x080036f0                __subsf3
                0x080036f0                __aeabi_fsub
                0x080036f4                __aeabi_fadd
                0x080036f4                __addsf3
                0x08003854                __aeabi_ui2f
                0x08003854                __floatunsisf
                0x0800385c                __aeabi_i2f
                0x0800385c                __floatsisf
                0x08003878                __aeabi_ul2f
                0x08003878                __floatundisf
                0x08003888                __aeabi_l2f
                0x08003888                __floatdisf
 .text          0x08003904       0x4c c:/program files (x86)/gnu tools arm embedded/4.9 2014q4/bin/../lib/gcc/arm-none-eabi/4.9.3/armv7-m\libgcc.a(_arm_fixsfsi.o)
                0x08003904                __aeabi_f2iz
                0x08003904                __fixsfsi
 .text.__aeabi_atexit
                0x08003950        0xa c:/program files (x86)/gnu tools arm embedded/4.9 2014q4/bin/../lib/gcc/arm-none-eabi/4.9.3/../../../../arm-none-eabi/lib/armv7-m\libc_nano.a(lib_a-aeabi_atexit.o)
                0x08003950                __aeabi_atexit
 *fill*         0x0800395a        0x2 
 .text.__cxa_atexit
                0x0800395c       0x1c c:/program files (x86)/gnu tools arm embedded/4.9 2014q4/bin/../lib/gcc/arm-none-eabi/4.9.3/../../../../arm-none-eabi/lib/armv7-m\libc_nano.a(lib_a-cxa_atexit.o)
                0x0800395c                __cxa_atexit
 .text.__errno  0x08003978        0xc c:/program files (x86)/gnu tools arm embedded/4.9 2014q4/bin/../lib/gcc/arm-none-eabi/4.9.3/../../../../arm-none-eabi/lib/armv7-m\libc_nano.a(lib_a-errno.o)
                0x08003978                __errno
 .text.exit     0x08003984       0x28 c:/program files (x86)/gnu tools arm embedded/4.9 2014q4/bin/../lib/gcc/arm-none-eabi/4.9.3/../../../../arm-none-eabi/lib/armv7-m\libc_nano.a(lib_a-exit.o)
                0x08003984                exit
 .text._fclose_r
                0x080039ac       0xa4 c:/program files (x86)/gnu tools arm embedded/4.9 2014q4/bin/../lib/gcc/arm-none-eabi/4.9.3/../../../../arm-none-eabi/lib/armv7-m\libc_nano.a(lib_a-fclose.o)
                0x080039ac                _fclose_r
 .text.fclose   0x08003a50       0x10 c:/program files (x86)/gnu tools arm embedded/4.9 2014q4/bin/../lib/gcc/arm-none-eabi/4.9.3/../../../../arm-none-eabi/lib/armv7-m\libc_nano.a(lib_a-fclose.o)
                0x08003a50                fclose
 .text.__sflush_r
                0x08003a60      0x106 c:/program files (x86)/gnu tools arm embedded/4.9 2014q4/bin/../lib/gcc/arm-none-eabi/4.9.3/../../../../arm-none-eabi/lib/armv7-m\libc_nano.a(lib_a-fflush.o)
                0x08003a60                __sflush_r
 *fill*         0x08003b66        0x2 
 .text._fflush_r
                0x08003b68       0x54 c:/program files (x86)/gnu tools arm embedded/4.9 2014q4/bin/../lib/gcc/arm-none-eabi/4.9.3/../../../../arm-none-eabi/lib/armv7-m\libc_nano.a(lib_a-fflush.o)
                0x08003b68                _fflush_r
 .text.fflush   0x08003bbc       0x24 c:/program files (x86)/gnu tools arm embedded/4.9 2014q4/bin/../lib/gcc/arm-none-eabi/4.9.3/../../../../arm-none-eabi/lib/armv7-m\libc_nano.a(lib_a-fflush.o)
                0x08003bbc                fflush
 .text._fgetc_r
                0x08003be0       0x58 c:/program files (x86)/gnu tools arm embedded/4.9 2014q4/bin/../lib/gcc/arm-none-eabi/4.9.3/../../../../arm-none-eabi/lib/armv7-m\libc_nano.a(lib_a-fgetc.o)
                0x08003be0                _fgetc_r
 .text.fgetc    0x08003c38       0x10 c:/program files (x86)/gnu tools arm embedded/4.9 2014q4/bin/../lib/gcc/arm-none-eabi/4.9.3/../../../../arm-none-eabi/lib/armv7-m\libc_nano.a(lib_a-fgetc.o)
                0x08003c38                fgetc
 .text._cleanup_r
                0x08003c48        0xc c:/program files (x86)/gnu tools arm embedded/4.9 2014q4/bin/../lib/gcc/arm-none-eabi/4.9.3/../../../../arm-none-eabi/lib/armv7-m\libc_nano.a(lib_a-findfp.o)
                0x08003c48                _cleanup_r
 .text.std.isra.0
                0x08003c54       0x48 c:/program files (x86)/gnu tools arm embedded/4.9 2014q4/bin/../lib/gcc/arm-none-eabi/4.9.3/../../../../arm-none-eabi/lib/armv7-m\libc_nano.a(lib_a-findfp.o)
 .text.__sfmoreglue
                0x08003c9c       0x2c c:/program files (x86)/gnu tools arm embedded/4.9 2014q4/bin/../lib/gcc/arm-none-eabi/4.9.3/../../../../arm-none-eabi/lib/armv7-m\libc_nano.a(lib_a-findfp.o)
                0x08003c9c                __sfmoreglue
 .text.__sinit  0x08003cc8       0x60 c:/program files (x86)/gnu tools arm embedded/4.9 2014q4/bin/../lib/gcc/arm-none-eabi/4.9.3/../../../../arm-none-eabi/lib/armv7-m\libc_nano.a(lib_a-findfp.o)
                0x08003cc8                __sinit
 .text.__sfp    0x08003d28       0x74 c:/program files (x86)/gnu tools arm embedded/4.9 2014q4/bin/../lib/gcc/arm-none-eabi/4.9.3/../../../../arm-none-eabi/lib/armv7-m\libc_nano.a(lib_a-findfp.o)
                0x08003d28                __sfp
 .text.__sfp_lock_acquire
                0x08003d9c        0x2 c:/program files (x86)/gnu tools arm embedded/4.9 2014q4/bin/../lib/gcc/arm-none-eabi/4.9.3/../../../../arm-none-eabi/lib/armv7-m\libc_nano.a(lib_a-findfp.o)
                0x08003d9c                __sfp_lock_acquire
 .text.__sfp_lock_release
                0x08003d9e        0x2 c:/program files (x86)/gnu tools arm embedded/4.9 2014q4/bin/../lib/gcc/arm-none-eabi/4.9.3/../../../../arm-none-eabi/lib/armv7-m\libc_nano.a(lib_a-findfp.o)
                0x08003d9e                __sfp_lock_release
 .text._fopen_r
                0x08003da0       0x80 c:/program files (x86)/gnu tools arm embedded/4.9 2014q4/bin/../lib/gcc/arm-none-eabi/4.9.3/../../../../arm-none-eabi/lib/armv7-m\libc_nano.a(lib_a-fopen.o)
                0x08003da0                _fopen_r
 .text.fopen    0x08003e20       0x14 c:/program files (x86)/gnu tools arm embedded/4.9 2014q4/bin/../lib/gcc/arm-none-eabi/4.9.3/../../../../arm-none-eabi/lib/armv7-m\libc_nano.a(lib_a-fopen.o)
                0x08003e20                fopen
 .text._fputs_r
                0x08003e34       0xa8 c:/program files (x86)/gnu tools arm embedded/4.9 2014q4/bin/../lib/gcc/arm-none-eabi/4.9.3/../../../../arm-none-eabi/lib/armv7-m\libc_nano.a(lib_a-fputs.o)
                0x08003e34                _fputs_r
 .text.fputs    0x08003edc       0x14 c:/program files (x86)/gnu tools arm embedded/4.9 2014q4/bin/../lib/gcc/arm-none-eabi/4.9.3/../../../../arm-none-eabi/lib/armv7-m\libc_nano.a(lib_a-fputs.o)
                0x08003edc                fputs
 .text._fseek_r
                0x08003ef0        0x4 c:/program files (x86)/gnu tools arm embedded/4.9 2014q4/bin/../lib/gcc/arm-none-eabi/4.9.3/../../../../arm-none-eabi/lib/armv7-m\libc_nano.a(lib_a-fseek.o)
                0x08003ef0                _fseek_r
 .text._fseeko_r
                0x08003ef4      0x118 c:/program files (x86)/gnu tools arm embedded/4.9 2014q4/bin/../lib/gcc/arm-none-eabi/4.9.3/../../../../arm-none-eabi/lib/armv7-m\libc_nano.a(lib_a-fseeko.o)
                0x08003ef4                _fseeko_r
 .text._fwalk   0x0800400c       0x38 c:/program files (x86)/gnu tools arm embedded/4.9 2014q4/bin/../lib/gcc/arm-none-eabi/4.9.3/../../../../arm-none-eabi/lib/armv7-m\libc_nano.a(lib_a-fwalk.o)
                0x0800400c                _fwalk
 .text._fwalk_reent
                0x08004044       0x3c c:/program files (x86)/gnu tools arm embedded/4.9 2014q4/bin/../lib/gcc/arm-none-eabi/4.9.3/../../../../arm-none-eabi/lib/armv7-m\libc_nano.a(lib_a-fwalk.o)
                0x08004044                _fwalk_reent
 .text.__libc_init_array
                0x08004080       0x4c c:/program files (x86)/gnu tools arm embedded/4.9 2014q4/bin/../lib/gcc/arm-none-eabi/4.9.3/../../../../arm-none-eabi/lib/armv7-m\libc_nano.a(lib_a-init.o)
                0x08004080                __libc_init_array
 .text.__smakebuf_r
                0x080040cc       0x98 c:/program files (x86)/gnu tools arm embedded/4.9 2014q4/bin/../lib/gcc/arm-none-eabi/4.9.3/../../../../arm-none-eabi/lib/armv7-m\libc_nano.a(lib_a-makebuf.o)
                0x080040cc                __smakebuf_r
 .text.memchr   0x08004164       0x1c c:/program files (x86)/gnu tools arm embedded/4.9 2014q4/bin/../lib/gcc/arm-none-eabi/4.9.3/../../../../arm-none-eabi/lib/armv7-m\libc_nano.a(lib_a-memchr.o)
                0x08004164                memchr
 .text.memcpy   0x08004180       0x16 c:/program files (x86)/gnu tools arm embedded/4.9 2014q4/bin/../lib/gcc/arm-none-eabi/4.9.3/../../../../arm-none-eabi/lib/armv7-m\libc_nano.a(lib_a-memcpy.o)
                0x08004180                memcpy
 .text.memset   0x08004196       0x10 c:/program files (x86)/gnu tools arm embedded/4.9 2014q4/bin/../lib/gcc/arm-none-eabi/4.9.3/../../../../arm-none-eabi/lib/armv7-m\libc_nano.a(lib_a-memset.o)
                0x08004196                memset
 *fill*         0x080041a6        0x2 
 .text._free_r  0x080041a8       0x88 c:/program files (x86)/gnu tools arm embedded/4.9 2014q4/bin/../lib/gcc/arm-none-eabi/4.9.3/../../../../arm-none-eabi/lib/armv7-m\libc_nano.a(lib_a-nano-freer.o)
                0x080041a8                _free_r
 .text._malloc_r
                0x08004230       0xac c:/program files (x86)/gnu tools arm embedded/4.9 2014q4/bin/../lib/gcc/arm-none-eabi/4.9.3/../../../../arm-none-eabi/lib/armv7-m\libc_nano.a(lib_a-nano-mallocr.o)
                0x08004230                _malloc_r
 .text.__sfputc_r
                0x080042dc       0x2c c:/program files (x86)/gnu tools arm embedded/4.9 2014q4/bin/../lib/gcc/arm-none-eabi/4.9.3/../../../../arm-none-eabi/lib/armv7-m\libc_nano.a(lib_a-nano-vfprintf.o)
 .text.__sfputs_r
                0x08004308       0x24 c:/program files (x86)/gnu tools arm embedded/4.9 2014q4/bin/../lib/gcc/arm-none-eabi/4.9.3/../../../../arm-none-eabi/lib/armv7-m\libc_nano.a(lib_a-nano-vfprintf.o)
                0x08004308                __sfputs_r
 .text._vfprintf_r
                0x0800432c      0x210 c:/program files (x86)/gnu tools arm embedded/4.9 2014q4/bin/../lib/gcc/arm-none-eabi/4.9.3/../../../../arm-none-eabi/lib/armv7-m\libc_nano.a(lib_a-nano-vfprintf.o)
                0x0800432c                _vfprintf_r
                0x0800432c                _vfiprintf_r
 .text.vfprintf
                0x0800453c       0x1c c:/program files (x86)/gnu tools arm embedded/4.9 2014q4/bin/../lib/gcc/arm-none-eabi/4.9.3/../../../../arm-none-eabi/lib/armv7-m\libc_nano.a(lib_a-nano-vfprintf.o)
                0x0800453c                vfprintf
                0x0800453c                vfiprintf
 .text._printf_common
                0x08004558       0xea c:/program files (x86)/gnu tools arm embedded/4.9 2014q4/bin/../lib/gcc/arm-none-eabi/4.9.3/../../../../arm-none-eabi/lib/armv7-m\libc_nano.a(lib_a-nano-vfprintf_i.o)
                0x08004558                _printf_common
 *fill*         0x08004642        0x2 
 .text._printf_i
                0x08004644      0x234 c:/program files (x86)/gnu tools arm embedded/4.9 2014q4/bin/../lib/gcc/arm-none-eabi/4.9.3/../../../../arm-none-eabi/lib/armv7-m\libc_nano.a(lib_a-nano-vfprintf_i.o)
                0x08004644                _printf_i
 .text._scanf_chars
                0x08004878       0xbc c:/program files (x86)/gnu tools arm embedded/4.9 2014q4/bin/../lib/gcc/arm-none-eabi/4.9.3/../../../../arm-none-eabi/lib/armv7-m\libc_nano.a(lib_a-nano-vfscanf_i.o)
                0x08004878                _scanf_chars
 .text._scanf_i
                0x08004934      0x1e4 c:/program files (x86)/gnu tools arm embedded/4.9 2014q4/bin/../lib/gcc/arm-none-eabi/4.9.3/../../../../arm-none-eabi/lib/armv7-m\libc_nano.a(lib_a-nano-vfscanf_i.o)
                0x08004934                _scanf_i
 .text._open_r  0x08004b18       0x24 c:/program files (x86)/gnu tools arm embedded/4.9 2014q4/bin/../lib/gcc/arm-none-eabi/4.9.3/../../../../arm-none-eabi/lib/armv7-m\libc_nano.a(lib_a-openr.o)
                0x08004b18                _open_r
 .text.printf   0x08004b3c       0x30 c:/program files (x86)/gnu tools arm embedded/4.9 2014q4/bin/../lib/gcc/arm-none-eabi/4.9.3/../../../../arm-none-eabi/lib/armv7-m\libc_nano.a(lib_a-printf.o)
                0x08004b3c                iprintf
                0x08004b3c                printf
 .text.lflush   0x08004b6c       0x12 c:/program files (x86)/gnu tools arm embedded/4.9 2014q4/bin/../lib/gcc/arm-none-eabi/4.9.3/../../../../arm-none-eabi/lib/armv7-m\libc_nano.a(lib_a-refill.o)
 *fill*         0x08004b7e        0x2 
 .text.__srefill_r
                0x08004b80      0x10c c:/program files (x86)/gnu tools arm embedded/4.9 2014q4/bin/../lib/gcc/arm-none-eabi/4.9.3/../../../../arm-none-eabi/lib/armv7-m\libc_nano.a(lib_a-refill.o)
                0x08004b80                __srefill_r
 .text.__srget_r
                0x08004c8c       0x58 c:/program files (x86)/gnu tools arm embedded/4.9 2014q4/bin/../lib/gcc/arm-none-eabi/4.9.3/../../../../arm-none-eabi/lib/armv7-m\libc_nano.a(lib_a-rget.o)
                0x08004c8c                __srget_r
 .text._sbrk_r  0x08004ce4       0x20 c:/program files (x86)/gnu tools arm embedded/4.9 2014q4/bin/../lib/gcc/arm-none-eabi/4.9.3/../../../../arm-none-eabi/lib/armv7-m\libc_nano.a(lib_a-sbrkr.o)
                0x08004ce4                _sbrk_r
 .text.__sccl   0x08004d04       0x62 c:/program files (x86)/gnu tools arm embedded/4.9 2014q4/bin/../lib/gcc/arm-none-eabi/4.9.3/../../../../arm-none-eabi/lib/armv7-m\libc_nano.a(lib_a-sccl.o)
                0x08004d04                __sccl
 .text.setbuf   0x08004d66       0x10 c:/program files (x86)/gnu tools arm embedded/4.9 2014q4/bin/../lib/gcc/arm-none-eabi/4.9.3/../../../../arm-none-eabi/lib/armv7-m\libc_nano.a(lib_a-setbuf.o)
                0x08004d66                setbuf
 *fill*         0x08004d76        0x2 
 .text.setvbuf  0x08004d78      0x110 c:/program files (x86)/gnu tools arm embedded/4.9 2014q4/bin/../lib/gcc/arm-none-eabi/4.9.3/../../../../arm-none-eabi/lib/armv7-m\libc_nano.a(lib_a-setvbuf.o)
                0x08004d78                setvbuf
 .text.sprintf  0x08004e88       0x48 c:/program files (x86)/gnu tools arm embedded/4.9 2014q4/bin/../lib/gcc/arm-none-eabi/4.9.3/../../../../arm-none-eabi/lib/armv7-m\libc_nano.a(lib_a-sprintf.o)
                0x08004e88                siprintf
                0x08004e88                sprintf
 .text.sscanf   0x08004ed0       0x54 c:/program files (x86)/gnu tools arm embedded/4.9 2014q4/bin/../lib/gcc/arm-none-eabi/4.9.3/../../../../arm-none-eabi/lib/armv7-m\libc_nano.a(lib_a-sscanf.o)
                0x08004ed0                siscanf
                0x08004ed0                sscanf
 .text.__sread  0x08004f24       0x22 c:/program files (x86)/gnu tools arm embedded/4.9 2014q4/bin/../lib/gcc/arm-none-eabi/4.9.3/../../../../arm-none-eabi/lib/armv7-m\libc_nano.a(lib_a-stdio.o)
                0x08004f24                __sread
 .text.__seofread
                0x08004f46        0x4 c:/program files (x86)/gnu tools arm embedded/4.9 2014q4/bin/../lib/gcc/arm-none-eabi/4.9.3/../../../../arm-none-eabi/lib/armv7-m\libc_nano.a(lib_a-stdio.o)
                0x08004f46                __seofread
 .text.__swrite
                0x08004f4a       0x38 c:/program files (x86)/gnu tools arm embedded/4.9 2014q4/bin/../lib/gcc/arm-none-eabi/4.9.3/../../../../arm-none-eabi/lib/armv7-m\libc_nano.a(lib_a-stdio.o)
                0x08004f4a                __swrite
 .text.__sseek  0x08004f82       0x24 c:/program files (x86)/gnu tools arm embedded/4.9 2014q4/bin/../lib/gcc/arm-none-eabi/4.9.3/../../../../arm-none-eabi/lib/armv7-m\libc_nano.a(lib_a-stdio.o)
                0x08004f82                __sseek
 .text.__sclose
                0x08004fa6        0x8 c:/program files (x86)/gnu tools arm embedded/4.9 2014q4/bin/../lib/gcc/arm-none-eabi/4.9.3/../../../../arm-none-eabi/lib/armv7-m\libc_nano.a(lib_a-stdio.o)
                0x08004fa6                __sclose
 .text          0x08004fae       0x14 c:/program files (x86)/gnu tools arm embedded/4.9 2014q4/bin/../lib/gcc/arm-none-eabi/4.9.3/../../../../arm-none-eabi/lib/armv7-m\libc_nano.a(lib_a-strcmp.o)
                0x08004fae                strcmp
 .text.strlen   0x08004fc2       0x10 c:/program files (x86)/gnu tools arm embedded/4.9 2014q4/bin/../lib/gcc/arm-none-eabi/4.9.3/../../../../arm-none-eabi/lib/armv7-m\libc_nano.a(lib_a-strlen.o)
                0x08004fc2                strlen
 .text.strncmp  0x08004fd2       0x32 c:/program files (x86)/gnu tools arm embedded/4.9 2014q4/bin/../lib/gcc/arm-none-eabi/4.9.3/../../../../arm-none-eabi/lib/armv7-m\libc_nano.a(lib_a-strncmp.o)
                0x08004fd2                strncmp
 .text._strtol_r
                0x08005004      0x10c c:/program files (x86)/gnu tools arm embedded/4.9 2014q4/bin/../lib/gcc/arm-none-eabi/4.9.3/../../../../arm-none-eabi/lib/armv7-m\libc_nano.a(lib_a-strtol.o)
                0x08005004                _strtol_r
 .text.strtol   0x08005110       0x1c c:/program files (x86)/gnu tools arm embedded/4.9 2014q4/bin/../lib/gcc/arm-none-eabi/4.9.3/../../../../arm-none-eabi/lib/armv7-m\libc_nano.a(lib_a-strtol.o)
                0x08005110                strtol
 .text._strtoul_r
                0x0800512c       0xf8 c:/program files (x86)/gnu tools arm embedded/4.9 2014q4/bin/../lib/gcc/arm-none-eabi/4.9.3/../../../../arm-none-eabi/lib/armv7-m\libc_nano.a(lib_a-strtoul.o)
                0x0800512c                _strtoul_r
 .text.__submore
                0x08005224       0x72 c:/program files (x86)/gnu tools arm embedded/4.9 2014q4/bin/../lib/gcc/arm-none-eabi/4.9.3/../../../../arm-none-eabi/lib/armv7-m\libc_nano.a(lib_a-ungetc.o)
                0x08005224                __submore
 *fill*         0x08005296        0x2 
 .text.__swbuf_r
                0x08005298       0xa8 c:/program files (x86)/gnu tools arm embedded/4.9 2014q4/bin/../lib/gcc/arm-none-eabi/4.9.3/../../../../arm-none-eabi/lib/armv7-m\libc_nano.a(lib_a-wbuf.o)
                0x08005298                __swbuf_r
 .text._write_r
                0x08005340       0x24 c:/program files (x86)/gnu tools arm embedded/4.9 2014q4/bin/../lib/gcc/arm-none-eabi/4.9.3/../../../../arm-none-eabi/lib/armv7-m\libc_nano.a(lib_a-writer.o)
                0x08005340                _write_r
 .text.__swsetup_r
                0x08005364       0xd8 c:/program files (x86)/gnu tools arm embedded/4.9 2014q4/bin/../lib/gcc/arm-none-eabi/4.9.3/../../../../arm-none-eabi/lib/armv7-m\libc_nano.a(lib_a-wsetup.o)
                0x08005364                __swsetup_r
 .text._close_r
                0x0800543c       0x20 c:/program files (x86)/gnu tools arm embedded/4.9 2014q4/bin/../lib/gcc/arm-none-eabi/4.9.3/../../../../arm-none-eabi/lib/armv7-m\libc_nano.a(lib_a-closer.o)
                0x0800543c                _close_r
 .text.__sflags
                0x0800545c       0x6e c:/program files (x86)/gnu tools arm embedded/4.9 2014q4/bin/../lib/gcc/arm-none-eabi/4.9.3/../../../../arm-none-eabi/lib/armv7-m\libc_nano.a(lib_a-flags.o)
                0x0800545c                __sflags
 *fill*         0x080054ca        0x2 
 .text._fstat_r
                0x080054cc       0x24 c:/program files (x86)/gnu tools arm embedded/4.9 2014q4/bin/../lib/gcc/arm-none-eabi/4.9.3/../../../../arm-none-eabi/lib/armv7-m\libc_nano.a(lib_a-fstatr.o)
                0x080054cc                _fstat_r
 .text._isatty_r
                0x080054f0       0x20 c:/program files (x86)/gnu tools arm embedded/4.9 2014q4/bin/../lib/gcc/arm-none-eabi/4.9.3/../../../../arm-none-eabi/lib/armv7-m\libc_nano.a(lib_a-isattyr.o)
                0x080054f0                _isatty_r
 .text._lseek_r
                0x08005510       0x24 c:/program files (x86)/gnu tools arm embedded/4.9 2014q4/bin/../lib/gcc/arm-none-eabi/4.9.3/../../../../arm-none-eabi/lib/armv7-m\libc_nano.a(lib_a-lseekr.o)
                0x08005510                _lseek_r
 .text.malloc   0x08005534       0x10 c:/program files (x86)/gnu tools arm embedded/4.9 2014q4/bin/../lib/gcc/arm-none-eabi/4.9.3/../../../../arm-none-eabi/lib/armv7-m\libc_nano.a(lib_a-malloc.o)
                0x08005534                malloc
 .text.free     0x08005544       0x10 c:/program files (x86)/gnu tools arm embedded/4.9 2014q4/bin/../lib/gcc/arm-none-eabi/4.9.3/../../../../arm-none-eabi/lib/armv7-m\libc_nano.a(lib_a-malloc.o)
                0x08005544                free
 .text.memmove  0x08005554       0x36 c:/program files (x86)/gnu tools arm embedded/4.9 2014q4/bin/../lib/gcc/arm-none-eabi/4.9.3/../../../../arm-none-eabi/lib/armv7-m\libc_nano.a(lib_a-memmove.o)
                0x08005554                memmove
 .text._realloc_r
                0x0800558a       0x4c c:/program files (x86)/gnu tools arm embedded/4.9 2014q4/bin/../lib/gcc/arm-none-eabi/4.9.3/../../../../arm-none-eabi/lib/armv7-m\libc_nano.a(lib_a-nano-reallocr.o)
                0x0800558a                _realloc_r
 .text.__ssputs_r
                0x080055d6       0xb2 c:/program files (x86)/gnu tools arm embedded/4.9 2014q4/bin/../lib/gcc/arm-none-eabi/4.9.3/../../../../arm-none-eabi/lib/armv7-m\libc_nano.a(lib_a-nano-svfprintf.o)
                0x080055d6                __ssputs_r
 .text._svfprintf_r
                0x08005688      0x1e4 c:/program files (x86)/gnu tools arm embedded/4.9 2014q4/bin/../lib/gcc/arm-none-eabi/4.9.3/../../../../arm-none-eabi/lib/armv7-m\libc_nano.a(lib_a-nano-svfprintf.o)
                0x08005688                _svfiprintf_r
                0x08005688                _svfprintf_r
 .text._sungetc_r
                0x0800586c       0x7a c:/program files (x86)/gnu tools arm embedded/4.9 2014q4/bin/../lib/gcc/arm-none-eabi/4.9.3/../../../../arm-none-eabi/lib/armv7-m\libc_nano.a(lib_a-nano-svfscanf.o)
                0x0800586c                _sungetc_r
 .text.__ssrefill_r
                0x080058e6       0x3a c:/program files (x86)/gnu tools arm embedded/4.9 2014q4/bin/../lib/gcc/arm-none-eabi/4.9.3/../../../../arm-none-eabi/lib/armv7-m\libc_nano.a(lib_a-nano-svfscanf.o)
                0x080058e6                __ssrefill_r
 .text.__ssvfscanf_r
                0x08005920      0x29c c:/program files (x86)/gnu tools arm embedded/4.9 2014q4/bin/../lib/gcc/arm-none-eabi/4.9.3/../../../../arm-none-eabi/lib/armv7-m\libc_nano.a(lib_a-nano-svfscanf.o)
                0x08005920                __ssvfiscanf_r
                0x08005920                __ssvfscanf_r
 .text._read_r  0x08005bbc       0x24 c:/program files (x86)/gnu tools arm embedded/4.9 2014q4/bin/../lib/gcc/arm-none-eabi/4.9.3/../../../../arm-none-eabi/lib/armv7-m\libc_nano.a(lib_a-readr.o)
                0x08005bbc                _read_r
 .text._malloc_usable_size_r
                0x08005be0       0x14 c:/program files (x86)/gnu tools arm embedded/4.9 2014q4/bin/../lib/gcc/arm-none-eabi/4.9.3/../../../../arm-none-eabi/lib/armv7-m\libc_nano.a(lib_a-nano-msizer.o)
                0x08005be0                _malloc_usable_size_r
 .text._ZdlPv   0x08005bf4        0x4 c:/program files (x86)/gnu tools arm embedded/4.9 2014q4/bin/../lib/gcc/arm-none-eabi/4.9.3/../../../../arm-none-eabi/lib/armv7-m\libstdc++_nano.a(del_op.o)
                0x08005bf4                operator delete(void*)
 *(.init)
 .init          0x08005bf8        0x4 c:/program files (x86)/gnu tools arm embedded/4.9 2014q4/bin/../lib/gcc/arm-none-eabi/4.9.3/armv7-m/crti.o
                0x08005bf8                _init
 .init          0x08005bfc        0x8 c:/program files (x86)/gnu tools arm embedded/4.9 2014q4/bin/../lib/gcc/arm-none-eabi/4.9.3/armv7-m/crtn.o
 *(.fini)
 .fini          0x08005c04        0x4 c:/program files (x86)/gnu tools arm embedded/4.9 2014q4/bin/../lib/gcc/arm-none-eabi/4.9.3/armv7-m/crti.o
                0x08005c04                _fini
 .fini          0x08005c08        0x8 c:/program files (x86)/gnu tools arm embedded/4.9 2014q4/bin/../lib/gcc/arm-none-eabi/4.9.3/armv7-m/crtn.o
 *crtbegin.o(.ctors)
 *crtbegin?.o(.ctors)
 *(EXCLUDE_FILE(*crtend.o *crtend?.o) .ctors)
 *(SORT(.ctors.*))
 *(.ctors)
 *crtbegin.o(.dtors)
 *crtbegin?.o(.dtors)
 *(EXCLUDE_FILE(*crtend.o *crtend?.o) .dtors)
 *(SORT(.dtors.*))
 *(.dtors)
 *(.rodata*)
 .rodata.__stdin_name
                0x08005c10        0x7 C:\Users\Christopher\Documents\GitHub\Nucleo_IMU/mbed/TARGET_NUCLEO_L152RE/TOOLCHAIN_GCC_ARM/retarget.o
                0x08005c10                __stdin_name
 *fill*         0x08005c17        0x1 
 .rodata.__stderr_name
                0x08005c18        0x8 C:\Users\Christopher\Documents\GitHub\Nucleo_IMU/mbed/TARGET_NUCLEO_L152RE/TOOLCHAIN_GCC_ARM/retarget.o
                0x08005c18                __stderr_name
 .rodata.__stdout_name
                0x08005c20        0x8 C:\Users\Christopher\Documents\GitHub\Nucleo_IMU/mbed/TARGET_NUCLEO_L152RE/TOOLCHAIN_GCC_ARM/retarget.o
                0x08005c20                __stdout_name
 .rodata._ZTVN4mbed10FileHandleE
                0x08005c28       0x2c C:\Users\Christopher\Documents\GitHub\Nucleo_IMU/mbed/TARGET_NUCLEO_L152RE/TOOLCHAIN_GCC_ARM/retarget.o
                0x08005c28                vtable for mbed::FileHandle
 .rodata.str1.4
                0x08005c54        0xe C:\Users\Christopher\Documents\GitHub\Nucleo_IMU/mbed/TARGET_NUCLEO_L152RE/TOOLCHAIN_GCC_ARM/retarget.o
 *fill*         0x08005c62        0x2 
 .rodata.aPLLMulFactorTable
                0x08005c64        0x9 C:\Users\Christopher\Documents\GitHub\Nucleo_IMU/mbed/TARGET_NUCLEO_L152RE/TOOLCHAIN_GCC_ARM/stm32l1xx_hal_rcc.o
                0x08005c64                aPLLMulFactorTable
 *fill*         0x08005c6d        0x3 
 .rodata.aAPBAHBPrescTable
                0x08005c70       0x10 C:\Users\Christopher\Documents\GitHub\Nucleo_IMU/mbed/TARGET_NUCLEO_L152RE/TOOLCHAIN_GCC_ARM/stm32l1xx_hal_rcc.o
                0x08005c70                aAPBAHBPrescTable
 .rodata.aPLLDivisionFactorTable
                0x08005c80        0x4 C:\Users\Christopher\Documents\GitHub\Nucleo_IMU/mbed/TARGET_NUCLEO_L152RE/TOOLCHAIN_GCC_ARM/stm32l1xx_hal_rcc.o
                0x08005c80                aPLLDivisionFactorTable
 .rodata.AHBPrescTable
                0x08005c84       0x10 C:\Users\Christopher\Documents\GitHub\Nucleo_IMU/mbed/TARGET_NUCLEO_L152RE/TOOLCHAIN_GCC_ARM/system_stm32l1xx.o
                0x08005c84                AHBPrescTable
 .rodata.PLLMulTable
                0x08005c94        0x9 C:\Users\Christopher\Documents\GitHub\Nucleo_IMU/mbed/TARGET_NUCLEO_L152RE/TOOLCHAIN_GCC_ARM/system_stm32l1xx.o
                0x08005c94                PLLMulTable
 .rodata.str1.1
                0x08005c9d       0x84 ..\obj\minmea.o
                                 0x89 (size before relaxing)
 .rodata.str1.1
                0x08005d21       0x87 ..\obj\main.o
 .rodata.str1.1
                0x08005da8       0x59 ..\obj\gps.o
                                 0x79 (size before relaxing)
 *fill*         0x08005e01        0x3 
 .rodata.str1.4
                0x08005e04       0x82 C:\Users\Christopher\Documents\GitHub\Nucleo_IMU/mbed/TARGET_NUCLEO_L152RE/TOOLCHAIN_GCC_ARM\libmbed.a(analogin_api.o)
 *fill*         0x08005e86        0x2 
 .rodata.gpio_mode
                0x08005e88       0x34 C:\Users\Christopher\Documents\GitHub\Nucleo_IMU/mbed/TARGET_NUCLEO_L152RE/TOOLCHAIN_GCC_ARM\libmbed.a(pinmap.o)
 .rodata.str1.4
                0x08005ebc       0x9c C:\Users\Christopher\Documents\GitHub\Nucleo_IMU/mbed/TARGET_NUCLEO_L152RE/TOOLCHAIN_GCC_ARM\libmbed.a(pinmap.o)
 .rodata.str1.4
                0x08005f58       0x84 C:\Users\Christopher\Documents\GitHub\Nucleo_IMU/mbed/TARGET_NUCLEO_L152RE/TOOLCHAIN_GCC_ARM\libmbed.a(serial_api.o)
 *fill*         0x08005fdc        0x4 
 .rodata._ZTVN4mbed6SerialE
                0x08005fe0       0x5c C:\Users\Christopher\Documents\GitHub\Nucleo_IMU/mbed/TARGET_NUCLEO_L152RE/TOOLCHAIN_GCC_ARM\libmbed.a(Serial.o)
                0x08005fe0                vtable for mbed::Serial
 *fill*         0x0800603c        0x4 
 .rodata._ZTVN4mbed10SerialBaseE
                0x08006040       0x10 C:\Users\Christopher\Documents\GitHub\Nucleo_IMU/mbed/TARGET_NUCLEO_L152RE/TOOLCHAIN_GCC_ARM\libmbed.a(SerialBase.o)
                0x08006040                vtable for mbed::SerialBase
 .rodata._ZTVN4mbed6StreamE
                0x08006050       0x44 C:\Users\Christopher\Documents\GitHub\Nucleo_IMU/mbed/TARGET_NUCLEO_L152RE/TOOLCHAIN_GCC_ARM\libmbed.a(Stream.o)
                0x08006050                vtable for mbed::Stream
 .rodata.str1.4
                0x08006094        0x3 C:\Users\Christopher\Documents\GitHub\Nucleo_IMU/mbed/TARGET_NUCLEO_L152RE/TOOLCHAIN_GCC_ARM\libmbed.a(Stream.o)
                                  0x7 (size before relaxing)
 *fill*         0x08006097        0x1 
 .rodata._ZTVN4mbed6TickerE
                0x08006098       0x14 C:\Users\Christopher\Documents\GitHub\Nucleo_IMU/mbed/TARGET_NUCLEO_L152RE/TOOLCHAIN_GCC_ARM\libmbed.a(Ticker.o)
                0x08006098                vtable for mbed::Ticker
 .rodata.str1.4
                0x080060ac       0x31 C:\Users\Christopher\Documents\GitHub\Nucleo_IMU/mbed/TARGET_NUCLEO_L152RE/TOOLCHAIN_GCC_ARM\libmbed.a(assert.o)
 *fill*         0x080060dd        0x3 
 .rodata._ZTVN4mbed10TimerEventE
                0x080060e0       0x14 C:\Users\Christopher\Documents\GitHub\Nucleo_IMU/mbed/TARGET_NUCLEO_L152RE/TOOLCHAIN_GCC_ARM\libmbed.a(TimerEvent.o)
                0x080060e0                vtable for mbed::TimerEvent
 .rodata.str1.4
                0x080060f4       0x68 C:\Users\Christopher\Documents\GitHub\Nucleo_IMU/mbed/TARGET_NUCLEO_L152RE/TOOLCHAIN_GCC_ARM\libmbed.a(pinmap_common.o)
                                 0x66 (size before relaxing)
 .rodata.us_interface
                0x0800615c       0x14 C:\Users\Christopher\Documents\GitHub\Nucleo_IMU/mbed/TARGET_NUCLEO_L152RE/TOOLCHAIN_GCC_ARM\libmbed.a(us_ticker_api.o)
 .rodata.us_data
                0x08006170        0x8 C:\Users\Christopher\Documents\GitHub\Nucleo_IMU/mbed/TARGET_NUCLEO_L152RE/TOOLCHAIN_GCC_ARM\libmbed.a(us_ticker_api.o)
 .rodata.PinMap_UART_RX
                0x08006178       0x54 C:\Users\Christopher\Documents\GitHub\Nucleo_IMU/mbed/TARGET_NUCLEO_L152RE/TOOLCHAIN_GCC_ARM\libmbed.a(PeripheralPins.o)
                0x08006178                PinMap_UART_RX
 .rodata.PinMap_UART_TX
                0x080061cc       0x54 C:\Users\Christopher\Documents\GitHub\Nucleo_IMU/mbed/TARGET_NUCLEO_L152RE/TOOLCHAIN_GCC_ARM\libmbed.a(PeripheralPins.o)
                0x080061cc                PinMap_UART_TX
 .rodata.PinMap_ADC
                0x08006220       0xfc C:\Users\Christopher\Documents\GitHub\Nucleo_IMU/mbed/TARGET_NUCLEO_L152RE/TOOLCHAIN_GCC_ARM\libmbed.a(PeripheralPins.o)
                0x08006220                PinMap_ADC
 *fill*         0x0800631c        0x4 
 .rodata._ZTVN4mbed8FileLikeE
                0x08006320       0x3c C:\Users\Christopher\Documents\GitHub\Nucleo_IMU/mbed/TARGET_NUCLEO_L152RE/TOOLCHAIN_GCC_ARM\libmbed.a(FileLike.o)
                0x08006320                vtable for mbed::FileLike
 *fill*         0x0800635c        0x4 
 .rodata._ZTVN4mbed8FileBaseE
                0x08006360       0x10 C:\Users\Christopher\Documents\GitHub\Nucleo_IMU/mbed/TARGET_NUCLEO_L152RE/TOOLCHAIN_GCC_ARM\libmbed.a(FileBase.o)
                0x08006360                vtable for mbed::FileBase
 .rodata._ctype_
                0x08006370      0x101 c:/program files (x86)/gnu tools arm embedded/4.9 2014q4/bin/../lib/gcc/arm-none-eabi/4.9.3/../../../../arm-none-eabi/lib/armv7-m\libc_nano.a(lib_a-ctype_.o)
                0x08006370                _ctype_
 *fill*         0x08006471        0x3 
 .rodata.__sf_fake_stdin
                0x08006474       0x20 c:/program files (x86)/gnu tools arm embedded/4.9 2014q4/bin/../lib/gcc/arm-none-eabi/4.9.3/../../../../arm-none-eabi/lib/armv7-m\libc_nano.a(lib_a-findfp.o)
                0x08006474                __sf_fake_stdin
 .rodata.__sf_fake_stdout
                0x08006494       0x20 c:/program files (x86)/gnu tools arm embedded/4.9 2014q4/bin/../lib/gcc/arm-none-eabi/4.9.3/../../../../arm-none-eabi/lib/armv7-m\libc_nano.a(lib_a-findfp.o)
                0x08006494                __sf_fake_stdout
 .rodata.__sf_fake_stderr
                0x080064b4       0x20 c:/program files (x86)/gnu tools arm embedded/4.9 2014q4/bin/../lib/gcc/arm-none-eabi/4.9.3/../../../../arm-none-eabi/lib/armv7-m\libc_nano.a(lib_a-findfp.o)
                0x080064b4                __sf_fake_stderr
 .rodata.str1.1
                0x00000000       0x59 c:/program files (x86)/gnu tools arm embedded/4.9 2014q4/bin/../lib/gcc/arm-none-eabi/4.9.3/../../../../arm-none-eabi/lib/armv7-m\libc_nano.a(lib_a-impure.o)
                                  0x2 (size before relaxing)
 .rodata._global_impure_ptr
                0x080064d4        0x4 c:/program files (x86)/gnu tools arm embedded/4.9 2014q4/bin/../lib/gcc/arm-none-eabi/4.9.3/../../../../arm-none-eabi/lib/armv7-m\libc_nano.a(lib_a-impure.o)
                0x080064d4                _global_impure_ptr
 .rodata.str1.1
                0x080064d8       0x11 c:/program files (x86)/gnu tools arm embedded/4.9 2014q4/bin/../lib/gcc/arm-none-eabi/4.9.3/../../../../arm-none-eabi/lib/armv7-m\libc_nano.a(lib_a-nano-vfprintf.o)
 .rodata.str1.1
                0x080064e9       0x22 c:/program files (x86)/gnu tools arm embedded/4.9 2014q4/bin/../lib/gcc/arm-none-eabi/4.9.3/../../../../arm-none-eabi/lib/armv7-m\libc_nano.a(lib_a-nano-vfprintf_i.o)
 *fill*         0x0800650b        0x1 
 .rodata        0x0800650c        0xc c:/program files (x86)/gnu tools arm embedded/4.9 2014q4/bin/../lib/gcc/arm-none-eabi/4.9.3/../../../../arm-none-eabi/lib/armv7-m\libc_nano.a(lib_a-nano-vfscanf_i.o)
 .rodata.str1.1
                0x08006518       0x1b c:/program files (x86)/gnu tools arm embedded/4.9 2014q4/bin/../lib/gcc/arm-none-eabi/4.9.3/../../../../arm-none-eabi/lib/armv7-m\libc_nano.a(lib_a-nano-vfscanf_i.o)
 .rodata.str1.1
                0x00000000       0x11 c:/program files (x86)/gnu tools arm embedded/4.9 2014q4/bin/../lib/gcc/arm-none-eabi/4.9.3/../../../../arm-none-eabi/lib/armv7-m\libc_nano.a(lib_a-nano-svfprintf.o)
 .rodata.str1.1
                0x00000000        0x4 c:/program files (x86)/gnu tools arm embedded/4.9 2014q4/bin/../lib/gcc/arm-none-eabi/4.9.3/../../../../arm-none-eabi/lib/armv7-m\libc_nano.a(lib_a-nano-svfscanf.o)
 *(.eh_frame*)
 *fill*         0x08006533        0x1 
 .eh_frame      0x08006534        0x0 c:/program files (x86)/gnu tools arm embedded/4.9 2014q4/bin/../lib/gcc/arm-none-eabi/4.9.3/armv7-m/crtbegin.o
 .eh_frame      0x08006534       0x28 c:/program files (x86)/gnu tools arm embedded/4.9 2014q4/bin/../lib/gcc/arm-none-eabi/4.9.3/../../../../arm-none-eabi/lib/armv7-m\libc_nano.a(lib_a-strcmp.o)
 .eh_frame      0x0800655c        0x4 c:/program files (x86)/gnu tools arm embedded/4.9 2014q4/bin/../lib/gcc/arm-none-eabi/4.9.3/armv7-m/crtend.o

.glue_7         0x08006560        0x0
 .glue_7        0x00000000        0x0 linker stubs

.glue_7t        0x08006560        0x0
 .glue_7t       0x00000000        0x0 linker stubs

.vfp11_veneer   0x08006560        0x0
 .vfp11_veneer  0x00000000        0x0 linker stubs

.v4_bx          0x08006560        0x0
 .v4_bx         0x00000000        0x0 linker stubs

.iplt           0x08006560        0x0
 .iplt          0x00000000        0x0 c:/program files (x86)/gnu tools arm embedded/4.9 2014q4/bin/../lib/gcc/arm-none-eabi/4.9.3/armv7-m/crtbegin.o

.ARM.extab
 *(.ARM.extab* .gnu.linkonce.armextab.*)
                0x08006560                __exidx_start = .

.ARM.exidx      0x08006560        0x8
 *(.ARM.exidx* .gnu.linkonce.armexidx.*)
 .ARM.exidx     0x08006560        0x8 c:/program files (x86)/gnu tools arm embedded/4.9 2014q4/bin/../lib/gcc/arm-none-eabi/4.9.3/../../../../arm-none-eabi/lib/armv7-m/crt0.o
                0x08006568                __exidx_end = .
                0x08006568                __etext = .
                0x08006568                _sidata = .

.rel.dyn        0x08006568        0x0
 .rel.iplt      0x00000000        0x0 c:/program files (x86)/gnu tools arm embedded/4.9 2014q4/bin/../lib/gcc/arm-none-eabi/4.9.3/armv7-m/crtbegin.o

.data           0x2000013c       0x8c load address 0x08006568
                0x2000013c                __data_start__ = .
                0x2000013c                _sdata = .
 *(vtable)
 *(.data*)
 .data          0x2000013c        0x4 c:/program files (x86)/gnu tools arm embedded/4.9 2014q4/bin/../lib/gcc/arm-none-eabi/4.9.3/armv7-m/crtbegin.o
                0x2000013c                __dso_handle
 .data._ZZ5_sbrkE4heap
                0x20000140        0x4 C:\Users\Christopher\Documents\GitHub\Nucleo_IMU/mbed/TARGET_NUCLEO_L152RE/TOOLCHAIN_GCC_ARM/retarget.o
 .data.SystemCoreClock
                0x20000144        0x4 C:\Users\Christopher\Documents\GitHub\Nucleo_IMU/mbed/TARGET_NUCLEO_L152RE/TOOLCHAIN_GCC_ARM/system_stm32l1xx.o
                0x20000144                SystemCoreClock
 .data.__ctype_ptr__
                0x20000148        0x4 c:/program files (x86)/gnu tools arm embedded/4.9 2014q4/bin/../lib/gcc/arm-none-eabi/4.9.3/../../../../arm-none-eabi/lib/armv7-m\libc_nano.a(lib_a-ctype_.o)
                0x20000148                __ctype_ptr__
 .data.impure_data
                0x2000014c       0x60 c:/program files (x86)/gnu tools arm embedded/4.9 2014q4/bin/../lib/gcc/arm-none-eabi/4.9.3/../../../../arm-none-eabi/lib/armv7-m\libc_nano.a(lib_a-impure.o)
 .data._impure_ptr
                0x200001ac        0x4 c:/program files (x86)/gnu tools arm embedded/4.9 2014q4/bin/../lib/gcc/arm-none-eabi/4.9.3/../../../../arm-none-eabi/lib/armv7-m\libc_nano.a(lib_a-impure.o)
                0x200001ac                _impure_ptr
                0x200001b0                . = ALIGN (0x4)
                0x200001b0                PROVIDE (__preinit_array_start, .)
 *(.preinit_array)
                0x200001b0                PROVIDE (__preinit_array_end, .)
                0x200001b0                . = ALIGN (0x4)
                0x200001b0                PROVIDE (__init_array_start, .)
 *(SORT(.init_array.*))
 *(.init_array)
 .init_array    0x200001b0        0x4 c:/program files (x86)/gnu tools arm embedded/4.9 2014q4/bin/../lib/gcc/arm-none-eabi/4.9.3/armv7-m/crtbegin.o
 .init_array    0x200001b4        0x4 ..\obj\main.o
 .init_array    0x200001b8        0x4 ..\obj\gps.o
 .init_array    0x200001bc        0x4 ..\obj\IMU.o
                0x200001c0                PROVIDE (__init_array_end, .)
                0x200001c0                . = ALIGN (0x4)
                0x200001c0                PROVIDE (__fini_array_start, .)
 *(SORT(.fini_array.*))
 *(.fini_array)
 .fini_array    0x200001c0        0x4 c:/program files (x86)/gnu tools arm embedded/4.9 2014q4/bin/../lib/gcc/arm-none-eabi/4.9.3/armv7-m/crtbegin.o
                0x200001c4                PROVIDE (__fini_array_end, .)
 *(.jcr*)
 .jcr           0x200001c4        0x0 c:/program files (x86)/gnu tools arm embedded/4.9 2014q4/bin/../lib/gcc/arm-none-eabi/4.9.3/armv7-m/crtbegin.o
 .jcr           0x200001c4        0x4 c:/program files (x86)/gnu tools arm embedded/4.9 2014q4/bin/../lib/gcc/arm-none-eabi/4.9.3/armv7-m/crtend.o
                0x200001c8                . = ALIGN (0x4)
                0x200001c8                __data_end__ = .
                0x200001c8                _edata = .

.igot.plt       0x200001c8        0x0 load address 0x080065f4
 .igot.plt      0x00000000        0x0 c:/program files (x86)/gnu tools arm embedded/4.9 2014q4/bin/../lib/gcc/arm-none-eabi/4.9.3/armv7-m/crtbegin.o

.bss            0x200001c8     0x1694 load address 0x080065f4
                0x200001c8                . = ALIGN (0x4)
                0x200001c8                __bss_start__ = .
                0x200001c8                _sbss = .
 *(.bss*)
 .bss           0x200001c8       0x1c c:/program files (x86)/gnu tools arm embedded/4.9 2014q4/bin/../lib/gcc/arm-none-eabi/4.9.3/armv7-m/crtbegin.o
 .bss.PreviousVal
                0x200001e4        0x4 C:\Users\Christopher\Documents\GitHub\Nucleo_IMU/mbed/TARGET_NUCLEO_L152RE/TOOLCHAIN_GCC_ARM/hal_tick.o
                0x200001e4                PreviousVal
 .bss._ZL11filehandles
                0x200001e8      0x100 C:\Users\Christopher\Documents\GitHub\Nucleo_IMU/mbed/TARGET_NUCLEO_L152RE/TOOLCHAIN_GCC_ARM/retarget.o
 .bss.uwTick    0x200002e8        0x4 C:\Users\Christopher\Documents\GitHub\Nucleo_IMU/mbed/TARGET_NUCLEO_L152RE/TOOLCHAIN_GCC_ARM/stm32l1xx_hal.o
 .bss.ax        0x200002ec        0x8 ..\obj\main.o
                0x200002ec                ax
 .bss.ay        0x200002f4        0x8 ..\obj\main.o
                0x200002f4                ay
 .bss.pc        0x200002fc       0x6c ..\obj\main.o
                0x200002fc                pc
 .bss.print_tick
                0x20000368       0x30 ..\obj\main.o
                0x20000368                print_tick
 .bss.gx        0x20000398        0x8 ..\obj\main.o
                0x20000398                gx
 .bss.gz        0x200003a0        0x8 ..\obj\main.o
                0x200003a0                gz
 .bss.az        0x200003a8        0x8 ..\obj\main.o
                0x200003a8                az
 .bss.sensor_tick
                0x200003b0       0x30 ..\obj\main.o
                0x200003b0                sensor_tick
 .bss.IMU_tick  0x200003e0       0x30 ..\obj\main.o
                0x200003e0                IMU_tick
 .bss.sensordata
                0x20000410      0x8bc ..\obj\main.o
                0x20000410                sensordata
 .bss.gy        0x20000ccc        0x8 ..\obj\main.o
                0x20000ccc                gy
 .bss.gpsIn     0x20000cd4        0x4 ..\obj\gps.o
                0x20000cd4                gpsIn
 .bss.gps       0x20000cd8       0x6c ..\obj\gps.o
                0x20000cd8                gps
 .bss.gpsBuffer
                0x20000d44      0x100 ..\obj\gps.o
                0x20000d44                gpsBuffer
 .bss.newGPSData
                0x20000e44        0x1 ..\obj\gps.o
                0x20000e44                newGPSData
 *fill*         0x20000e45        0x3 
 .bss.gpsdata   0x20000e48       0x48 ..\obj\gps.o
                0x20000e48                gpsdata
 .bss.inc       0x20000e90        0x4 ..\obj\IMU.o
                0x20000e90                inc
 .bss.imudata   0x20000e94      0x874 ..\obj\IMU.o
                0x20000e94                imudata
 .bss.adc_inited
                0x20001708        0x4 C:\Users\Christopher\Documents\GitHub\Nucleo_IMU/mbed/TARGET_NUCLEO_L152RE/TOOLCHAIN_GCC_ARM\libmbed.a(analogin_api.o)
                0x20001708                adc_inited
 .bss.stdio_uart_inited
                0x2000170c        0x4 C:\Users\Christopher\Documents\GitHub\Nucleo_IMU/mbed/TARGET_NUCLEO_L152RE/TOOLCHAIN_GCC_ARM\libmbed.a(serial_api.o)
                0x2000170c                stdio_uart_inited
 .bss.serial_irq_ids
                0x20001710       0x14 C:\Users\Christopher\Documents\GitHub\Nucleo_IMU/mbed/TARGET_NUCLEO_L152RE/TOOLCHAIN_GCC_ARM\libmbed.a(serial_api.o)
 .bss.irq_handler
                0x20001724        0x4 C:\Users\Christopher\Documents\GitHub\Nucleo_IMU/mbed/TARGET_NUCLEO_L152RE/TOOLCHAIN_GCC_ARM\libmbed.a(serial_api.o)
 .bss.events    0x20001728        0x8 C:\Users\Christopher\Documents\GitHub\Nucleo_IMU/mbed/TARGET_NUCLEO_L152RE/TOOLCHAIN_GCC_ARM\libmbed.a(us_ticker_api.o)
 .bss.TimMasterHandle
                0x20001730       0x38 C:\Users\Christopher\Documents\GitHub\Nucleo_IMU/mbed/TARGET_NUCLEO_L152RE/TOOLCHAIN_GCC_ARM\libmbed.a(us_ticker.o)
 .bss.us_ticker_inited
                0x20001768        0x4 C:\Users\Christopher\Documents\GitHub\Nucleo_IMU/mbed/TARGET_NUCLEO_L152RE/TOOLCHAIN_GCC_ARM\libmbed.a(us_ticker.o)
 .bss._ZN4mbed8FileBase5_headE
                0x2000176c        0x4 C:\Users\Christopher\Documents\GitHub\Nucleo_IMU/mbed/TARGET_NUCLEO_L152RE/TOOLCHAIN_GCC_ARM\libmbed.a(FileBase.o)
                0x2000176c                mbed::FileBase::_head
 .bss.__malloc_sbrk_start
                0x20001770        0x4 c:/program files (x86)/gnu tools arm embedded/4.9 2014q4/bin/../lib/gcc/arm-none-eabi/4.9.3/../../../../arm-none-eabi/lib/armv7-m\libc_nano.a(lib_a-nano-mallocr.o)
                0x20001770                __malloc_sbrk_start
 .bss.__malloc_free_list
                0x20001774        0x4 c:/program files (x86)/gnu tools arm embedded/4.9 2014q4/bin/../lib/gcc/arm-none-eabi/4.9.3/../../../../arm-none-eabi/lib/armv7-m\libc_nano.a(lib_a-nano-mallocr.o)
                0x20001774                __malloc_free_list
 *(COMMON)
 COMMON         0x20001778       0x38 C:\Users\Christopher\Documents\GitHub\Nucleo_IMU/mbed/TARGET_NUCLEO_L152RE/TOOLCHAIN_GCC_ARM/hal_tick.o
                0x20001778                TimMasterHandle
 COMMON         0x200017b0       0x50 C:\Users\Christopher\Documents\GitHub\Nucleo_IMU/mbed/TARGET_NUCLEO_L152RE/TOOLCHAIN_GCC_ARM\libmbed.a(analogin_api.o)
                0x200017b0                AdcHandle
 COMMON         0x20001800       0x58 C:\Users\Christopher\Documents\GitHub\Nucleo_IMU/mbed/TARGET_NUCLEO_L152RE/TOOLCHAIN_GCC_ARM\libmbed.a(serial_api.o)
                0x20001800                UartHandle
                0x2000183c                stdio_uart